Archive member included because of file (symbol)

C:\fehqt\Proteus/EWL/lib/armv7e-m\libm.a(s_atanf.o)
                              ..\main.o (atanf)
C:\fehqt\Proteus/EWL/lib/armv7e-m\libm.a(s_cosf.o)
                              ..\main.o (cosf)
C:\fehqt\Proteus/EWL/lib/armv7e-m\libm.a(s_sinf.o)
                              ..\main.o (sinf)
C:\fehqt\Proteus/EWL/lib/armv7e-m\libm.a(w_pow.o)
                              ..\main.o (pow)
C:\fehqt\Proteus/EWL/lib/armv7e-m\libm.a(w_sqrt.o)
                              ..\main.o (sqrt)
C:\fehqt\Proteus/EWL/lib/armv7e-m\libm.a(e_pow.o)
                              C:\fehqt\Proteus/EWL/lib/armv7e-m\libm.a(w_pow.o) (__ieee754_pow)
C:\fehqt\Proteus/EWL/lib/armv7e-m\libm.a(e_rem_pio2f.o)
                              C:\fehqt\Proteus/EWL/lib/armv7e-m\libm.a(s_cosf.o) (__ieee754_rem_pio2f)
C:\fehqt\Proteus/EWL/lib/armv7e-m\libm.a(e_sqrt.o)
                              C:\fehqt\Proteus/EWL/lib/armv7e-m\libm.a(w_sqrt.o) (__ieee754_sqrt)
C:\fehqt\Proteus/EWL/lib/armv7e-m\libm.a(float.o)
                              C:\fehqt\Proteus/EWL/lib/armv7e-m\libm.a(e_pow.o) (__double_nan)
C:\fehqt\Proteus/EWL/lib/armv7e-m\libm.a(k_cosf.o)
                              C:\fehqt\Proteus/EWL/lib/armv7e-m\libm.a(s_cosf.o) (__kernel_cosf)
C:\fehqt\Proteus/EWL/lib/armv7e-m\libm.a(k_rem_pio2f.o)
                              C:\fehqt\Proteus/EWL/lib/armv7e-m\libm.a(e_rem_pio2f.o) (__kernel_rem_pio2f)
C:\fehqt\Proteus/EWL/lib/armv7e-m\libm.a(k_sinf.o)
                              C:\fehqt\Proteus/EWL/lib/armv7e-m\libm.a(s_cosf.o) (__kernel_sinf)
C:\fehqt\Proteus/EWL/lib/armv7e-m\libm.a(math_api.o)
                              C:\fehqt\Proteus/EWL/lib/armv7e-m\libm.a(e_pow.o) (__fpclassifyd)
C:\fehqt\Proteus/EWL/lib/armv7e-m\libm.a(s_floorf.o)
                              C:\fehqt\Proteus/EWL/lib/armv7e-m\libm.a(k_rem_pio2f.o) (floorf)
C:\fehqt\Proteus/EWL/lib/armv7e-m\libm.a(s_scalbnf.o)
                              C:\fehqt\Proteus/EWL/lib/armv7e-m\libm.a(k_rem_pio2f.o) (scalbnf)
C:\fehqt\Proteus/EWL/lib/armv7e-m\libm.a(scalbn.o)
                              C:\fehqt\Proteus/EWL/lib/armv7e-m\libm.a(e_pow.o) (scalbn)
C:\fehqt\Proteus/EWL/lib/armv7e-m\libm.a(s_frexp.o)
                              C:\fehqt\Proteus/EWL/lib/armv7e-m\libm.a(scalbn.o) (frexp)
C:\fehqt\Proteus/EWL/lib/armv7e-m\libm.a(s_ldexp.o)
                              C:\fehqt\Proteus/EWL/lib/armv7e-m\libm.a(scalbn.o) (ldexp)
C:\fehqt\Proteus/EWL/lib/armv7e-m\libc.a(errno.o)
                              C:\fehqt\Proteus/EWL/lib/armv7e-m\libm.a(e_pow.o) (errno)
C:\fehqt\Proteus/EWL/lib/armv7e-m\libc.a(sprintf.o)
                              Libraries\FEHLCD.o (sprintf)
C:\fehqt\Proteus/EWL/lib/armv7e-m\libc.a(vsnprintf.o)
                              C:\fehqt\Proteus/EWL/lib/armv7e-m\libc.a(sprintf.o) (vsnprintf)
C:\fehqt\Proteus/EWL/lib/armv7e-m\libc.a(vsscanf.o)
                              Libraries\FEHSD.o (vsscanf)
C:\fehqt\Proteus/EWL/lib/armv7e-m\libc.a(exit.o)
                              Startup\__arm_start.o (exit)
C:\fehqt\Proteus/EWL/lib/armv7e-m\libc.a(memcpy.o)
                              ..\main.o (memcpy)
C:\fehqt\Proteus/EWL/lib/armv7e-m\libc.a(memset.o)
                              Startup\__arm_start.o (memset)
C:\fehqt\Proteus/EWL/lib/armv7e-m\libc.a(strcmp.o)
                              Libraries\FEHLCD.o (strcmp)
C:\fehqt\Proteus/EWL/lib/armv7e-m\libc.a(strcpy.o)
                              ..\main.o (strcpy)
C:\fehqt\Proteus/EWL/lib/armv7e-m\libc.a(strlen.o)
                              Libraries\FEHLCD.o (strlen)
C:\fehqt\Proteus/EWL/lib/armv7e-m\libc.a(math_ARM.o)
                              C:\fehqt\Proteus/EWL/lib/armv7e-m\libm.a(math_api.o) (__ewl_count_bits32)
C:\fehqt\Proteus/EWL/lib/armv7e-m\libc.a(printformat_.o)
                              (__pformatter_)
C:\fehqt\Proteus/EWL/lib/armv7e-m\libc.a(scanformat_.o)
                              (__sformatter)
C:\fehqt\Proteus/EWL/lib/armv7e-m\libc.a(ctype_aeabi.o)
                              C:\fehqt\Proteus/EWL/lib/armv7e-m\libc.a(scanformat_.o) (isspace)
C:\fehqt\Proteus/EWL/lib/armv7e-m\libc.a(__strtoul.o)
                              C:\fehqt\Proteus/EWL/lib/armv7e-m\libc.a(scanformat_.o) (__strtoul)
C:\fehqt\Proteus/EWL/lib/armv7e-m\libc.a(__filll_mem.o)
                              C:\fehqt\Proteus/EWL/lib/armv7e-m\libc.a(memset.o) (__fill_mem)
C:\fehqt\Proteus/EWL/lib/armv7e-m\libc.a(memchr.o)
                              C:\fehqt\Proteus/EWL/lib/armv7e-m\libc.a(printformat_.o) (memchr)
C:\fehqt\Proteus/EWL/lib/armv7e-m\libc.a(strchr.o)
                              C:\fehqt\Proteus/EWL/lib/armv7e-m\libc.a(printformat_.o) (strchr)
c:/fehqt/proteus/gcc/bin/../lib/gcc/arm-none-eabi/4.6.2/armv7e-m\libgcc.a(_lshrdi3.o)
                              C:\fehqt\Proteus/EWL/lib/armv7e-m\libc.a(math_ARM.o) (__aeabi_llsr)
[...]
Memory Configuration

Name             Origin             Length             Attributes
m_interrupts     0x0000c000         0x00000400         xr
m_cfmprotrom     0x0000c400         0x00000010         xr
m_text           0x0000c410         0x00073bf0         xr
m_data           0x1fff0400         0x0000fc00         xrw
m_data2          0x20000000         0x00010000         xrw
*default*        0x00000000         0xffffffff

Linker script and memory map

LOAD ..\Classes.o
LOAD ..\Simulation.o
LOAD ..\main.o
LOAD Startup\__arm_start.o
LOAD Startup\__arm_end.o
LOAD Startup\kinetis_sysinit.o
LOAD Libraries\FEHMotor.o
LOAD Drivers\mcg.o
LOAD Drivers\i2c.o
LOAD Drivers\spi.o
LOAD Drivers\uart.o
LOAD Drivers\ff.o
LOAD Drivers\SDHC.o
LOAD Drivers\lptmr.o
LOAD FEHProteus.o
LOAD Drivers\FEHPropeller.o
LOAD Libraries\FEHUtility.o
LOAD Libraries\FEHIO.o
LOAD Drivers\adc16.o
LOAD Libraries\FEHBuzzer.o
LOAD Libraries\FEHServo.o
LOAD Libraries\FEHLCD.o
LOAD Libraries\FEHAccel.o
LOAD Libraries\FEHBattery.o
LOAD Drivers\FEHXBee.o
LOAD Libraries\FEHRPS.o
LOAD Libraries\FEHSD.o
                0x0001dbbc                __pformatter = __pformatter_
                [0x0001dfb4]                __sformatter = __sformatter
LOAD C:\fehqt\Proteus/EWL/lib/armv7e-m\libstdc++.a
LOAD C:\fehqt\Proteus/EWL/lib/armv7e-m\libm.a
START GROUP
LOAD C:\fehqt\Proteus/EWL/lib/armv7e-m\libc.a
LOAD C:\fehqt\Proteus/EWL/lib/armv7e-m\libc++.a
LOAD C:\fehqt\Proteus/EWL/lib/armv7e-m\libm.a
LOAD c:/fehqt/proteus/gcc/bin/../lib/gcc/arm-none-eabi/4.6.2/armv7e-m\libgcc.a
LOAD C:\fehqt\Proteus/EWL/lib/armv7e-m\librt.a
LOAD c:/fehqt/proteus/gcc/bin/../lib/gcc/arm-none-eabi/4.6.2/../../../../arm-none-eabi/lib/armv7e-m\libsupc++.a
END GROUP
                0x20000000                _estack = 0x20000000
                0x20000000                __SP_INIT = _estack
                0x00000800                __heap_size = 0x800
                0x00000800                __stack_size = 0x800

.interrupts     0x0000c000      0x1e0
                0x0000c000                __vector_table = .
                0x0000c000                . = ALIGN (0x4)
 *(.vectortable)
 .vectortable   0x0000c000      0x1e0 Startup\kinetis_sysinit.o
                0x0000c1e0                . = ALIGN (0x4)

.cfmprotect     0x0000c400        0x0
                0x0000c400                . = ALIGN (0x4)
 *(.cfmconfig)
                0x0000c400                . = ALIGN (0x4)

.text           0x0000c410    0x14670
                0x0000c410                . = ALIGN (0x4)
 *(.text)
 .text          0x0000c410      0x370 c:/fehqt/proteus/gcc/bin/../lib/gcc/arm-none-eabi/4.6.2/armv7e-m\libgcc.a(_arm_addsubdf3.o)
                0x0000c410                __aeabi_drsub
                0x0000c418                __aeabi_dsub
                0x0000c418                __subdf3
                0x0000c41c                __aeabi_dadd
                0x0000c41c                __adddf3
                0x0000c694                __floatunsidf
                0x0000c694                __aeabi_ui2d
                0x0000c6b4                __floatsidf
                0x0000c6b4                __aeabi_i2d
                0x0000c6d8                __aeabi_f2d
                0x0000c6d8                __extendsfdf2
                0x0000c714                __floatundidf
                0x0000c714                __aeabi_ul2d
                0x0000c724                __floatdidf
                0x0000c724                __aeabi_l2d
 .text          0x0000c780      0x424 c:/fehqt/proteus/gcc/bin/../lib/gcc/arm-none-eabi/4.6.2/armv7e-m\libgcc.a(_arm_muldivdf3.o)
                0x0000c780                __aeabi_dmul
                0x0000c780                __muldf3
                0x0000c9d4                __divdf3
                0x0000c9d4                __aeabi_ddiv
 .text          0x0000cba4      0x110 c:/fehqt/proteus/gcc/bin/../lib/gcc/arm-none-eabi/4.6.2/armv7e-m\libgcc.a(_arm_cmpdf2.o)
                0x0000cba4                __gtdf2
                0x0000cba4                __gedf2
                0x0000cbac                __ltdf2
                0x0000cbac                __ledf2
                0x0000cbb4                __nedf2
                0x0000cbb4                __eqdf2
                0x0000cbb4                __cmpdf2
                0x0000cc30                __aeabi_cdrcmple
                0x0000cc40                __aeabi_cdcmpeq
                0x0000cc40                __aeabi_cdcmple
                0x0000cc50                __aeabi_dcmpeq
                0x0000cc64                __aeabi_dcmplt
                0x0000cc78                __aeabi_dcmple
                0x0000cc8c                __aeabi_dcmpge
                0x0000cca0                __aeabi_dcmpgt
 .text          0x0000ccb4       0x50 c:/fehqt/proteus/gcc/bin/../lib/gcc/arm-none-eabi/4.6.2/armv7e-m\libgcc.a(_arm_fixdfsi.o)
                0x0000ccb4                __aeabi_d2iz
                0x0000ccb4                __fixdfsi
 .text          0x0000cd04       0x40 c:/fehqt/proteus/gcc/bin/../lib/gcc/arm-none-eabi/4.6.2/armv7e-m\libgcc.a(_arm_fixunsdfsi.o)
                0x0000cd04                __aeabi_d2uiz
                0x0000cd04                __fixunsdfsi
 .text          0x0000cd44       0xa0 c:/fehqt/proteus/gcc/bin/../lib/gcc/arm-none-eabi/4.6.2/armv7e-m\libgcc.a(_arm_truncdfsf2.o)
                0x0000cd44                __truncdfsf2
                0x0000cd44                __aeabi_d2f
 .text          0x0000cde4      0x21c c:/fehqt/proteus/gcc/bin/../lib/gcc/arm-none-eabi/4.6.2/armv7e-m\libgcc.a(_arm_addsubsf3.o)
                0x0000cde4                __aeabi_frsub
                0x0000cdec                __subsf3
                0x0000cdec                __aeabi_fsub
                0x0000cdf0                __aeabi_fadd
                0x0000cdf0                __addsf3
                0x0000cf50                __aeabi_ui2f
                0x0000cf50                __floatunsisf
                0x0000cf58                __aeabi_i2f
                0x0000cf58                __floatsisf
                0x0000cf74                __aeabi_ul2f
                0x0000cf74                __floatundisf
                0x0000cf84                __aeabi_l2f
                0x0000cf84                __floatdisf
 .text          0x0000d000      0x2a0 c:/fehqt/proteus/gcc/bin/../lib/gcc/arm-none-eabi/4.6.2/armv7e-m\libgcc.a(_arm_muldivsf3.o)
                0x0000d000                __mulsf3
                0x0000d000                __aeabi_fmul
                0x0000d168                __aeabi_fdiv
                0x0000d168                __divsf3
 .text          0x0000d2a0       0xec c:/fehqt/proteus/gcc/bin/../lib/gcc/arm-none-eabi/4.6.2/armv7e-m\libgcc.a(_arm_cmpsf2.o)
                0x0000d2a0                __gesf2
                0x0000d2a0                __gtsf2
                0x0000d2a8                __lesf2
                0x0000d2a8                __ltsf2
                0x0000d2b0                __nesf2
                0x0000d2b0                __eqsf2
                0x0000d2b0                __cmpsf2
                0x0000d310                __aeabi_cfrcmple
                0x0000d318                __aeabi_cfcmpeq
                0x0000d318                __aeabi_cfcmple
                0x0000d328                __aeabi_fcmpeq
                0x0000d33c                __aeabi_fcmplt
                0x0000d350                __aeabi_fcmple
                0x0000d364                __aeabi_fcmpge
                0x0000d378                __aeabi_fcmpgt
 .text          0x0000d38c       0x4c c:/fehqt/proteus/gcc/bin/../lib/gcc/arm-none-eabi/4.6.2/armv7e-m\libgcc.a(_arm_fixsfsi.o)
                0x0000d38c                __aeabi_f2iz
                0x0000d38c                __fixsfsi
 .text          0x0000d3d8      0xb54 c:/fehqt/proteus/gcc/bin/../lib/gcc/arm-none-eabi/4.6.2/armv7e-m\libgcc.a(unwind-arm.o)
                0x0000d680                _Unwind_VRS_Get
                0x0000d6c0                _Unwind_VRS_Set
                0x0000da20                __aeabi_unwind_cpp_pr2
                0x0000da24                __aeabi_unwind_cpp_pr1
                0x0000da28                __aeabi_unwind_cpp_pr0
                0x0000da2c                _Unwind_VRS_Pop
                0x0000dde0                _Unwind_GetCFA
                0x0000dde4                __gnu_Unwind_RaiseException
                0x0000de44                __gnu_Unwind_ForcedUnwind
                0x0000de58                __gnu_Unwind_Resume
                0x0000de94                __gnu_Unwind_Resume_or_Rethrow
                0x0000dea4                _Unwind_Complete
                0x0000dea8                _Unwind_DeleteException
                0x0000deb8                __gnu_Unwind_Backtrace
 .text          0x0000df2c      0x1ac c:/fehqt/proteus/gcc/bin/../lib/gcc/arm-none-eabi/4.6.2/armv7e-m\libgcc.a(libunwind.o)
                0x0000df2c                __restore_core_regs
                0x0000df2c                restore_core_regs
                0x0000df44                __gnu_Unwind_Restore_VFP
                0x0000df4c                __gnu_Unwind_Save_VFP
                0x0000df54                __gnu_Unwind_Restore_VFP_D
                0x0000df5c                __gnu_Unwind_Save_VFP_D
                0x0000df64                __gnu_Unwind_Restore_VFP_D_16_to_31
                0x0000df6c                __gnu_Unwind_Save_VFP_D_16_to_31
                0x0000df74                __gnu_Unwind_Restore_WMMXD
                0x0000dfb8                __gnu_Unwind_Save_WMMXD
                0x0000dffc                __gnu_Unwind_Restore_WMMXC
                0x0000e010                __gnu_Unwind_Save_WMMXC
                0x0000e024                ___Unwind_RaiseException
                0x0000e024                _Unwind_RaiseException
                0x0000e048                _Unwind_Resume
                0x0000e048                ___Unwind_Resume
                0x0000e06c                _Unwind_Resume_or_Rethrow
                0x0000e06c                ___Unwind_Resume_or_Rethrow
                0x0000e090                _Unwind_ForcedUnwind
                0x0000e090                ___Unwind_ForcedUnwind
                0x0000e0b4                ___Unwind_Backtrace
                0x0000e0b4                _Unwind_Backtrace
 .text          0x0000e0d8      0x374 c:/fehqt/proteus/gcc/bin/../lib/gcc/arm-none-eabi/4.6.2/armv7e-m\libgcc.a(pr-support.o)
                0x0000e12c                __gnu_unwind_execute
                0x0000e3f4                __gnu_unwind_frame
                0x0000e41c                _Unwind_GetRegionStart
                0x0000e428                _Unwind_GetLanguageSpecificData
                0x0000e43c                _Unwind_GetDataRelBase
                0x0000e444                _Unwind_GetTextRelBase
 *(.text*)
 .text._ZN7Vector2C2Ev
                0x0000e44c       0x28 ..\Simulation.o
                0x0000e44c                Vector2::Vector2()
                0x0000e44c                Vector2::Vector2()
 .text._ZN7PolygonC2Ev
                0x0000e474       0x40 ..\Simulation.o
                0x0000e474                Polygon::Polygon()
                0x0000e474                Polygon::Polygon()
 .text._ZN3CDSC2Ev
                0x0000e4b4       0x40 ..\Simulation.o
                0x0000e4b4                CDS::CDS()
                0x0000e4b4                CDS::CDS()
 .text._ZN5ServoC2Ev
                0x0000e4f4       0x40 ..\Simulation.o
                0x0000e4f4                Servo::Servo()
                0x0000e4f4                Servo::Servo()
 .text._ZN10BumpSwitchC2Ev
                0x0000e534       0x40 ..\Simulation.o
                0x0000e534                BumpSwitch::BumpSwitch()
                0x0000e534                BumpSwitch::BumpSwitch()
 .text._ZN5WheelC2Ev
                0x0000e574       0x64 ..\Simulation.o
                0x0000e574                Wheel::Wheel()
                0x0000e574                Wheel::Wheel()
 .text._ZN7VehicleC2Ev
                0x0000e5d8       0xd8 ..\Simulation.o
                0x0000e5d8                Vehicle::Vehicle()
                0x0000e5d8                Vehicle::Vehicle()
 .text._Z41__static_initialization_and_destruction_0ii
                0x0000e6b0       0x30 ..\Simulation.o
 .text._GLOBAL__sub_I_simulatedVehicle
                0x0000e6e0       0x14 ..\Simulation.o
 .text._ZSt4atanf
                0x0000e6f4       0x1c ..\main.o
                0x0000e6f4                std::atan(float)
 .text._ZSt3cosf
                0x0000e710       0x1c ..\main.o
                0x0000e710                std::cos(float)
 .text._ZSt3sinf
                0x0000e72c       0x1c ..\main.o
                0x0000e72c                std::sin(float)
 .text._ZN7Vector2C2Eff
                0x0000e748       0x28 ..\main.o
                0x0000e748                Vector2::Vector2(float, float)
                0x0000e748                Vector2::Vector2(float, float)
 .text._ZN7Vector212getMagnitudeEv
                0x0000e770       0x60 ..\main.o
                0x0000e770                Vector2::getMagnitude()
 .text._ZN7Vector213getUnitVectorEv
                0x0000e7d0       0x90 ..\main.o
                0x0000e7d0                Vector2::getUnitVector()
 .text._ZN7Vector26RotateEf
                0x0000e860       0xc0 ..\main.o
                0x0000e860                Vector2::Rotate(float)
 .text._ZN7Vector28getAngleEv
                0x0000e920       0xa0 ..\main.o
                0x0000e920                Vector2::getAngle()
 .text._ZN10IntVector2C2Eii
                0x0000e9c0       0x28 ..\main.o
                0x0000e9c0                IntVector2::IntVector2(int, int)
                0x0000e9c0                IntVector2::IntVector2(int, int)
 .text._ZN10IntVector2C2Ev
                0x0000e9e8       0x28 ..\main.o
                0x0000e9e8                IntVector2::IntVector2()
                0x0000e9e8                IntVector2::IntVector2()
 .text._ZN7VectorsC2Ev
                0x0000ea10      0x370 ..\main.o
                0x0000ea10                Vectors::Vectors()
                0x0000ea10                Vectors::Vectors()
 .text._ZN7Vectors19AlignVehicleVectorsEf
                0x0000ed80       0xc0 ..\main.o
                0x0000ed80                Vectors::AlignVehicleVectors(float)
 .text._ZN7Vectors21getAverageUnitVector2E7Vector2S0_
                0x0000ee40       0x5c ..\main.o
                0x0000ee40                Vectors::getAverageUnitVector2(Vector2, Vector2)
 .text._ZN4EdgeC2E7Vector2S0_i
                0x0000ee9c      0x138 ..\main.o
                0x0000ee9c                Edge::Edge(Vector2, Vector2, int)
                0x0000ee9c                Edge::Edge(Vector2, Vector2, int)
 .text._ZN4EdgeC2Ev
                0x0000efd4       0x48 ..\main.o
                0x0000efd4                Edge::Edge()
                0x0000efd4                Edge::Edge()
 .text._ZN3BoxC2E7Vector2ff
                0x0000f01c      0x108 ..\main.o
                0x0000f01c                Box::Box(Vector2, float, float)
                0x0000f01c                Box::Box(Vector2, float, float)
 .text._ZN3BoxC2Ev
                0x0000f124       0x3c ..\main.o
                0x0000f124                Box::Box()
                0x0000f124                Box::Box()
 .text._ZN6CircleC2E7Vector2f
                0x0000f160       0x5c ..\main.o
                0x0000f160                Circle::Circle(Vector2, float)
                0x0000f160                Circle::Circle(Vector2, float)
 .text._ZN6CircleC2Ev
                0x0000f1bc       0x3c ..\main.o
                0x0000f1bc                Circle::Circle()
                0x0000f1bc                Circle::Circle()
 .text._ZN7PolygonC2EP7Vector2i
                0x0000f1f8       0x90 ..\main.o
                0x0000f1f8                Polygon::Polygon(Vector2*, int)
                0x0000f1f8                Polygon::Polygon(Vector2*, int)
 .text._ZN7Polygon6RotateEf
                0x0000f288       0x4c ..\main.o
                0x0000f288                Polygon::Rotate(float)
 .text._ZN7Polygon9TranslateE7Vector2
                0x0000f2d4       0x98 ..\main.o
                0x0000f2d4                Polygon::Translate(Vector2)
 .text._ZN3CDSC2E7Vector2S0_
                0x0000f36c       0x78 ..\main.o
                0x0000f36c                CDS::CDS(Vector2, Vector2)
                0x0000f36c                CDS::CDS(Vector2, Vector2)
 .text._ZN3CDS11isBlueLightEv
                0x0000f3e4       0x78 ..\main.o
                0x0000f3e4                CDS::isBlueLight()
 .text._ZN3CDS10isRedLightEv
                0x0000f45c       0x78 ..\main.o
                0x0000f45c                CDS::isRedLight()
 .text._ZN3CDS7isLightEv
                0x0000f4d4       0x78 ..\main.o
                0x0000f4d4                CDS::isLight()
 .text._ZN3CDS5ValueEv
                0x0000f54c       0x18 ..\main.o
                0x0000f54c                CDS::Value()
 .text._ZN3CDS9CreateCDSEv
                0x0000f564       0x8c ..\main.o
                0x0000f564                CDS::CreateCDS()
 .text._ZN5ServoC2E7Vector2S0_f
                0x0000f5f0       0x80 ..\main.o
                0x0000f5f0                Servo::Servo(Vector2, Vector2, float)
                0x0000f5f0                Servo::Servo(Vector2, Vector2, float)
 .text._ZN5Servo9SetDegreeEf
                0x0000f670       0x1c ..\main.o
                0x0000f670                Servo::SetDegree(float)
 .text._ZN5Servo11CreateServoEv
                0x0000f68c       0x9c ..\main.o
                0x0000f68c                Servo::CreateServo()
 .text._ZN10BumpSwitchC2E7Vector2S0_
                0x0000f728       0x78 ..\main.o
                0x0000f728                BumpSwitch::BumpSwitch(Vector2, Vector2)
                0x0000f728                BumpSwitch::BumpSwitch(Vector2, Vector2)
 .text._ZN10BumpSwitch5ValueEv
                0x0000f7a0       0x1c ..\main.o
                0x0000f7a0                BumpSwitch::Value()
 .text._ZN10BumpSwitch6RotateEf
                0x0000f7bc       0x2c ..\main.o
                0x0000f7bc                BumpSwitch::Rotate(float)
 .text._ZN10BumpSwitch16CreateBumpSwitchEv
                0x0000f7e8       0x8c ..\main.o
                0x0000f7e8                BumpSwitch::CreateBumpSwitch()
 .text._ZN5WheelC2E7Vector2S0_ff
                0x0000f874       0xa8 ..\main.o
                0x0000f874                Wheel::Wheel(Vector2, Vector2, float, float)
                0x0000f874                Wheel::Wheel(Vector2, Vector2, float, float)
 .text._ZN5Wheel4StopEv
                0x0000f91c       0x20 ..\main.o
                0x0000f91c                Wheel::Stop()
 .text._ZN5Wheel10SetPercentEf
                0x0000f93c       0x1c ..\main.o
                0x0000f93c                Wheel::SetPercent(float)
 .text._ZN5Wheel6RotateEf
                0x0000f958       0x38 ..\main.o
                0x0000f958                Wheel::Rotate(float)
 .text._ZN5Wheel11CreateWheelEv
                0x0000f990      0x19c ..\main.o
                0x0000f990                Wheel::CreateWheel()
 .text._ZN7VehicleC2E7Vector2S0_S0_7Polygon5Servo3CDSP5WheeliP10BumpSwitchif
                0x0000fb2c      0x298 ..\main.o
                0x0000fb2c                Vehicle::Vehicle(Vector2, Vector2, Vector2, Polygon, Servo, CDS, Wheel*, int, BumpSwitch*, int, float)
                0x0000fb2c                Vehicle::Vehicle(Vector2, Vector2, Vector2, Polygon, Servo, CDS, Wheel*, int, BumpSwitch*, int, float)
 .text._ZN7Vehicle4TurnEf
                0x0000fdc4       0x74 ..\main.o
                0x0000fdc4                Vehicle::Turn(float)
 .text._ZN7Vehicle4MoveE7Vector2f
                0x0000fe38      0x170 ..\main.o
                0x0000fe38                Vehicle::Move(Vector2, float)
 .text._ZN7Vehicle4StopEv
                0x0000ffa8       0x34 ..\main.o
                0x0000ffa8                Vehicle::Stop()
 .text._ZN7Vehicle11AddRotationEf
                0x0000ffdc       0xb8 ..\main.o
                0x0000ffdc                Vehicle::AddRotation(float)
 .text._ZN6ButtonC2E3BoxPci
                0x00010094       0x6c ..\main.o
                0x00010094                Button::Button(Box, char*, int)
                0x00010094                Button::Button(Box, char*, int)
 .text._ZN6ButtonC2Ev
                0x00010100       0x1c ..\main.o
                0x00010100                Button::Button()
                0x00010100                Button::Button()
 .text._ZN6Button14IsBeingPressedE7Vector2
                0x0001011c       0x38 ..\main.o
                0x0001011c                Button::IsBeingPressed(Vector2)
 .text._ZN6Button14IsWithinBoundsE7Vector2
                0x00010154       0xd8 ..\main.o
                0x00010154                Button::IsWithinBounds(Vector2)
 .text._ZN6Button10DrawButtonEv
                0x0001022c       0x28 ..\main.o
                0x0001022c                Button::DrawButton()
 .text._ZN6Button19DrawUnpressedButtonEv
                0x00010254      0x3e8 ..\main.o
                0x00010254                Button::DrawUnpressedButton()
 .text._ZN6Button17DrawPressedButtonEv
                0x0001063c      0x46c ..\main.o
                0x0001063c                Button::DrawPressedButton()
 .text._ZN10SimulationC2Ev
                0x00010aa8       0x18 ..\main.o
                0x00010aa8                Simulation::Simulation()
                0x00010aa8                Simulation::Simulation()
 .text.main     0x00010ac0       0x80 ..\main.o
                0x00010ac0                main
 .text._ZN6CourseC2E7Vector2f
                0x00010b40      0x580 ..\main.o
                0x00010b40                Course::Course(Vector2, float)
                0x00010b40                Course::Course(Vector2, float)
 .text._ZN6CourseC2Ev
                0x000110c0       0xb8 ..\main.o
                0x000110c0                Course::Course()
                0x000110c0                Course::Course()
 .text._ZN6Course10DrawCourseEv
                0x00011178      0x1bc ..\main.o
                0x00011178                Course::DrawCourse()
 .text._ZN6Course16DrawCourseObjectE3Box
                0x00011334       0x88 ..\main.o
                0x00011334                Course::DrawCourseObject(Box)
 .text._ZN6Course16DrawCourseObjectE6Circle
                0x000113bc       0x54 ..\main.o
                0x000113bc                Course::DrawCourseObject(Circle)
 .text._ZN6Course16DrawCourseObjectE4Edge
                0x00011410       0x78 ..\main.o
                0x00011410                Course::DrawCourseObject(Edge)
 .text._ZN6Course20DrawRealCourseObjectE4Edge
                0x00011488       0x78 ..\main.o
                0x00011488                Course::DrawRealCourseObject(Edge)
 .text._ZN6Course20DrawRealCourseObjectE7Polygon
                0x00011500      0x154 ..\main.o
                0x00011500                Course::DrawRealCourseObject(Polygon)
 .text._ZN6Course10PlotVectorE7Vector2S0_
                0x00011654       0x84 ..\main.o
                0x00011654                Course::PlotVector(Vector2, Vector2)
 .text._ZN6Course12DrawRealTextE7Vector2PKc
                0x000116d8       0x70 ..\main.o
                0x000116d8                Course::DrawRealText(Vector2, char const*)
 .text._ZN6Course15DrawRealVehicleE7Vehicle
                0x00011748      0x4a0 ..\main.o
                0x00011748                Course::DrawRealVehicle(Vehicle)
 .text._ZN6Course16ToGlobalPositionE7Vector2
                0x00011be8       0x68 ..\main.o
                0x00011be8                Course::ToGlobalPosition(Vector2)
 .text._ZN6Course20ToRealGlobalPositionE7Vector2
                0x00011c50       0x68 ..\main.o
                0x00011c50                Course::ToRealGlobalPosition(Vector2)
 .text._ZN5StateC2Ev
                0x00011cb8       0x20 ..\main.o
                0x00011cb8                State::State()
                0x00011cb8                State::State()
 .text._ZN5State2GoEv
                0x00011cd8       0x18 ..\main.o
                0x00011cd8                State::Go()
 .text._ZN9StateVoidC2EP9NavigatorMS0_FbvE
                0x00011cf0       0x44 ..\main.o
                0x00011cf0                StateVoid::StateVoid(Navigator*, bool (Navigator::*)())
                0x00011cf0                StateVoid::StateVoid(Navigator*, bool (Navigator::*)())
 .text._ZN9StateVoid2GoEv
                0x00011d34       0x54 ..\main.o
                0x00011d34                StateVoid::Go()
 .text._ZN10StateVFFIIC2EP9NavigatorMS0_Fb7Vector2ffiiES2_ffii
                0x00011d88       0x7c ..\main.o
                0x00011d88                StateVFFII::StateVFFII(Navigator*, bool (Navigator::*)(Vector2, float, float, int, int), Vector2, float, float, int, int)
                0x00011d88                StateVFFII::StateVFFII(Navigator*, bool (Navigator::*)(Vector2, float, float, int, int), Vector2, float, float, int, int)
 .text._ZN10StateVFFII2GoEv
                0x00011e04       0x80 ..\main.o
                0x00011e04                StateVFFII::Go()
 .text._ZN9StateVFFIC2EP9NavigatorMS0_Fb7Vector2ffiES2_ffi
                0x00011e84       0x74 ..\main.o
                0x00011e84                StateVFFI::StateVFFI(Navigator*, bool (Navigator::*)(Vector2, float, float, int), Vector2, float, float, int)
                0x00011e84                StateVFFI::StateVFFI(Navigator*, bool (Navigator::*)(Vector2, float, float, int), Vector2, float, float, int)
 .text._ZN9StateVFFI2GoEv
                0x00011ef8       0x7c ..\main.o
                0x00011ef8                StateVFFI::Go()
 .text._ZN8StateVFFC2EP9NavigatorMS0_Fb7Vector2ffES2_ff
                0x00011f74       0x70 ..\main.o
                0x00011f74                StateVFF::StateVFF(Navigator*, bool (Navigator::*)(Vector2, float, float), Vector2, float, float)
                0x00011f74                StateVFF::StateVFF(Navigator*, bool (Navigator::*)(Vector2, float, float), Vector2, float, float)
 .text._ZN8StateVFF2GoEv
                0x00011fe4       0x74 ..\main.o
                0x00011fe4                StateVFF::Go()
 .text._ZN8StateVFIC2EP9NavigatorMS0_Fb7Vector2fiES2_fi
                0x00012058       0x70 ..\main.o
                0x00012058                StateVFI::StateVFI(Navigator*, bool (Navigator::*)(Vector2, float, int), Vector2, float, int)
                0x00012058                StateVFI::StateVFI(Navigator*, bool (Navigator::*)(Vector2, float, int), Vector2, float, int)
 .text._ZN8StateVFI2GoEv
                0x000120c8       0x74 ..\main.o
                0x000120c8                StateVFI::Go()
 .text._ZN8StateFFIC2EP9NavigatorMS0_FbffiEffi
                0x0001213c       0x58 ..\main.o
                0x0001213c                StateFFI::StateFFI(Navigator*, bool (Navigator::*)(float, float, int), float, float, int)
                0x0001213c                StateFFI::StateFFI(Navigator*, bool (Navigator::*)(float, float, int), float, float, int)
 .text._ZN8StateFFI2GoEv
                0x00012194       0x60 ..\main.o
                0x00012194                StateFFI::Go()
 .text._ZN7StateFFC2EP9NavigatorMS0_FbffEff
                0x000121f4       0x50 ..\main.o
                0x000121f4                StateFF::StateFF(Navigator*, bool (Navigator::*)(float, float), float, float)
                0x000121f4                StateFF::StateFF(Navigator*, bool (Navigator::*)(float, float), float, float)
 .text._ZN7StateFF2GoEv
                0x00012244       0x58 ..\main.o
                0x00012244                StateFF::Go()
 .text._ZN6StateFC2EP9NavigatorMS0_FbfEf
                0x0001229c       0x4c ..\main.o
                0x0001229c                StateF::StateF(Navigator*, bool (Navigator::*)(float), float)
                0x0001229c                StateF::StateF(Navigator*, bool (Navigator::*)(float), float)
 .text._ZN6StateF2GoEv
                0x000122e8       0x58 ..\main.o
                0x000122e8                StateF::Go()
 .text._ZN12StateMachineC2Efi
                0x00012340       0x34 ..\main.o
                0x00012340                StateMachine::StateMachine(float, int)
                0x00012340                StateMachine::StateMachine(float, int)
 .text._ZN12StateMachineC2Ev
                0x00012374       0x38 ..\main.o
                0x00012374                StateMachine::StateMachine()
                0x00012374                StateMachine::StateMachine()
 .text._ZN12StateMachine3AddEP5State
                0x000123ac       0x2c ..\main.o
                0x000123ac                StateMachine::Add(State*)
 .text._ZN12StateMachine4NextEv
                0x000123d8       0x5c ..\main.o
                0x000123d8                StateMachine::Next()
 .text._ZN12StateMachine6UpdateEv
                0x00012434       0x40 ..\main.o
                0x00012434                StateMachine::Update()
 .text._ZN12StateMachine5StartEv
                0x00012474       0x34 ..\main.o
                0x00012474                StateMachine::Start()
 .text._ZN12StateMachine5ResetEv
                0x000124a8       0x1c ..\main.o
                0x000124a8                StateMachine::Reset()
 .text._ZN9NavigatorC2EP7Vehicle
                0x000124c4       0xd8 ..\main.o
                0x000124c4                Navigator::Navigator(Vehicle*)
                0x000124c4                Navigator::Navigator(Vehicle*)
 .text._ZN9NavigatorC2Ev
                0x0001259c       0x2c ..\main.o
                0x0001259c                Navigator::Navigator()
                0x0001259c                Navigator::Navigator()
 .text._ZN9Navigator11TurnDegreesEff
                0x000125c8      0x140 ..\main.o
                0x000125c8                Navigator::TurnDegrees(float, float)
 .text._ZN9Navigator11StopVehicleEf
                0x00012708       0x6c ..\main.o
                0x00012708                Navigator::StopVehicle(float)
 .text._ZN9Navigator6TurnCWEff
                0x00012774       0x28 ..\main.o
                0x00012774                Navigator::TurnCW(float, float)
 .text._ZN9Navigator7TurnCCWEff
                0x0001279c       0x30 ..\main.o
                0x0001279c                Navigator::TurnCCW(float, float)
 .text._ZN9Navigator15TurnUntilBumpCWEffi
                0x000127cc       0x60 ..\main.o
                0x000127cc                Navigator::TurnUntilBumpCW(float, float, int)
 .text._ZN9Navigator12MoveDurationE7Vector2ff
                0x0001282c       0x80 ..\main.o
                0x0001282c                Navigator::MoveDuration(Vector2, float, float)
 *fill*         0x000128ac        0x4 00
 .text._ZN9Navigator21MoveDurationBlueShiftEv
                0x000128b0      0x138 ..\main.o
                0x000128b0                Navigator::MoveDurationBlueShift()
 .text._ZN9Navigator22MoveWhileFlushDurationE7Vector2ffii
                0x000129e8      0x1b8 ..\main.o
                0x000129e8                Navigator::MoveWhileFlushDuration(Vector2, float, float, int, int)
 .text._ZN9Navigator13MoveUntilBumpE7Vector2fi
                0x00012ba0       0x5c ..\main.o
                0x00012ba0                Navigator::MoveUntilBump(Vector2, float, int)
 .text._ZN9Navigator21MoveUntilBumpDurationE7Vector2ffi
                0x00012bfc       0xbc ..\main.o
                0x00012bfc                Navigator::MoveUntilBumpDuration(Vector2, float, float, int)
 .text._ZN9Navigator13SetServoAngleEff
                0x00012cb8       0x74 ..\main.o
                0x00012cb8                Navigator::SetServoAngle(float, float)
 *fill*         0x00012d2c        0x4 00
 .text._ZN9Navigator5DoDDREv
                0x00012d30       0x60 ..\main.o
                0x00012d30                Navigator::DoDDR()
 .text._ZN9Navigator12WaitForLightEv
                0x00012d90       0x24 ..\main.o
                0x00012d90                Navigator::WaitForLight()
 .text._ZN9Navigator6UpdateEv
                0x00012db4       0x20 ..\main.o
                0x00012db4                Navigator::Update()
 .text._ZN9Navigator20PerformanceTestTwoD1Ev
                0x00012dd4      0xcf8 ..\main.o
                0x00012dd4                Navigator::PerformanceTestTwoD1()
 .text._ZN9Navigator5ResetEv
                0x00013acc       0x28 ..\main.o
                0x00013acc                Navigator::Reset()
 .text._ZN9Navigator5StartEv
                0x00013af4       0x1c ..\main.o
                0x00013af4                Navigator::Start()
 .text._Z4Initv
                0x00013b10      0xed0 ..\main.o
                0x00013b10                Init()
 .text._Z14DrawEverythingv
                0x000149e0      0x12c ..\main.o
                0x000149e0                DrawEverything()
 .text._Z8mainLoopv
                0x00014b0c      0x198 ..\main.o
                0x00014b0c                mainLoop()
 .text._Z7DrawBox3Box
                0x00014ca4       0x60 ..\main.o
                0x00014ca4                DrawBox(Box)
 .text._Z8DrawEdge4Edge
                0x00014d04       0x64 ..\main.o
                0x00014d04                DrawEdge(Edge)
 .text._Z10DrawCircle6Circle
                0x00014d68       0x48 ..\main.o
                0x00014d68                DrawCircle(Circle)
 .text._Z9UpdateCDSv
                0x00014db0       0x20 ..\main.o
                0x00014db0                UpdateCDS()
 .text._Z12UpdateServosv
                0x00014dd0       0x20 ..\main.o
                0x00014dd0                UpdateServos()
 .text._Z12UpdateMotorsv
                0x00014df0       0x54 ..\main.o
                0x00014df0                UpdateMotors()
 .text._Z11UpdateBumpsv
                0x00014e44       0xb0 ..\main.o
                0x00014e44                UpdateBumps()
 .text._Z19UpdateHardwareInputv
                0x00014ef4       0x10 ..\main.o
                0x00014ef4                UpdateHardwareInput()
 .text._Z20UpdateHardwareOutputv
                0x00014f04       0x10 ..\main.o
                0x00014f04                UpdateHardwareOutput()
 .text._Z18PrintMotorPercentsv
                0x00014f14        0xc ..\main.o
                0x00014f14                PrintMotorPercents()
 .text._ZSt3powIfdENSt15__ewl_enable_ifIXaasrSt19__ewl_is_arithmeticIT_E5valuesrS1_IT0_E5valueENSt13__ewl_promoteIS2_S4_vE4typeEE4typeES2_S4_
                0x00014f20       0x34 ..\main.o
                0x00014f20                std::__ewl_enable_if<(std::__ewl_is_arithmetic<float>::value)&&(std::__ewl_is_arithmetic<double>::value), std::__ewl_promote<float, double, void>::type>::type std::pow<float, double>(float, double)
 .text._Z41__static_initialization_and_destruction_0ii
                0x00014f54      0x158 ..\main.o
 .text._GLOBAL__sub_I_timeSinceLastCodeCall
                0x000150ac       0x14 ..\main.o
 .text.zero_fill_bss
                0x000150c0       0x34 Startup\__arm_start.o
 .text.__thumb_startup
                0x000150f4       0x34 Startup\__arm_start.o
                0x000150f4                __thumb_startup
 .text.InitFEHProteus
                0x00015128      0x15c Startup\__arm_start.o
                0x00015128                InitFEHProteus
 .text.pll_init_bl
                0x00015284      0x130 Startup\__arm_start.o
 .text.InitPowerButton
                0x000153b4       0x90 Startup\__arm_start.o
                0x000153b4                InitPowerButton
 .text._ExitProcess
                0x00015444        0xc Startup\__arm_end.o
                0x00015444                _ExitProcess
 .text.Default_Handler
                0x00015450        0xc Startup\kinetis_sysinit.o
                0x00015450                BusFault_Handler()
                0x00015450                HardFault_Handler()
                0x00015450                SysTick_Handler()
                0x00015450                PendSV_Handler()
                0x00015450                DebugMonitor_Handler()
                0x00015450                MemManage_Handler()
                0x00015450                NMI_Handler()
                0x00015450                SVC_Handler()
                0x00015450                Default_Handler
                0x00015450                UsageFault_Handler()
 .text.__init_hardware
                0x0001545c       0x44 Startup\kinetis_sysinit.o
                0x0001545c                __init_hardware
 .text._Z8PortDISRv
                0x000154a0       0x64 Startup\kinetis_sysinit.o
                0x000154a0                PortDISR()
 *fill*         0x00015504        0x4 00
 .text._ZN8FEHMotorC2ENS_12FEHMotorPortEf
                0x00015508       0xb0 Libraries\FEHMotor.o
                0x00015508                FEHMotor::FEHMotor(FEHMotor::FEHMotorPort, float)
                0x00015508                FEHMotor::FEHMotor(FEHMotor::FEHMotorPort, float)
 .text._ZN8FEHMotor8SetPowerEi
                0x000155b8       0x60 Libraries\FEHMotor.o
                0x000155b8                FEHMotor::SetPower(int)
 .text._ZN8FEHMotor10SetPercentEf
                0x00015618      0x158 Libraries\FEHMotor.o
                0x00015618                FEHMotor::SetPercent(float)
 .text._Z21IIC_StartTransmissionhh
                0x00015770       0x98 Drivers\i2c.o
                0x00015770                IIC_StartTransmission(unsigned char, unsigned char)
 .text._Z5Pausev
                0x00015808       0x34 Drivers\i2c.o
                0x00015808                Pause()
 .text._Z21MMA8451QWriteRegisterhh
                0x0001583c      0x12c Drivers\i2c.o
                0x0001583c                MMA8451QWriteRegister(unsigned char, unsigned char)
 .text._Z12SPI_SendCharh
                0x00015968       0x1c Drivers\spi.o
                0x00015968                SPI_SendChar(unsigned char)
 .text._Z16SPI_WriteCommandhh
                0x00015984       0x34 Drivers\spi.o
                0x00015984                SPI_WriteCommand(unsigned char, unsigned char)
 .text._Z11SPI_GetCharv
                0x000159b8       0x14 Drivers\spi.o
                0x000159b8                SPI_GetChar()
 .text._Z15SPI_ReadCommandh
                0x000159cc       0x3c Drivers\spi.o
                0x000159cc                SPI_ReadCommand(unsigned char)
 .text._Z13SPI_CS_Assertv
                0x00015a08       0x24 Drivers\spi.o
                0x00015a08                SPI_CS_Assert()
 .text._Z15SPI_CS_Deassertv
                0x00015a2c       0x24 Drivers\spi.o
                0x00015a2c                SPI_CS_Deassert()
 .text._Z12SPI_Transferh
                0x00015a50       0x88 Drivers\spi.o
                0x00015a50                SPI_Transfer(unsigned char)
 .text._Z8SPI_Initv
                0x00015ad8       0xe8 Drivers\spi.o
                0x00015ad8                SPI_Init()
 .text._Z9uart_initPV11UART_MemMapii
                0x00015bc0      0x20c Drivers\uart.o
                0x00015bc0                uart_init(UART_MemMap volatile*, int, int)
 .text._Z12uart_getcharPV11UART_MemMap
                0x00015dcc       0x34 Drivers\uart.o
                0x00015dcc                uart_getchar(UART_MemMap volatile*)
 .text._Z12uart_putcharPV11UART_MemMapc
                0x00015e00       0x38 Drivers\uart.o
                0x00015e00                uart_putchar(UART_MemMap volatile*, char)
 .text._ZL7mem_setPvij
                0x00015e38       0x44 Drivers\ff.o
 .text._ZL11move_windowP5FATFSm
                0x00015e7c       0xf0 Drivers\ff.o
 .text._ZL4syncP5FATFS
                0x00015f6c      0x188 Drivers\ff.o
 .text._ZL8validateP5FATFSt
                0x000160f4       0x54 Drivers\ff.o
 .text._Z6f_syncP3FIL
                0x00016148      0x1c0 Drivers\ff.o
                0x00016148                f_sync(FIL*)
 .text._Z7f_closeP3FIL
                0x00016308       0x2c Drivers\ff.o
                0x00016308                f_close(FIL*)
 .text._ZL17SDHC_set_baudratemm
                0x00016334      0x14c Drivers\SDHC.o
 .text._Z9SDHC_initP17esdhc_info_structPK17esdhc_init_struct
                0x00016480      0x1c4 Drivers\SDHC.o
                0x00016480                SDHC_init(esdhc_info_struct*, esdhc_init_struct const*)
 .text._ZL15SDHC_is_runningv
                0x00016644       0x28 Drivers\SDHC.o
 .text._ZL16SDHC_status_waitm
                0x0001666c       0x38 Drivers\SDHC.o
 .text._ZL17SDHC_send_commandP20esdhc_command_struct
                0x000166a4      0x2a0 Drivers\SDHC.o
 .text._Z10SDHC_ioctlmPv
                0x00016944      0x978 Drivers\SDHC.o
                0x00016944                SDHC_ioctl(unsigned long, void*)
 .text._ZL14rcvr_datablockPhm
                0x000172bc      0x134 Drivers\SDHC.o
 .text._Z9disk_readhPhmh
                0x000173f0      0x13c Drivers\SDHC.o
                0x000173f0                disk_read(unsigned char, unsigned char*, unsigned long, unsigned char)
 .text._ZL14xmit_datablockPKhm
                0x0001752c       0xe0 Drivers\SDHC.o
 .text._Z10disk_writehPKhmh
                0x0001760c      0x1cc Drivers\SDHC.o
                0x0001760c                disk_write(unsigned char, unsigned char const*, unsigned long, unsigned char)
 .text._Z10disk_ioctlhhPv
                0x000177d8      0x128 Drivers\SDHC.o
                0x000177d8                disk_ioctl(unsigned char, unsigned char, void*)
 .text._Z11disk_statush
                0x00017900       0x30 Drivers\SDHC.o
                0x00017900                disk_status(unsigned char)
 .text._Z13time_delay_msm
                0x00017930       0xa4 Drivers\lptmr.o
                0x00017930                time_delay_ms(unsigned long)
 .text._Z41__static_initialization_and_destruction_0ii
                0x000179d4       0x30 FEHProteus.o
 .text._GLOBAL__sub_I_Propeller
                0x00017a04       0x14 FEHProteus.o
 .text._ZN12FEHPropellerC2Ev
                0x00017a18       0x20 Drivers\FEHPropeller.o
                0x00017a18                FEHPropeller::FEHPropeller()
                0x00017a18                FEHPropeller::FEHPropeller()
 .text._ZN12FEHPropeller10InitializeEv
                0x00017a38       0x94 Drivers\FEHPropeller.o
                0x00017a38                FEHPropeller::Initialize()
 .text._ZN12FEHPropeller12SetMotorRateEhhh
                0x00017acc       0x78 Drivers\FEHPropeller.o
                0x00017acc                FEHPropeller::SetMotorRate(unsigned char, unsigned char, unsigned char)
 .text._ZL5Delaymjj
                0x00017b44       0xc4 Libraries\FEHUtility.o
 .text._Z5Sleepi
                0x00017c08       0x34 Libraries\FEHUtility.o
                0x00017c08                Sleep(int)
 *fill*         0x00017c3c        0x4 00
 .text._Z5Sleepd
                0x00017c40       0x58 Libraries\FEHUtility.o
                0x00017c40                Sleep(double)
 .text._Z7TimeNowv
                0x00017c98       0x70 Libraries\FEHUtility.o
                0x00017c98                TimeNow()
 .text._ZN15DigitalInputPinC2EN5FEHIO8FEHIOPinE
                0x00017d08       0x24 Libraries\FEHIO.o
                0x00017d08                DigitalInputPin::DigitalInputPin(FEHIO::FEHIOPin)
                0x00017d08                DigitalInputPin::DigitalInputPin(FEHIO::FEHIOPin)
 .text._ZN15DigitalInputPin10InitializeEN5FEHIO8FEHIOPinE
                0x00017d2c      0x224 Libraries\FEHIO.o
                0x00017d2c                DigitalInputPin::Initialize(FEHIO::FEHIOPin)
 .text._ZN15DigitalInputPin5ValueEv
                0x00017f50      0x148 Libraries\FEHIO.o
                0x00017f50                DigitalInputPin::Value()
 .text._Z9portB_isrv
                0x00018098       0xd4 Libraries\FEHIO.o
                0x00018098                portB_isr()
 .text._Z9portC_isrv
                0x0001816c       0xd8 Libraries\FEHIO.o
                0x0001816c                portC_isr()
 .text._Z9portA_isrv
                0x00018244       0xd8 Libraries\FEHIO.o
                0x00018244                portA_isr()
 .text._Z9portE_isrv
                0x0001831c       0xd0 Libraries\FEHIO.o
                0x0001831c                portE_isr()
 .text._ZN14AnalogInputPinC2EN5FEHIO8FEHIOPinE
                0x000183ec       0x20 Libraries\FEHIO.o
                0x000183ec                AnalogInputPin::AnalogInputPin(FEHIO::FEHIOPin)
                0x000183ec                AnalogInputPin::AnalogInputPin(FEHIO::FEHIOPin)
 *fill*         0x0001840c        0x4 00
 .text._ZN14AnalogInputPin5ValueEv
                0x00018410      0x180 Libraries\FEHIO.o
                0x00018410                AnalogInputPin::Value()
 .text._ZN13AnalogEncoder12EncoderValueEv
                0x00018590       0xe4 Libraries\FEHIO.o
                0x00018590                AnalogEncoder::EncoderValue()
 .text._ZN14AnalogInputPin8InitADCsEv
                0x00018674      0x120 Libraries\FEHIO.o
                0x00018674                AnalogInputPin::InitADCs()
 .text._Z8pit0_isrv
                0x00018794       0x34 Libraries\FEHIO.o
                0x00018794                pit0_isr()
 .text._ZN13AnalogEncoder4InitEv
                0x000187c8       0x64 Libraries\FEHIO.o
                0x000187c8                AnalogEncoder::Init()
 .text._ZN13AnalogEncoder14SetCounterInitEj
                0x0001882c       0x20 Libraries\FEHIO.o
                0x0001882c                AnalogEncoder::SetCounterInit(unsigned int)
 .text._ZN13AnalogEncoder10ProcessIntEv
                0x0001884c       0x80 Libraries\FEHIO.o
                0x0001884c                AnalogEncoder::ProcessInt()
 .text._ZN13AnalogEncoder14ProcessIntSelfEv
                0x000188cc       0x80 Libraries\FEHIO.o
                0x000188cc                AnalogEncoder::ProcessIntSelf()
 .text._Z7ADC_CalPV10ADC_MemMap
                0x0001894c      0x14c Drivers\adc16.o
                0x0001894c                ADC_Cal(ADC_MemMap volatile*)
 .text._Z14ADC_Config_AltPV10ADC_MemMapP7adc_cfg
                0x00018a98       0x6c Drivers\adc16.o
                0x00018a98                ADC_Config_Alt(ADC_MemMap volatile*, adc_cfg*)
 .text._ZN9FEHBuzzerC2Ev
                0x00018b04       0x18 Libraries\FEHBuzzer.o
                0x00018b04                FEHBuzzer::FEHBuzzer()
                0x00018b04                FEHBuzzer::FEHBuzzer()
 .text._Z41__static_initialization_and_destruction_0ii
                0x00018b1c       0x30 Libraries\FEHBuzzer.o
 .text._GLOBAL__sub_I_Buzzer
                0x00018b4c       0x14 Libraries\FEHBuzzer.o
 .text._ZN8FEHServoC2ENS_12FEHServoPortE
                0x00018b60       0x3c Libraries\FEHServo.o
                0x00018b60                FEHServo::FEHServo(FEHServo::FEHServoPort)
                0x00018b60                FEHServo::FEHServo(FEHServo::FEHServoPort)
 .text._ZN8FEHServo6SetMinEi
                0x00018b9c       0x3c Libraries\FEHServo.o
                0x00018b9c                FEHServo::SetMin(int)
 .text._ZN8FEHServo6SetMaxEi
                0x00018bd8       0x3c Libraries\FEHServo.o
                0x00018bd8                FEHServo::SetMax(int)
 *fill*         0x00018c14        0x4 00
 .text._ZN8FEHServo9SetDegreeEf
                0x00018c18      0x148 Libraries\FEHServo.o
                0x00018c18                FEHServo::SetDegree(float)
 .text._ZN6FEHLCD11_InitializeEv
                0x00018d60      0x5dc Libraries\FEHLCD.o
                0x00018d60                FEHLCD::_Initialize()
 .text._ZN6FEHLCDC2Ev
                0x0001933c       0x64 Libraries\FEHLCD.o
                0x0001933c                FEHLCD::FEHLCD()
                0x0001933c                FEHLCD::FEHLCD()
 .text._ZN6FEHLCD10InitializeEv
                0x000193a0       0x38 Libraries\FEHLCD.o
                0x000193a0                FEHLCD::Initialize()
 .text._ZN6FEHLCD10PrintImageEii
                0x000193d8      0x100 Libraries\FEHLCD.o
                0x000193d8                FEHLCD::PrintImage(int, int)
 .text._ZN6FEHLCD9PrintLogoEii
                0x000194d8      0x100 Libraries\FEHLCD.o
                0x000194d8                FEHLCD::PrintLogo(int, int)
 .text._ZN6FEHLCD22ConvertFEHColorTo24BitENS_11FEHLCDColorE
                0x000195d8       0x80 Libraries\FEHLCD.o
                0x000195d8                FEHLCD::ConvertFEHColorTo24Bit(FEHLCD::FEHLCDColor)
 .text._ZN6FEHLCD24Convert24BitColorTo16BitEj
                0x00019658       0x40 Libraries\FEHLCD.o
                0x00019658                FEHLCD::Convert24BitColorTo16Bit(unsigned int)
 .text._ZN6FEHLCD22ConvertRGBColorTo16BitEhhh
                0x00019698       0x44 Libraries\FEHLCD.o
                0x00019698                FEHLCD::ConvertRGBColorTo16Bit(unsigned char, unsigned char, unsigned char)
 .text._ZN6FEHLCD5ClearENS_11FEHLCDColorE
                0x000196dc       0x28 Libraries\FEHLCD.o
                0x000196dc                FEHLCD::Clear(FEHLCD::FEHLCDColor)
 .text._ZN6FEHLCD5ClearEj
                0x00019704       0x2c Libraries\FEHLCD.o
                0x00019704                FEHLCD::Clear(unsigned int)
 .text._ZN6FEHLCD18SetBackgroundColorENS_11FEHLCDColorE
                0x00019730       0x28 Libraries\FEHLCD.o
                0x00019730                FEHLCD::SetBackgroundColor(FEHLCD::FEHLCDColor)
 .text._ZN6FEHLCD18SetBackgroundColorEj
                0x00019758       0x28 Libraries\FEHLCD.o
                0x00019758                FEHLCD::SetBackgroundColor(unsigned int)
 .text._ZN6FEHLCD12SetFontColorENS_11FEHLCDColorE
                0x00019780       0x28 Libraries\FEHLCD.o
                0x00019780                FEHLCD::SetFontColor(FEHLCD::FEHLCDColor)
 .text._ZN6FEHLCD12SetFontColorEj
                0x000197a8       0x28 Libraries\FEHLCD.o
                0x000197a8                FEHLCD::SetFontColor(unsigned int)
 .text._ZN6FEHLCD7WriteAtEPKcii
                0x000197d0       0x58 Libraries\FEHLCD.o
                0x000197d0                FEHLCD::WriteAt(char const*, int, int)
 .text._ZN6FEHLCD11TS_SPI_InitEv
                0x00019828       0xa8 Libraries\FEHLCD.o
                0x00019828                FEHLCD::TS_SPI_Init()
 .text._ZN6FEHLCD5TouchEPfS0_
                0x000198d0      0x240 Libraries\FEHLCD.o
                0x000198d0                FEHLCD::Touch(float*, float*)
 .text._ZN6FEHLCD3absEi
                0x00019b10       0x28 Libraries\FEHLCD.o
                0x00019b10                FEHLCD::abs(int)
 .text._ZN6FEHLCD5WriteEPKc
                0x00019b38       0x5c Libraries\FEHLCD.o
                0x00019b38                FEHLCD::Write(char const*)
 .text._ZN6FEHLCD5WriteEf
                0x00019b94       0xdc Libraries\FEHLCD.o
                0x00019b94                FEHLCD::Write(float)
 .text._ZN6FEHLCD9WriteLineEf
                0x00019c70       0x28 Libraries\FEHLCD.o
                0x00019c70                FEHLCD::WriteLine(float)
 .text._ZN6FEHLCD10WriteIndexEh
                0x00019c98      0x288 Libraries\FEHLCD.o
                0x00019c98                FEHLCD::WriteIndex(unsigned char)
 .text._ZN6FEHLCD14WriteParameterEh
                0x00019f20      0x254 Libraries\FEHLCD.o
                0x00019f20                FEHLCD::WriteParameter(unsigned char)
 .text._ZN6FEHLCD6_ClearEv
                0x0001a174      0x228 Libraries\FEHLCD.o
                0x0001a174                FEHLCD::_Clear()
 .text._ZN6FEHLCD8NextLineEv
                0x0001a39c       0x30 Libraries\FEHLCD.o
                0x0001a39c                FEHLCD::NextLine()
 .text._ZN6FEHLCD9CheckLineEv
                0x0001a3cc       0x2c Libraries\FEHLCD.o
                0x0001a3cc                FEHLCD::CheckLine()
 .text._ZN6FEHLCD8NextCharEv
                0x0001a3f8       0x34 Libraries\FEHLCD.o
                0x0001a3f8                FEHLCD::NextChar()
 .text._ZN6FEHLCD9DrawPixelEii
                0x0001a42c       0x30 Libraries\FEHLCD.o
                0x0001a42c                FEHLCD::DrawPixel(int, int)
 .text._Z4SwapRiS_
                0x0001a45c       0x28 Libraries\FEHLCD.o
                0x0001a45c                Swap(int&, int&)
 .text._ZN6FEHLCD18DrawHorizontalLineEiii
                0x0001a484       0x7c Libraries\FEHLCD.o
                0x0001a484                FEHLCD::DrawHorizontalLine(int, int, int)
 .text._ZN6FEHLCD16DrawVerticalLineEiii
                0x0001a500       0x7c Libraries\FEHLCD.o
                0x0001a500                FEHLCD::DrawVerticalLine(int, int, int)
 .text._ZN6FEHLCD13DrawRectangleEiiii
                0x0001a57c       0x80 Libraries\FEHLCD.o
                0x0001a57c                FEHLCD::DrawRectangle(int, int, int, int)
 .text._ZN6FEHLCD13SetDrawRegionEiiii
                0x0001a5fc      0x10c Libraries\FEHLCD.o
                0x0001a5fc                FEHLCD::SetDrawRegion(int, int, int, int)
 .text._ZN6FEHLCD13FillRectangleEiiii
                0x0001a708       0x5c Libraries\FEHLCD.o
                0x0001a708                FEHLCD::FillRectangle(int, int, int, int)
 .text._ZN6FEHLCD8DrawLineEiiii
                0x0001a764      0x17c Libraries\FEHLCD.o
                0x0001a764                FEHLCD::DrawLine(int, int, int, int)
 .text._ZN6FEHLCD10FillCircleEiii
                0x0001a8e0      0x110 Libraries\FEHLCD.o
                0x0001a8e0                FEHLCD::FillCircle(int, int, int)
 .text._ZN6FEHLCD9WriteCharEiic
                0x0001a9f0       0x40 Libraries\FEHLCD.o
                0x0001a9f0                FEHLCD::WriteChar(int, int, char)
 .text._ZN6FEHLCD11WriteCharAtEiic
                0x0001aa30      0x278 Libraries\FEHLCD.o
                0x0001aa30                FEHLCD::WriteCharAt(int, int, char)
 .text._ZN6FEHLCD11RepeatColorEv
                0x0001aca8       0xbc Libraries\FEHLCD.o
                0x0001aca8                FEHLCD::RepeatColor()
 .text._ZN6FEHLCD10_ForePixelEv
                0x0001ad64      0x160 Libraries\FEHLCD.o
                0x0001ad64                FEHLCD::_ForePixel()
 .text._ZN6FEHLCD10_BackPixelEv
                0x0001aec4      0x160 Libraries\FEHLCD.o
                0x0001aec4                FEHLCD::_BackPixel()
 .text._ZN6FEHLCD22SetRegisterColorValuesEv
                0x0001b024      0x4c0 Libraries\FEHLCD.o
                0x0001b024                FEHLCD::SetRegisterColorValues()
 .text._Z41__static_initialization_and_destruction_0ii
                0x0001b4e4       0x30 Libraries\FEHLCD.o
 .text._GLOBAL__sub_I_image
                0x0001b514       0x14 Libraries\FEHLCD.o
 .text._ZN8FEHAccelC2Ev
                0x0001b528       0x8c Libraries\FEHAccel.o
                0x0001b528                FEHAccel::FEHAccel()
                0x0001b528                FEHAccel::FEHAccel()
 .text._Z41__static_initialization_and_destruction_0ii
                0x0001b5b4       0x30 Libraries\FEHAccel.o
 .text._GLOBAL__sub_I_Accel
                0x0001b5e4       0x14 Libraries\FEHAccel.o
 .text._ZN10FEHBatteryC2EN5FEHIO8FEHIOPinE
                0x0001b5f8       0x24 Libraries\FEHBattery.o
                0x0001b5f8                FEHBattery::FEHBattery(FEHIO::FEHIOPin)
                0x0001b5f8                FEHBattery::FEHBattery(FEHIO::FEHIOPin)
 .text._Z41__static_initialization_and_destruction_0ii
                0x0001b61c       0x34 Libraries\FEHBattery.o
 .text._GLOBAL__sub_I_Battery
                0x0001b650       0x14 Libraries\FEHBattery.o
 .text._ZN7FEHXBeeC2Ev
                0x0001b664       0x20 Drivers\FEHXBee.o
                0x0001b664                FEHXBee::FEHXBee()
                0x0001b664                FEHXBee::FEHXBee()
 .text._ZN7FEHXBee17SetPacketCallBackEPFvPhhE
                0x0001b684       0x20 Drivers\FEHXBee.o
                0x0001b684                FEHXBee::SetPacketCallBack(void (*)(unsigned char*, unsigned char))
 .text._Z9UART0_ISRv
                0x0001b6a4      0x174 Drivers\FEHXBee.o
                0x0001b6a4                UART0_ISR()
 .text._ZN6FEHRPSC2Ev
                0x0001b818       0x88 Libraries\FEHRPS.o
                0x0001b818                FEHRPS::FEHRPS()
                0x0001b818                FEHRPS::FEHRPS()
 .text._Z14RPSDataProcessPhh
                0x0001b8a0      0x164 Libraries\FEHRPS.o
                0x0001b8a0                RPSDataProcess(unsigned char*, unsigned char)
 .text._Z41__static_initialization_and_destruction_0ii
                0x0001ba04       0x30 Libraries\FEHRPS.o
 .text._GLOBAL__sub_I_RPS
                0x0001ba34       0x14 Libraries\FEHRPS.o
 .text._ZN5FEHSDC2Ev
                0x0001ba48       0x24 Libraries\FEHSD.o
                0x0001ba48                FEHSD::FEHSD()
                0x0001ba48                FEHSD::FEHSD()
 .text._ZN5FEHSD8CloseLogEv
                0x0001ba6c       0x38 Libraries\FEHSD.o
                0x0001ba6c                FEHSD::CloseLog()
 .text._Z41__static_initialization_and_destruction_0ii
                0x0001baa4       0x30 Libraries\FEHSD.o
 .text._GLOBAL__sub_I_SD
                0x0001bad4       0x14 Libraries\FEHSD.o
 .text.atanf    0x0001bae8      0x240 C:\fehqt\Proteus/EWL/lib/armv7e-m\libm.a(s_atanf.o)
                0x0001bae8                atanf
 .text.cosf     0x0001bd28       0x98 C:\fehqt\Proteus/EWL/lib/armv7e-m\libm.a(s_cosf.o)
                0x0001bd28                cosf
 .text.sinf     0x0001bdc0       0x88 C:\fehqt\Proteus/EWL/lib/armv7e-m\libm.a(s_sinf.o)
                0x0001bdc0                sinf
 .text.pow      0x0001be48        0x4 C:\fehqt\Proteus/EWL/lib/armv7e-m\libm.a(w_pow.o)
                0x0001be48                pow
 .text.sqrt     0x0001be4c        0x4 C:\fehqt\Proteus/EWL/lib/armv7e-m\libm.a(w_sqrt.o)
                0x0001be4c                sqrt
 .text.__ieee754_pow
                0x0001be50      0xb70 C:\fehqt\Proteus/EWL/lib/armv7e-m\libm.a(e_pow.o)
                0x0001be50                __ieee754_pow
 .text.__ieee754_rem_pio2f
                0x0001c9c0      0x2ac C:\fehqt\Proteus/EWL/lib/armv7e-m\libm.a(e_rem_pio2f.o)
                0x0001c9c0                __ieee754_rem_pio2f
 .text.__ieee754_sqrt
                0x0001cc6c      0x164 C:\fehqt\Proteus/EWL/lib/armv7e-m\libm.a(e_sqrt.o)
                0x0001cc6c                __ieee754_sqrt
 .text.__kernel_cosf
                0x0001cdd0      0x138 C:\fehqt\Proteus/EWL/lib/armv7e-m\libm.a(k_cosf.o)
                0x0001cdd0                __kernel_cosf
 .text.__kernel_rem_pio2f
                0x0001cf08      0x5e8 C:\fehqt\Proteus/EWL/lib/armv7e-m\libm.a(k_rem_pio2f.o)
                0x0001cf08                __kernel_rem_pio2f
 .text.__kernel_sinf
                0x0001d4f0       0xf4 C:\fehqt\Proteus/EWL/lib/armv7e-m\libm.a(k_sinf.o)
                0x0001d4f0                __kernel_sinf
 .text.__fpclassifyd
                0x0001d5e4       0x3c C:\fehqt\Proteus/EWL/lib/armv7e-m\libm.a(math_api.o)
                0x0001d5e4                __fpclassifyd
 .text.floorf   0x0001d620       0x84 C:\fehqt\Proteus/EWL/lib/armv7e-m\libm.a(s_floorf.o)
                0x0001d620                floorf
 .text.scalbnf  0x0001d6a4       0xac C:\fehqt\Proteus/EWL/lib/armv7e-m\libm.a(s_scalbnf.o)
                0x0001d6a4                scalbnf
 .text.scalbn   0x0001d750       0x18 C:\fehqt\Proteus/EWL/lib/armv7e-m\libm.a(scalbn.o)
                0x0001d750                scalbn
 .text.frexp    0x0001d768       0x70 C:\fehqt\Proteus/EWL/lib/armv7e-m\libm.a(s_frexp.o)
                0x0001d768                frexp
 .text.ldexp    0x0001d7d8      0x140 C:\fehqt\Proteus/EWL/lib/armv7e-m\libm.a(s_ldexp.o)
                0x0001d7d8                ldexp
 .text.sprintf  0x0001d918       0x1c C:\fehqt\Proteus/EWL/lib/armv7e-m\libc.a(sprintf.o)
                0x0001d918                sprintf
 .text.__StringWrite
                0x0001d934       0x28 C:\fehqt\Proteus/EWL/lib/armv7e-m\libc.a(vsnprintf.o)
                0x0001d934                __StringWrite
 .text.vsnprintf
                0x0001d95c       0x34 C:\fehqt\Proteus/EWL/lib/armv7e-m\libc.a(vsnprintf.o)
                0x0001d95c                vsnprintf
 .text.exit     0x0001d990       0x38 C:\fehqt\Proteus/EWL/lib/armv7e-m\libc.a(exit.o)
                0x0001d990                exit
 .text.memcpy   0x0001d9c8       0x12 C:\fehqt\Proteus/EWL/lib/armv7e-m\libc.a(memcpy.o)
                0x0001d9c8                memcpy
 .text.memset   0x0001d9da        0xc C:\fehqt\Proteus/EWL/lib/armv7e-m\libc.a(memset.o)
                0x0001d9da                memset
 .text.strcmp   0x0001d9e6       0x18 C:\fehqt\Proteus/EWL/lib/armv7e-m\libc.a(strcmp.o)
                0x0001d9e6                strcmp
 .text.strcpy   0x0001d9fe       0x18 C:\fehqt\Proteus/EWL/lib/armv7e-m\libc.a(strcpy.o)
                0x0001d9fe                strcpy
 .text.strlen   0x0001da16       0x10 C:\fehqt\Proteus/EWL/lib/armv7e-m\libc.a(strlen.o)
                0x0001da16                strlen
 .text.long2str.isra.0
                0x0001da26      0x196 C:\fehqt\Proteus/EWL/lib/armv7e-m\libc.a(printformat_.o)
 .text.__pformatter_
                0x0001dbbc      0x3f8 C:\fehqt\Proteus/EWL/lib/armv7e-m\libc.a(printformat_.o)
                0x0001dbbc                __pformatter_
 .text.__sformatter
                0x0001dfb4      0x74e C:\fehqt\Proteus/EWL/lib/armv7e-m\libc.a(scanformat_.o)
                0x0001dfb4                __sformatter
 *fill*         0x0001e702        0x2 00
 .text.isalpha  0x0001e704       0x1c C:\fehqt\Proteus/EWL/lib/armv7e-m\libc.a(ctype_aeabi.o)
                0x0001e704                isalpha
 .text.isspace  0x0001e720       0x1c C:\fehqt\Proteus/EWL/lib/armv7e-m\libc.a(ctype_aeabi.o)
                0x0001e720                isspace
 .text.toupper  0x0001e73c        0xc C:\fehqt\Proteus/EWL/lib/armv7e-m\libc.a(ctype_aeabi.o)
                0x0001e73c                toupper
 .text.__strtoul
                0x0001e748      0x1dc C:\fehqt\Proteus/EWL/lib/armv7e-m\libc.a(__strtoul.o)
                0x0001e748                __strtoul
 .text.__fill_mem
                0x0001e924       0x76 C:\fehqt\Proteus/EWL/lib/armv7e-m\libc.a(__filll_mem.o)
                0x0001e924                __fill_mem
 .text.memchr   0x0001e99a       0x1a C:\fehqt\Proteus/EWL/lib/armv7e-m\libc.a(memchr.o)
                0x0001e99a                memchr
 .text.strchr   0x0001e9b4       0x1c C:\fehqt\Proteus/EWL/lib/armv7e-m\libc.a(strchr.o)
                0x0001e9b4                strchr
 .text.__init_cpp
                0x0001e9d0       0x4c C:\fehqt\Proteus/EWL/lib/armv7e-m\librt.a(gcc_ctor_dtor.o)
                0x0001e9d0                __init_cpp
 .text.__fini_cpp
                0x0001ea1c       0x34 C:\fehqt\Proteus/EWL/lib/armv7e-m\librt.a(gcc_ctor_dtor.o)
                0x0001ea1c                __fini_cpp
 .text.__copy_rom_section
                0x0001ea50       0x44 C:\fehqt\Proteus/EWL/lib/armv7e-m\librt.a(ROMCopy.o)
                0x0001ea50                __copy_rom_section
 .text.__copy_rom_sections_to_ram
                0x0001ea94       0x34 C:\fehqt\Proteus/EWL/lib/armv7e-m\librt.a(ROMCopy.o)
                0x0001ea94                __copy_rom_sections_to_ram
 .text.__destroy_global_chain
                0x0001eac8       0x1c C:\fehqt\Proteus/EWL/lib/armv7e-m\librt.a(__arm_eabi_init.o)
                0x0001eac8                __destroy_global_chain
 .text.__init_registers
                0x0001eae4       0x20 C:\fehqt\Proteus/EWL/lib/armv7e-m\librt.a(__arm_eabi_init.o)
                0x0001eae4                __init_registers
 .text.__init_user
                0x0001eb04        0x4 C:\fehqt\Proteus/EWL/lib/armv7e-m\librt.a(__arm_eabi_init.o)
                0x0001eb04                __init_user
 .text._ZdlPv   0x0001eb08        0x8 C:\fehqt\Proteus/EWL/lib/armv7e-m\librt.a(New.o)
                0x0001eb08                operator delete(void*)
 .text._ZNK10__cxxabiv117__class_type_info11__do_upcastEPKS0_PPv
                0x0001eb10       0x38 c:/fehqt/proteus/gcc/bin/../lib/gcc/arm-none-eabi/4.6.2/../../../../arm-none-eabi/lib/armv7e-m\libsupc++.a(class_type_info.o)
                0x0001eb10                __cxxabiv1::__class_type_info::__do_upcast(__cxxabiv1::__class_type_info const*, void**) const
 .text._ZNK10__cxxabiv117__class_type_info20__do_find_public_srcEiPKvPKS0_S2_
                0x0001eb48        0xc c:/fehqt/proteus/gcc/bin/../lib/gcc/arm-none-eabi/4.6.2/../../../../arm-none-eabi/lib/armv7e-m\libsupc++.a(class_type_info.o)
                0x0001eb48                __cxxabiv1::__class_type_info::__do_find_public_src(int, void const*, __cxxabiv1::__class_type_info const*, void const*) const
 .text._ZNK10__cxxabiv117__class_type_info11__do_upcastEPKS0_PKvRNS0_15__upcast_resultE
                0x0001eb54       0x1c c:/fehqt/proteus/gcc/bin/../lib/gcc/arm-none-eabi/4.6.2/../../../../arm-none-eabi/lib/armv7e-m\libsupc++.a(class_type_info.o)
                0x0001eb54                __cxxabiv1::__class_type_info::__do_upcast(__cxxabiv1::__class_type_info const*, void const*, __cxxabiv1::__class_type_info::__upcast_result&) const
 .text._ZN10__cxxabiv117__class_type_infoD2Ev
                0x0001eb70       0x14 c:/fehqt/proteus/gcc/bin/../lib/gcc/arm-none-eabi/4.6.2/../../../../arm-none-eabi/lib/armv7e-m\libsupc++.a(class_type_info.o)
                0x0001eb70                __cxxabiv1::__class_type_info::~__class_type_info()
                0x0001eb70                __cxxabiv1::__class_type_info::~__class_type_info()
 .text._ZN10__cxxabiv117__class_type_infoD0Ev
                0x0001eb84       0x1c c:/fehqt/proteus/gcc/bin/../lib/gcc/arm-none-eabi/4.6.2/../../../../arm-none-eabi/lib/armv7e-m\libsupc++.a(class_type_info.o)
                0x0001eb84                __cxxabiv1::__class_type_info::~__class_type_info()
 .text._ZNK10__cxxabiv117__class_type_info12__do_dyncastEiNS0_10__sub_kindEPKS0_PKvS3_S5_RNS0_16__dyncast_resultE
                0x0001eba0       0x3c c:/fehqt/proteus/gcc/bin/../lib/gcc/arm-none-eabi/4.6.2/../../../../arm-none-eabi/lib/armv7e-m\libsupc++.a(class_type_info.o)
                0x0001eba0                __cxxabiv1::__class_type_info::__do_dyncast(int, __cxxabiv1::__class_type_info::__sub_kind, __cxxabiv1::__class_type_info const*, void const*, __cxxabiv1::__class_type_info const*, void const*, __cxxabiv1::__class_type_info::__dyncast_result&) const
 .text._ZNK10__cxxabiv117__class_type_info10__do_catchEPKSt9type_infoPPvj
                0x0001ebdc       0x28 c:/fehqt/proteus/gcc/bin/../lib/gcc/arm-none-eabi/4.6.2/../../../../arm-none-eabi/lib/armv7e-m\libsupc++.a(class_type_info.o)
                0x0001ebdc                __cxxabiv1::__class_type_info::__do_catch(std::type_info const*, void**, unsigned int) const
 .text.__cxa_allocate_exception
                0x0001ec04       0x70 c:/fehqt/proteus/gcc/bin/../lib/gcc/arm-none-eabi/4.6.2/../../../../arm-none-eabi/lib/armv7e-m\libsupc++.a(eh_alloc.o)
                0x0001ec04                __cxa_allocate_exception
 .text.__cxa_free_exception
                0x0001ec74       0x34 c:/fehqt/proteus/gcc/bin/../lib/gcc/arm-none-eabi/4.6.2/../../../../arm-none-eabi/lib/armv7e-m\libsupc++.a(eh_alloc.o)
                0x0001ec74                __cxa_free_exception
 .text.__cxa_end_cleanup
                0x0001eca8        0xc c:/fehqt/proteus/gcc/bin/../lib/gcc/arm-none-eabi/4.6.2/../../../../arm-none-eabi/lib/armv7e-m\libsupc++.a(eh_arm.o)
                0x0001eca8                __cxa_end_cleanup
 .text.__cxa_type_match
                0x0001ecb4       0xec c:/fehqt/proteus/gcc/bin/../lib/gcc/arm-none-eabi/4.6.2/../../../../arm-none-eabi/lib/armv7e-m\libsupc++.a(eh_arm.o)
                0x0001ecb4                __cxa_type_match
 .text.__cxa_begin_cleanup
                0x0001eda0       0x78 c:/fehqt/proteus/gcc/bin/../lib/gcc/arm-none-eabi/4.6.2/../../../../arm-none-eabi/lib/armv7e-m\libsupc++.a(eh_arm.o)
                0x0001eda0                __cxa_begin_cleanup
 .text.__gnu_end_cleanup
                0x0001ee18       0x7c c:/fehqt/proteus/gcc/bin/../lib/gcc/arm-none-eabi/4.6.2/../../../../arm-none-eabi/lib/armv7e-m\libsupc++.a(eh_arm.o)
                0x0001ee18                __gnu_end_cleanup
 .text.__cxa_bad_typeid
                0x0001ee94       0x24 c:/fehqt/proteus/gcc/bin/../lib/gcc/arm-none-eabi/4.6.2/../../../../arm-none-eabi/lib/armv7e-m\libsupc++.a(eh_aux_runtime.o)
                0x0001ee94                __cxa_bad_typeid
 .text.__cxa_call_terminate
                0x0001eeb8       0x50 c:/fehqt/proteus/gcc/bin/../lib/gcc/arm-none-eabi/4.6.2/../../../../arm-none-eabi/lib/armv7e-m\libsupc++.a(eh_call.o)
                0x0001eeb8                __cxa_call_terminate
 .text.__cxa_call_unexpected
                0x0001ef08      0x120 c:/fehqt/proteus/gcc/bin/../lib/gcc/arm-none-eabi/4.6.2/../../../../arm-none-eabi/lib/armv7e-m\libsupc++.a(eh_call.o)
                0x0001ef08                __cxa_call_unexpected
 .text.__cxa_begin_catch
                0x0001f028       0x98 c:/fehqt/proteus/gcc/bin/../lib/gcc/arm-none-eabi/4.6.2/../../../../arm-none-eabi/lib/armv7e-m\libsupc++.a(eh_catch.o)
                0x0001f028                __cxa_begin_catch
 .text.__cxa_end_catch
                0x0001f0c0       0x98 c:/fehqt/proteus/gcc/bin/../lib/gcc/arm-none-eabi/4.6.2/../../../../arm-none-eabi/lib/armv7e-m\libsupc++.a(eh_catch.o)
                0x0001f0c0                __cxa_end_catch
 .text._ZNSt9exceptionD2Ev
                0x0001f158        0xc c:/fehqt/proteus/gcc/bin/../lib/gcc/arm-none-eabi/4.6.2/../../../../arm-none-eabi/lib/armv7e-m\libsupc++.a(eh_exception.o)
                0x0001f158                std::exception::~exception()
                0x0001f158                std::exception::~exception()
 .text._ZNSt13bad_exceptionD2Ev
                0x0001f164        0xc c:/fehqt/proteus/gcc/bin/../lib/gcc/arm-none-eabi/4.6.2/../../../../arm-none-eabi/lib/armv7e-m\libsupc++.a(eh_exception.o)
                0x0001f164                std::bad_exception::~bad_exception()
                0x0001f164                std::bad_exception::~bad_exception()
 .text._ZNKSt9exception4whatEv
                0x0001f170        0xc c:/fehqt/proteus/gcc/bin/../lib/gcc/arm-none-eabi/4.6.2/../../../../arm-none-eabi/lib/armv7e-m\libsupc++.a(eh_exception.o)
                0x0001f170                std::exception::what() const
 .text._ZNKSt13bad_exception4whatEv
                0x0001f17c        0xc c:/fehqt/proteus/gcc/bin/../lib/gcc/arm-none-eabi/4.6.2/../../../../arm-none-eabi/lib/armv7e-m\libsupc++.a(eh_exception.o)
                0x0001f17c                std::bad_exception::what() const
 .text._ZNSt13bad_exceptionD0Ev
                0x0001f188       0x14 c:/fehqt/proteus/gcc/bin/../lib/gcc/arm-none-eabi/4.6.2/../../../../arm-none-eabi/lib/armv7e-m\libsupc++.a(eh_exception.o)
                0x0001f188                std::bad_exception::~bad_exception()
 .text._ZNSt9exceptionD0Ev
                0x0001f19c       0x14 c:/fehqt/proteus/gcc/bin/../lib/gcc/arm-none-eabi/4.6.2/../../../../arm-none-eabi/lib/armv7e-m\libsupc++.a(eh_exception.o)
                0x0001f19c                std::exception::~exception()
 .text.__cxa_get_globals_fast
                0x0001f1b0        0xc c:/fehqt/proteus/gcc/bin/../lib/gcc/arm-none-eabi/4.6.2/../../../../arm-none-eabi/lib/armv7e-m\libsupc++.a(eh_globals.o)
                0x0001f1b0                __cxa_get_globals_fast
 .text.__cxa_get_globals
                0x0001f1bc        0xc c:/fehqt/proteus/gcc/bin/../lib/gcc/arm-none-eabi/4.6.2/../../../../arm-none-eabi/lib/armv7e-m\libsupc++.a(eh_globals.o)
                0x0001f1bc                __cxa_get_globals
 .text._ZL12read_sleb128PKhPl
                0x0001f1c8       0x3c c:/fehqt/proteus/gcc/bin/../lib/gcc/arm-none-eabi/4.6.2/../../../../arm-none-eabi/lib/armv7e-m\libsupc++.a(eh_personality.o)
 .text._ZL28read_encoded_value_with_basehjPKhPj
                0x0001f204       0xa4 c:/fehqt/proteus/gcc/bin/../lib/gcc/arm-none-eabi/4.6.2/../../../../arm-none-eabi/lib/armv7e-m\libsupc++.a(eh_personality.o)
 .text._ZL21base_of_encoded_valuehP15_Unwind_Context
                0x0001f2a8       0x4c c:/fehqt/proteus/gcc/bin/../lib/gcc/arm-none-eabi/4.6.2/../../../../arm-none-eabi/lib/armv7e-m\libsupc++.a(eh_personality.o)
 .text._ZL17parse_lsda_headerP15_Unwind_ContextPKhP16lsda_header_info.constprop.1
                0x0001f2f4       0x90 c:/fehqt/proteus/gcc/bin/../lib/gcc/arm-none-eabi/4.6.2/../../../../arm-none-eabi/lib/armv7e-m\libsupc++.a(eh_personality.o)
 .text.__gxx_personality_v0
                0x0001f384      0x3bc c:/fehqt/proteus/gcc/bin/../lib/gcc/arm-none-eabi/4.6.2/../../../../arm-none-eabi/lib/armv7e-m\libsupc++.a(eh_personality.o)
                0x0001f384                __gxx_personality_v0
 .text._ZN10__cxxabiv111__terminateEPFvvE
                0x0001f740       0x28 c:/fehqt/proteus/gcc/bin/../lib/gcc/arm-none-eabi/4.6.2/../../../../arm-none-eabi/lib/armv7e-m\libsupc++.a(eh_terminate.o)
                0x0001f740                __cxxabiv1::__terminate(void (*)())
 .text._ZSt9terminatev
                0x0001f768       0x10 c:/fehqt/proteus/gcc/bin/../lib/gcc/arm-none-eabi/4.6.2/../../../../arm-none-eabi/lib/armv7e-m\libsupc++.a(eh_terminate.o)
                0x0001f768                std::terminate()
 .text._ZN10__cxxabiv112__unexpectedEPFvvE
                0x0001f778        0x8 c:/fehqt/proteus/gcc/bin/../lib/gcc/arm-none-eabi/4.6.2/../../../../arm-none-eabi/lib/armv7e-m\libsupc++.a(eh_terminate.o)
                0x0001f778                __cxxabiv1::__unexpected(void (*)())
 .text._ZSt10unexpectedv
                0x0001f780       0x14 c:/fehqt/proteus/gcc/bin/../lib/gcc/arm-none-eabi/4.6.2/../../../../arm-none-eabi/lib/armv7e-m\libsupc++.a(eh_terminate.o)
                0x0001f780                std::unexpected()
 .text._ZL23__gxx_exception_cleanup19_Unwind_Reason_CodeP21_Unwind_Control_Block
                0x0001f794       0x4c c:/fehqt/proteus/gcc/bin/../lib/gcc/arm-none-eabi/4.6.2/../../../../arm-none-eabi/lib/armv7e-m\libsupc++.a(eh_throw.o)
 .text.__cxa_throw
                0x0001f7e0       0x80 c:/fehqt/proteus/gcc/bin/../lib/gcc/arm-none-eabi/4.6.2/../../../../arm-none-eabi/lib/armv7e-m\libsupc++.a(eh_throw.o)
                0x0001f7e0                __cxa_throw
 .text.__cxa_rethrow
                0x0001f860       0x78 c:/fehqt/proteus/gcc/bin/../lib/gcc/arm-none-eabi/4.6.2/../../../../arm-none-eabi/lib/armv7e-m\libsupc++.a(eh_throw.o)
                0x0001f860                __cxa_rethrow
 .text._ZN10__cxxabiv123__fundamental_type_infoD2Ev
                0x0001f8d8       0x14 c:/fehqt/proteus/gcc/bin/../lib/gcc/arm-none-eabi/4.6.2/../../../../arm-none-eabi/lib/armv7e-m\libsupc++.a(fundamental_type_info.o)
                0x0001f8d8                __cxxabiv1::__fundamental_type_info::~__fundamental_type_info()
                0x0001f8d8                __cxxabiv1::__fundamental_type_info::~__fundamental_type_info()
 .text._ZN10__cxxabiv123__fundamental_type_infoD0Ev
                0x0001f8ec       0x1c c:/fehqt/proteus/gcc/bin/../lib/gcc/arm-none-eabi/4.6.2/../../../../arm-none-eabi/lib/armv7e-m\libsupc++.a(fundamental_type_info.o)
                0x0001f8ec                __cxxabiv1::__fundamental_type_info::~__fundamental_type_info()
 .text._ZNK10__cxxabiv119__pointer_type_info14__is_pointer_pEv
                0x0001f908        0x4 c:/fehqt/proteus/gcc/bin/../lib/gcc/arm-none-eabi/4.6.2/../../../../arm-none-eabi/lib/armv7e-m\libsupc++.a(pointer_type_info.o)
                0x0001f908                __cxxabiv1::__pointer_type_info::__is_pointer_p() const
 .text._ZN10__cxxabiv119__pointer_type_infoD2Ev
                0x0001f90c       0x14 c:/fehqt/proteus/gcc/bin/../lib/gcc/arm-none-eabi/4.6.2/../../../../arm-none-eabi/lib/armv7e-m\libsupc++.a(pointer_type_info.o)
                0x0001f90c                __cxxabiv1::__pointer_type_info::~__pointer_type_info()
                0x0001f90c                __cxxabiv1::__pointer_type_info::~__pointer_type_info()
 .text._ZN10__cxxabiv119__pointer_type_infoD0Ev
                0x0001f920       0x1c c:/fehqt/proteus/gcc/bin/../lib/gcc/arm-none-eabi/4.6.2/../../../../arm-none-eabi/lib/armv7e-m\libsupc++.a(pointer_type_info.o)
                0x0001f920                __cxxabiv1::__pointer_type_info::~__pointer_type_info()
 .text._ZNK10__cxxabiv119__pointer_type_info15__pointer_catchEPKNS_17__pbase_type_infoEPPvj
                0x0001f93c       0x44 c:/fehqt/proteus/gcc/bin/../lib/gcc/arm-none-eabi/4.6.2/../../../../arm-none-eabi/lib/armv7e-m\libsupc++.a(pointer_type_info.o)
                0x0001f93c                __cxxabiv1::__pointer_type_info::__pointer_catch(__cxxabiv1::__pbase_type_info const*, void**, unsigned int) const
 .text._ZN10__cxxabiv120__si_class_type_infoD2Ev
                0x0001f980       0x14 c:/fehqt/proteus/gcc/bin/../lib/gcc/arm-none-eabi/4.6.2/../../../../arm-none-eabi/lib/armv7e-m\libsupc++.a(si_class_type_info.o)
                0x0001f980                __cxxabiv1::__si_class_type_info::~__si_class_type_info()
                0x0001f980                __cxxabiv1::__si_class_type_info::~__si_class_type_info()
 .text._ZN10__cxxabiv120__si_class_type_infoD0Ev
                0x0001f994       0x1c c:/fehqt/proteus/gcc/bin/../lib/gcc/arm-none-eabi/4.6.2/../../../../arm-none-eabi/lib/armv7e-m\libsupc++.a(si_class_type_info.o)
                0x0001f994                __cxxabiv1::__si_class_type_info::~__si_class_type_info()
 .text._ZNK10__cxxabiv120__si_class_type_info11__do_upcastEPKNS_17__class_type_infoEPKvRNS1_15__upcast_resultE
                0x0001f9b0       0x24 c:/fehqt/proteus/gcc/bin/../lib/gcc/arm-none-eabi/4.6.2/../../../../arm-none-eabi/lib/armv7e-m\libsupc++.a(si_class_type_info.o)
                0x0001f9b0                __cxxabiv1::__si_class_type_info::__do_upcast(__cxxabiv1::__class_type_info const*, void const*, __cxxabiv1::__class_type_info::__upcast_result&) const
 .text._ZNK10__cxxabiv120__si_class_type_info12__do_dyncastEiNS_17__class_type_info10__sub_kindEPKS1_PKvS4_S6_RNS1_16__dyncast_resultE
                0x0001f9d4       0x94 c:/fehqt/proteus/gcc/bin/../lib/gcc/arm-none-eabi/4.6.2/../../../../arm-none-eabi/lib/armv7e-m\libsupc++.a(si_class_type_info.o)
                0x0001f9d4                __cxxabiv1::__si_class_type_info::__do_dyncast(int, __cxxabiv1::__class_type_info::__sub_kind, __cxxabiv1::__class_type_info const*, void const*, __cxxabiv1::__class_type_info const*, void const*, __cxxabiv1::__class_type_info::__dyncast_result&) const
 .text._ZNK10__cxxabiv120__si_class_type_info20__do_find_public_srcEiPKvPKNS_17__class_type_infoES2_
                0x0001fa68       0x34 c:/fehqt/proteus/gcc/bin/../lib/gcc/arm-none-eabi/4.6.2/../../../../arm-none-eabi/lib/armv7e-m\libsupc++.a(si_class_type_info.o)
                0x0001fa68                __cxxabiv1::__si_class_type_info::__do_find_public_src(int, void const*, __cxxabiv1::__class_type_info const*, void const*) const
 .text._ZNSt9type_infoD2Ev
                0x0001fa9c        0xc c:/fehqt/proteus/gcc/bin/../lib/gcc/arm-none-eabi/4.6.2/../../../../arm-none-eabi/lib/armv7e-m\libsupc++.a(tinfo.o)
                0x0001fa9c                std::type_info::~type_info()
                0x0001fa9c                std::type_info::~type_info()
 .text._ZNKSt9type_info14__is_pointer_pEv
                0x0001faa8        0x4 c:/fehqt/proteus/gcc/bin/../lib/gcc/arm-none-eabi/4.6.2/../../../../arm-none-eabi/lib/armv7e-m\libsupc++.a(tinfo.o)
                0x0001faa8                std::type_info::__is_pointer_p() const
 .text._ZNKSt9type_info15__is_function_pEv
                0x0001faac        0x4 c:/fehqt/proteus/gcc/bin/../lib/gcc/arm-none-eabi/4.6.2/../../../../arm-none-eabi/lib/armv7e-m\libsupc++.a(tinfo.o)
                0x0001faac                std::type_info::__is_function_p() const
 .text._ZNKSt9type_info11__do_upcastEPKN10__cxxabiv117__class_type_infoEPPv
                0x0001fab0        0x4 c:/fehqt/proteus/gcc/bin/../lib/gcc/arm-none-eabi/4.6.2/../../../../arm-none-eabi/lib/armv7e-m\libsupc++.a(tinfo.o)
                0x0001fab0                std::type_info::__do_upcast(__cxxabiv1::__class_type_info const*, void**) const
 .text._ZNSt9type_infoD0Ev
                0x0001fab4       0x14 c:/fehqt/proteus/gcc/bin/../lib/gcc/arm-none-eabi/4.6.2/../../../../arm-none-eabi/lib/armv7e-m\libsupc++.a(tinfo.o)
                0x0001fab4                std::type_info::~type_info()
 .text._ZNKSt9type_infoeqERKS_
                0x0001fac8       0x30 c:/fehqt/proteus/gcc/bin/../lib/gcc/arm-none-eabi/4.6.2/../../../../arm-none-eabi/lib/armv7e-m\libsupc++.a(tinfo.o)
                0x0001fac8                std::type_info::operator==(std::type_info const&) const
 .text._ZNKSt9type_info10__do_catchEPKS_PPvj
                0x0001faf8        0x4 c:/fehqt/proteus/gcc/bin/../lib/gcc/arm-none-eabi/4.6.2/../../../../arm-none-eabi/lib/armv7e-m\libsupc++.a(tinfo.o)
                0x0001faf8                std::type_info::__do_catch(std::type_info const*, void**, unsigned int) const
 .text._ZNKSt10bad_typeid4whatEv
                0x0001fafc        0xc c:/fehqt/proteus/gcc/bin/../lib/gcc/arm-none-eabi/4.6.2/../../../../arm-none-eabi/lib/armv7e-m\libsupc++.a(bad_typeid.o)
                0x0001fafc                std::bad_typeid::what() const
 .text._ZNSt10bad_typeidD2Ev
                0x0001fb08       0x14 c:/fehqt/proteus/gcc/bin/../lib/gcc/arm-none-eabi/4.6.2/../../../../arm-none-eabi/lib/armv7e-m\libsupc++.a(bad_typeid.o)
                0x0001fb08                std::bad_typeid::~bad_typeid()
                0x0001fb08                std::bad_typeid::~bad_typeid()
 .text._ZNSt10bad_typeidD0Ev
                0x0001fb1c       0x1c c:/fehqt/proteus/gcc/bin/../lib/gcc/arm-none-eabi/4.6.2/../../../../arm-none-eabi/lib/armv7e-m\libsupc++.a(bad_typeid.o)
                0x0001fb1c                std::bad_typeid::~bad_typeid()
 .text._ZNK10__cxxabiv117__pbase_type_info15__pointer_catchEPKS0_PPvj
                0x0001fb38       0x10 c:/fehqt/proteus/gcc/bin/../lib/gcc/arm-none-eabi/4.6.2/../../../../arm-none-eabi/lib/armv7e-m\libsupc++.a(pbase_type_info.o)
                0x0001fb38                __cxxabiv1::__pbase_type_info::__pointer_catch(__cxxabiv1::__pbase_type_info const*, void**, unsigned int) const
 .text._ZN10__cxxabiv117__pbase_type_infoD2Ev
                0x0001fb48       0x14 c:/fehqt/proteus/gcc/bin/../lib/gcc/arm-none-eabi/4.6.2/../../../../arm-none-eabi/lib/armv7e-m\libsupc++.a(pbase_type_info.o)
                0x0001fb48                __cxxabiv1::__pbase_type_info::~__pbase_type_info()
                0x0001fb48                __cxxabiv1::__pbase_type_info::~__pbase_type_info()
 .text._ZN10__cxxabiv117__pbase_type_infoD0Ev
                0x0001fb5c       0x1c c:/fehqt/proteus/gcc/bin/../lib/gcc/arm-none-eabi/4.6.2/../../../../arm-none-eabi/lib/armv7e-m\libsupc++.a(pbase_type_info.o)
                0x0001fb5c                __cxxabiv1::__pbase_type_info::~__pbase_type_info()
 .text._ZNK10__cxxabiv117__pbase_type_info10__do_catchEPKSt9type_infoPPvj
                0x0001fb78       0x68 c:/fehqt/proteus/gcc/bin/../lib/gcc/arm-none-eabi/4.6.2/../../../../arm-none-eabi/lib/armv7e-m\libsupc++.a(pbase_type_info.o)
                0x0001fb78                __cxxabiv1::__pbase_type_info::__do_catch(std::type_info const*, void**, unsigned int) const
 .text.abort    0x0001fbe0       0x24 C:\fehqt\Proteus/EWL/lib/armv7e-m\libc.a(abort.o)
                0x0001fbe0                abort
 .text.sbrk     0x0001fc04       0x28 C:\fehqt\Proteus/EWL/lib/armv7e-m\libc.a(alloc.o)
                0x0001fc04                sbrk
 .text.malloc   0x0001fc2c      0x110 C:\fehqt\Proteus/EWL/lib/armv7e-m\libc.a(alloc.o)
                0x0001fc2c                malloc
 .text.free     0x0001fd3c       0x10 C:\fehqt\Proteus/EWL/lib/armv7e-m\libc.a(alloc.o)
                0x0001fd3c                free
 .text.raise    0x0001fd4c       0x3c C:\fehqt\Proteus/EWL/lib/armv7e-m\libc.a(raise.o)
                0x0001fd4c                raise
 *(.rodata)
 .rodata        0x0001fd88       0x1c ..\main.o
 .rodata        0x0001fda4       0x78 Libraries\FEHIO.o
 .rodata        0x0001fe1c       0x34 Libraries\FEHLCD.o
 *(.rodata*)
 .rodata._ZTV6StateF
                0x0001fe50       0x10 ..\main.o
                0x0001fe50                vtable for StateF
 .rodata._ZTV7StateFF
                0x0001fe60       0x10 ..\main.o
                0x0001fe60                vtable for StateFF
 .rodata._ZTV8StateFFI
                0x0001fe70       0x10 ..\main.o
                0x0001fe70                vtable for StateFFI
 .rodata._ZTV8StateVFI
                0x0001fe80       0x10 ..\main.o
                0x0001fe80                vtable for StateVFI
 .rodata._ZTV8StateVFF
                0x0001fe90       0x10 ..\main.o
                0x0001fe90                vtable for StateVFF
 .rodata._ZTV9StateVFFI
                0x0001fea0       0x10 ..\main.o
                0x0001fea0                vtable for StateVFFI
 .rodata._ZTV10StateVFFII
                0x0001feb0       0x10 ..\main.o
                0x0001feb0                vtable for StateVFFII
 .rodata._ZTV9StateVoid
                0x0001fec0       0x10 ..\main.o
                0x0001fec0                vtable for StateVoid
 .rodata._ZTV5State
                0x0001fed0       0x10 ..\main.o
                0x0001fed0                vtable for State
 .rodata._ZTS6StateF
                0x0001fee0        0x8 ..\main.o
                0x0001fee0                typeinfo name for StateF
 .rodata._ZTI6StateF
                0x0001fee8        0xc ..\main.o
                0x0001fee8                typeinfo for StateF
 .rodata._ZTS7StateFF
                0x0001fef4        0xc ..\main.o
                0x0001fef4                typeinfo name for StateFF
 .rodata._ZTI7StateFF
                0x0001ff00        0xc ..\main.o
                0x0001ff00                typeinfo for StateFF
 .rodata._ZTS8StateFFI
                0x0001ff0c        0xc ..\main.o
                0x0001ff0c                typeinfo name for StateFFI
 .rodata._ZTI8StateFFI
                0x0001ff18        0xc ..\main.o
                0x0001ff18                typeinfo for StateFFI
 .rodata._ZTS8StateVFI
                0x0001ff24        0xc ..\main.o
                0x0001ff24                typeinfo name for StateVFI
 .rodata._ZTI8StateVFI
                0x0001ff30        0xc ..\main.o
                0x0001ff30                typeinfo for StateVFI
 .rodata._ZTS8StateVFF
                0x0001ff3c        0xc ..\main.o
                0x0001ff3c                typeinfo name for StateVFF
 .rodata._ZTI8StateVFF
                0x0001ff48        0xc ..\main.o
                0x0001ff48                typeinfo for StateVFF
 .rodata._ZTS9StateVFFI
                0x0001ff54        0xc ..\main.o
                0x0001ff54                typeinfo name for StateVFFI
 .rodata._ZTI9StateVFFI
                0x0001ff60        0xc ..\main.o
                0x0001ff60                typeinfo for StateVFFI
 .rodata._ZTS10StateVFFII
                0x0001ff6c       0x10 ..\main.o
                0x0001ff6c                typeinfo name for StateVFFII
 .rodata._ZTI10StateVFFII
                0x0001ff7c        0xc ..\main.o
                0x0001ff7c                typeinfo for StateVFFII
 .rodata._ZTS9StateVoid
                0x0001ff88        0xc ..\main.o
                0x0001ff88                typeinfo name for StateVoid
 .rodata._ZTI9StateVoid
                0x0001ff94        0xc ..\main.o
                0x0001ff94                typeinfo for StateVoid
 .rodata._ZTS5State
                0x0001ffa0        0x8 ..\main.o
                0x0001ffa0                typeinfo name for State
 .rodata._ZTI5State
                0x0001ffa8        0x8 ..\main.o
                0x0001ffa8                typeinfo for State
 .rodata.K60_SDHC0_init
                0x0001ffb0        0xc Drivers\SDHC.o
                0x0001ffb0                K60_SDHC0_init
 .rodata._ZL21ESDHC_COMMAND_XFERTYP
                0x0001ffbc      0x100 Drivers\SDHC.o
 .rodata._ZL9GPIOPorts
                0x000200bc       0x20 Libraries\FEHIO.o
 .rodata._ZL10ADCNumbers
                0x000200dc       0x24 Libraries\FEHIO.o
 .rodata._ZL14GPIOPinNumbers
                0x00020100       0x80 Libraries\FEHIO.o
 .rodata._ZL16AnalogPinNumbers
                0x00020180       0x84 Libraries\FEHIO.o
 .rodata.atanlo
                0x00020204       0x10 C:\fehqt\Proteus/EWL/lib/armv7e-m\libm.a(s_atanf.o)
 .rodata.atanhi
                0x00020214       0x10 C:\fehqt\Proteus/EWL/lib/armv7e-m\libm.a(s_atanf.o)
 *fill*         0x00020224        0x4 00
 .rodata.dp_h   0x00020228       0x10 C:\fehqt\Proteus/EWL/lib/armv7e-m\libm.a(e_pow.o)
 .rodata.dp_l   0x00020238       0x10 C:\fehqt\Proteus/EWL/lib/armv7e-m\libm.a(e_pow.o)
 .rodata.bp     0x00020248       0x10 C:\fehqt\Proteus/EWL/lib/armv7e-m\libm.a(e_pow.o)
 .rodata.npio2_hw
                0x00020258       0x80 C:\fehqt\Proteus/EWL/lib/armv7e-m\libm.a(e_rem_pio2f.o)
 .rodata.two_over_pi
                0x000202d8      0x318 C:\fehqt\Proteus/EWL/lib/armv7e-m\libm.a(e_rem_pio2f.o)
 .rodata.init_jk
                0x000205f0        0xc C:\fehqt\Proteus/EWL/lib/armv7e-m\libm.a(k_rem_pio2f.o)
 .rodata.PIo2   0x000205fc       0x2c C:\fehqt\Proteus/EWL/lib/armv7e-m\libm.a(k_rem_pio2f.o)
 .rodata.str1.1
                0x00020628        0x1 C:\fehqt\Proteus/EWL/lib/armv7e-m\libc.a(printformat_.o)
 .rodata.__aeabi_ctype_table_C
                0x00020629      0x101 C:\fehqt\Proteus/EWL/lib/armv7e-m\libc.a(ctype_aeabi.o)
                0x00020629                __aeabi_ctype_table_C
 *fill*         0x0002072a        0x6 00
 .rodata._ZTVN10__cxxabiv117__class_type_infoE
                0x00020730       0x30 c:/fehqt/proteus/gcc/bin/../lib/gcc/arm-none-eabi/4.6.2/../../../../arm-none-eabi/lib/armv7e-m\libsupc++.a(class_type_info.o)
                0x00020730                vtable for __cxxabiv1::__class_type_info
 .rodata._ZTIN10__cxxabiv117__class_type_infoE
                0x00020760        0xc c:/fehqt/proteus/gcc/bin/../lib/gcc/arm-none-eabi/4.6.2/../../../../arm-none-eabi/lib/armv7e-m\libsupc++.a(class_type_info.o)
                0x00020760                typeinfo for __cxxabiv1::__class_type_info
 .rodata._ZTSN10__cxxabiv117__class_type_infoE
                0x0002076c       0x24 c:/fehqt/proteus/gcc/bin/../lib/gcc/arm-none-eabi/4.6.2/../../../../arm-none-eabi/lib/armv7e-m\libsupc++.a(class_type_info.o)
                0x0002076c                typeinfo name for __cxxabiv1::__class_type_info
 .rodata._ZTVSt9exception
                0x00020790       0x18 c:/fehqt/proteus/gcc/bin/../lib/gcc/arm-none-eabi/4.6.2/../../../../arm-none-eabi/lib/armv7e-m\libsupc++.a(eh_exception.o)
                0x00020790                vtable for std::exception
 .rodata._ZTIN10__cxxabiv115__forced_unwindE
                0x000207a8        0x8 c:/fehqt/proteus/gcc/bin/../lib/gcc/arm-none-eabi/4.6.2/../../../../arm-none-eabi/lib/armv7e-m\libsupc++.a(eh_exception.o)
                0x000207a8                typeinfo for __cxxabiv1::__forced_unwind
 .rodata._ZTISt9exception
                0x000207b0        0x8 c:/fehqt/proteus/gcc/bin/../lib/gcc/arm-none-eabi/4.6.2/../../../../arm-none-eabi/lib/armv7e-m\libsupc++.a(eh_exception.o)
                0x000207b0                typeinfo for std::exception
 .rodata._ZTSSt13bad_exception
                0x000207b8       0x14 c:/fehqt/proteus/gcc/bin/../lib/gcc/arm-none-eabi/4.6.2/../../../../arm-none-eabi/lib/armv7e-m\libsupc++.a(eh_exception.o)
                0x000207b8                typeinfo name for std::bad_exception
 .rodata.str1.4
                0x000207cc       0x23 c:/fehqt/proteus/gcc/bin/../lib/gcc/arm-none-eabi/4.6.2/../../../../arm-none-eabi/lib/armv7e-m\libsupc++.a(eh_exception.o)
                                 0x24 (size before relaxing)
 *fill*         0x000207ef        0x1 00
 .rodata._ZTSN10__cxxabiv119__foreign_exceptionE
                0x000207f0       0x24 c:/fehqt/proteus/gcc/bin/../lib/gcc/arm-none-eabi/4.6.2/../../../../arm-none-eabi/lib/armv7e-m\libsupc++.a(eh_exception.o)
                0x000207f0                typeinfo name for __cxxabiv1::__foreign_exception
 .rodata._ZTIN10__cxxabiv119__foreign_exceptionE
                0x00020814        0x8 c:/fehqt/proteus/gcc/bin/../lib/gcc/arm-none-eabi/4.6.2/../../../../arm-none-eabi/lib/armv7e-m\libsupc++.a(eh_exception.o)
                0x00020814                typeinfo for __cxxabiv1::__foreign_exception
 *fill*         0x0002081c        0x4 00
 .rodata._ZTVSt13bad_exception
                0x00020820       0x18 c:/fehqt/proteus/gcc/bin/../lib/gcc/arm-none-eabi/4.6.2/../../../../arm-none-eabi/lib/armv7e-m\libsupc++.a(eh_exception.o)
                0x00020820                vtable for std::bad_exception
 .rodata._ZTSSt9exception
                0x00020838       0x10 c:/fehqt/proteus/gcc/bin/../lib/gcc/arm-none-eabi/4.6.2/../../../../arm-none-eabi/lib/armv7e-m\libsupc++.a(eh_exception.o)