Archive member included because of file (symbol)

C:\fehqt\Proteus/EWL/lib/armv7e-m\libm.a(s_atanf.o)
                              ..\main.o (atanf)
C:\fehqt\Proteus/EWL/lib/armv7e-m\libm.a(s_cosf.o)
                              ..\main.o (cosf)
C:\fehqt\Proteus/EWL/lib/armv7e-m\libm.a(s_sinf.o)
                              ..\main.o (sinf)
C:\fehqt\Proteus/EWL/lib/armv7e-m\libm.a(s_tan.o)
                              ..\main.o (tan)
C:\fehqt\Proteus/EWL/lib/armv7e-m\libm.a(w_pow.o)
                              ..\main.o (pow)
C:\fehqt\Proteus/EWL/lib/armv7e-m\libm.a(w_sqrt.o)
                              ..\main.o (sqrt)
C:\fehqt\Proteus/EWL/lib/armv7e-m\libm.a(e_pow.o)
                              C:\fehqt\Proteus/EWL/lib/armv7e-m\libm.a(w_pow.o) (__ieee754_pow)
C:\fehqt\Proteus/EWL/lib/armv7e-m\libm.a(e_rem_pio2.o)
                              C:\fehqt\Proteus/EWL/lib/armv7e-m\libm.a(s_tan.o) (__ieee754_rem_pio2)
C:\fehqt\Proteus/EWL/lib/armv7e-m\libm.a(e_rem_pio2f.o)
                              C:\fehqt\Proteus/EWL/lib/armv7e-m\libm.a(s_cosf.o) (__ieee754_rem_pio2f)
C:\fehqt\Proteus/EWL/lib/armv7e-m\libm.a(e_sqrt.o)
                              C:\fehqt\Proteus/EWL/lib/armv7e-m\libm.a(w_sqrt.o) (__ieee754_sqrt)
C:\fehqt\Proteus/EWL/lib/armv7e-m\libm.a(float.o)
                              C:\fehqt\Proteus/EWL/lib/armv7e-m\libm.a(e_pow.o) (__double_nan)
C:\fehqt\Proteus/EWL/lib/armv7e-m\libm.a(k_cosf.o)
                              C:\fehqt\Proteus/EWL/lib/armv7e-m\libm.a(s_cosf.o) (__kernel_cosf)
C:\fehqt\Proteus/EWL/lib/armv7e-m\libm.a(k_rem_pio2.o)
                              C:\fehqt\Proteus/EWL/lib/armv7e-m\libm.a(e_rem_pio2.o) (__kernel_rem_pio2)
C:\fehqt\Proteus/EWL/lib/armv7e-m\libm.a(k_rem_pio2f.o)
                              C:\fehqt\Proteus/EWL/lib/armv7e-m\libm.a(e_rem_pio2f.o) (__kernel_rem_pio2f)
C:\fehqt\Proteus/EWL/lib/armv7e-m\libm.a(k_sinf.o)
                              C:\fehqt\Proteus/EWL/lib/armv7e-m\libm.a(s_cosf.o) (__kernel_sinf)
C:\fehqt\Proteus/EWL/lib/armv7e-m\libm.a(k_tan.o)
                              C:\fehqt\Proteus/EWL/lib/armv7e-m\libm.a(s_tan.o) (__kernel_tan)
C:\fehqt\Proteus/EWL/lib/armv7e-m\libm.a(math_api.o)
                              C:\fehqt\Proteus/EWL/lib/armv7e-m\libm.a(e_pow.o) (__fpclassifyd)
C:\fehqt\Proteus/EWL/lib/armv7e-m\libm.a(s_floor.o)
                              C:\fehqt\Proteus/EWL/lib/armv7e-m\libm.a(k_rem_pio2.o) (floor)
C:\fehqt\Proteus/EWL/lib/armv7e-m\libm.a(s_floorf.o)
                              C:\fehqt\Proteus/EWL/lib/armv7e-m\libm.a(k_rem_pio2f.o) (floorf)
C:\fehqt\Proteus/EWL/lib/armv7e-m\libm.a(s_scalbnf.o)
                              C:\fehqt\Proteus/EWL/lib/armv7e-m\libm.a(k_rem_pio2f.o) (scalbnf)
C:\fehqt\Proteus/EWL/lib/armv7e-m\libm.a(scalbn.o)
                              C:\fehqt\Proteus/EWL/lib/armv7e-m\libm.a(e_pow.o) (scalbn)
C:\fehqt\Proteus/EWL/lib/armv7e-m\libm.a(s_frexp.o)
                              C:\fehqt\Proteus/EWL/lib/armv7e-m\libm.a(scalbn.o) (frexp)
C:\fehqt\Proteus/EWL/lib/armv7e-m\libm.a(s_ldexp.o)
                              C:\fehqt\Proteus/EWL/lib/armv7e-m\libm.a(scalbn.o) (ldexp)
C:\fehqt\Proteus/EWL/lib/armv7e-m\libc.a(errno.o)
                              C:\fehqt\Proteus/EWL/lib/armv7e-m\libm.a(e_pow.o) (errno)
C:\fehqt\Proteus/EWL/lib/armv7e-m\libc.a(sprintf.o)
                              ..\main.o (sprintf)
C:\fehqt\Proteus/EWL/lib/armv7e-m\libc.a(vsnprintf.o)
                              C:\fehqt\Proteus/EWL/lib/armv7e-m\libc.a(sprintf.o) (vsnprintf)
C:\fehqt\Proteus/EWL/lib/armv7e-m\libc.a(vsscanf.o)
                              Libraries\FEHSD.o (vsscanf)
C:\fehqt\Proteus/EWL/lib/armv7e-m\libc.a(exit.o)
                              Startup\__arm_start.o (exit)
C:\fehqt\Proteus/EWL/lib/armv7e-m\libc.a(memcpy.o)
                              ..\main.o (memcpy)
C:\fehqt\Proteus/EWL/lib/armv7e-m\libc.a(memset.o)
                              Startup\__arm_start.o (memset)
C:\fehqt\Proteus/EWL/lib/armv7e-m\libc.a(strcmp.o)
                              Libraries\FEHLCD.o (strcmp)
C:\fehqt\Proteus/EWL/lib/armv7e-m\libc.a(strcpy.o)
                              ..\main.o (strcpy)
C:\fehqt\Proteus/EWL/lib/armv7e-m\libc.a(strlen.o)
                              Libraries\FEHLCD.o (strlen)
C:\fehqt\Proteus/EWL/lib/armv7e-m\libc.a(math_ARM.o)
                              C:\fehqt\Proteus/EWL/lib/armv7e-m\libm.a(math_api.o) (__ewl_count_bits32)
C:\fehqt\Proteus/EWL/lib/armv7e-m\libc.a(printformat_.o)
                              (__pformatter_)
C:\fehqt\Proteus/EWL/lib/armv7e-m\libc.a(scanformat_.o)
                              (__sformatter)
C:\fehqt\Proteus/EWL/lib/armv7e-m\libc.a(ctype_aeabi.o)
                              C:\fehqt\Proteus/EWL/lib/armv7e-m\libc.a(scanformat_.o) (isspace)
C:\fehqt\Proteus/EWL/lib/armv7e-m\libc.a(__strtoul.o)
[...]
Memory Configuration

Name             Origin             Length             Attributes
m_interrupts     0x0000c000         0x00000400         xr
m_cfmprotrom     0x0000c400         0x00000010         xr
m_text           0x0000c410         0x00073bf0         xr
m_data           0x1fff0400         0x0000fc00         xrw
m_data2          0x20000000         0x00010000         xrw
*default*        0x00000000         0xffffffff

Linker script and memory map

LOAD ..\Classes.o
LOAD ..\Simulation.o
LOAD ..\main.o
LOAD Startup\__arm_start.o
LOAD Startup\__arm_end.o
LOAD Startup\kinetis_sysinit.o
LOAD Libraries\FEHMotor.o
LOAD Drivers\mcg.o
LOAD Drivers\i2c.o
LOAD Drivers\spi.o
LOAD Drivers\uart.o
LOAD Drivers\ff.o
LOAD Drivers\SDHC.o
LOAD Drivers\lptmr.o
LOAD FEHProteus.o
LOAD Drivers\FEHPropeller.o
LOAD Libraries\FEHUtility.o
LOAD Libraries\FEHIO.o
LOAD Drivers\adc16.o
LOAD Libraries\FEHBuzzer.o
LOAD Libraries\FEHServo.o
LOAD Libraries\FEHLCD.o
LOAD Libraries\FEHAccel.o
LOAD Libraries\FEHBattery.o
LOAD Drivers\FEHXBee.o
LOAD Libraries\FEHRPS.o
LOAD Libraries\FEHSD.o
                0x00021ea4                __pformatter = __pformatter_
                [0x0002229c]                __sformatter = __sformatter
LOAD C:\fehqt\Proteus/EWL/lib/armv7e-m\libstdc++.a
LOAD C:\fehqt\Proteus/EWL/lib/armv7e-m\libm.a
START GROUP
LOAD C:\fehqt\Proteus/EWL/lib/armv7e-m\libc.a
LOAD C:\fehqt\Proteus/EWL/lib/armv7e-m\libc++.a
LOAD C:\fehqt\Proteus/EWL/lib/armv7e-m\libm.a
LOAD c:/fehqt/proteus/gcc/bin/../lib/gcc/arm-none-eabi/4.6.2/armv7e-m\libgcc.a
LOAD C:\fehqt\Proteus/EWL/lib/armv7e-m\librt.a
LOAD c:/fehqt/proteus/gcc/bin/../lib/gcc/arm-none-eabi/4.6.2/../../../../arm-none-eabi/lib/armv7e-m\libsupc++.a
END GROUP
                0x20000000                _estack = 0x20000000
                0x20000000                __SP_INIT = _estack
                0x00000800                __heap_size = 0x800
                0x00000800                __stack_size = 0x800

.interrupts     0x0000c000      0x1e0
                0x0000c000                __vector_table = .
                0x0000c000                . = ALIGN (0x4)
 *(.vectortable)
 .vectortable   0x0000c000      0x1e0 Startup\kinetis_sysinit.o
                0x0000c1e0                . = ALIGN (0x4)

.cfmprotect     0x0000c400        0x0
                0x0000c400                . = ALIGN (0x4)
 *(.cfmconfig)
                0x0000c400                . = ALIGN (0x4)

.text           0x0000c410    0x18d80
                0x0000c410                . = ALIGN (0x4)
 *(.text)
 .text          0x0000c410      0x370 c:/fehqt/proteus/gcc/bin/../lib/gcc/arm-none-eabi/4.6.2/armv7e-m\libgcc.a(_arm_addsubdf3.o)
                0x0000c410                __aeabi_drsub
                0x0000c418                __aeabi_dsub
                0x0000c418                __subdf3
                0x0000c41c                __aeabi_dadd
                0x0000c41c                __adddf3
                0x0000c694                __floatunsidf
                0x0000c694                __aeabi_ui2d
                0x0000c6b4                __floatsidf
                0x0000c6b4                __aeabi_i2d
                0x0000c6d8                __aeabi_f2d
                0x0000c6d8                __extendsfdf2
                0x0000c714                __floatundidf
                0x0000c714                __aeabi_ul2d
                0x0000c724                __floatdidf
                0x0000c724                __aeabi_l2d
 .text          0x0000c780      0x424 c:/fehqt/proteus/gcc/bin/../lib/gcc/arm-none-eabi/4.6.2/armv7e-m\libgcc.a(_arm_muldivdf3.o)
                0x0000c780                __aeabi_dmul
                0x0000c780                __muldf3
                0x0000c9d4                __divdf3
                0x0000c9d4                __aeabi_ddiv
 .text          0x0000cba4      0x110 c:/fehqt/proteus/gcc/bin/../lib/gcc/arm-none-eabi/4.6.2/armv7e-m\libgcc.a(_arm_cmpdf2.o)
                0x0000cba4                __gtdf2
                0x0000cba4                __gedf2
                0x0000cbac                __ltdf2
                0x0000cbac                __ledf2
                0x0000cbb4                __nedf2
                0x0000cbb4                __eqdf2
                0x0000cbb4                __cmpdf2
                0x0000cc30                __aeabi_cdrcmple
                0x0000cc40                __aeabi_cdcmpeq
                0x0000cc40                __aeabi_cdcmple
                0x0000cc50                __aeabi_dcmpeq
                0x0000cc64                __aeabi_dcmplt
                0x0000cc78                __aeabi_dcmple
                0x0000cc8c                __aeabi_dcmpge
                0x0000cca0                __aeabi_dcmpgt
 .text          0x0000ccb4       0x50 c:/fehqt/proteus/gcc/bin/../lib/gcc/arm-none-eabi/4.6.2/armv7e-m\libgcc.a(_arm_fixdfsi.o)
                0x0000ccb4                __aeabi_d2iz
                0x0000ccb4                __fixdfsi
 .text          0x0000cd04       0x40 c:/fehqt/proteus/gcc/bin/../lib/gcc/arm-none-eabi/4.6.2/armv7e-m\libgcc.a(_arm_fixunsdfsi.o)
                0x0000cd04                __aeabi_d2uiz
                0x0000cd04                __fixunsdfsi
 .text          0x0000cd44       0xa0 c:/fehqt/proteus/gcc/bin/../lib/gcc/arm-none-eabi/4.6.2/armv7e-m\libgcc.a(_arm_truncdfsf2.o)
                0x0000cd44                __truncdfsf2
                0x0000cd44                __aeabi_d2f
 .text          0x0000cde4      0x21c c:/fehqt/proteus/gcc/bin/../lib/gcc/arm-none-eabi/4.6.2/armv7e-m\libgcc.a(_arm_addsubsf3.o)
                0x0000cde4                __aeabi_frsub
                0x0000cdec                __subsf3
                0x0000cdec                __aeabi_fsub
                0x0000cdf0                __aeabi_fadd
                0x0000cdf0                __addsf3
                0x0000cf50                __aeabi_ui2f
                0x0000cf50                __floatunsisf
                0x0000cf58                __aeabi_i2f
                0x0000cf58                __floatsisf
                0x0000cf74                __aeabi_ul2f
                0x0000cf74                __floatundisf
                0x0000cf84                __aeabi_l2f
                0x0000cf84                __floatdisf
 .text          0x0000d000      0x2a0 c:/fehqt/proteus/gcc/bin/../lib/gcc/arm-none-eabi/4.6.2/armv7e-m\libgcc.a(_arm_muldivsf3.o)
                0x0000d000                __mulsf3
                0x0000d000                __aeabi_fmul
                0x0000d168                __aeabi_fdiv
                0x0000d168                __divsf3
 .text          0x0000d2a0       0xec c:/fehqt/proteus/gcc/bin/../lib/gcc/arm-none-eabi/4.6.2/armv7e-m\libgcc.a(_arm_cmpsf2.o)
                0x0000d2a0                __gesf2
                0x0000d2a0                __gtsf2
                0x0000d2a8                __lesf2
                0x0000d2a8                __ltsf2
                0x0000d2b0                __nesf2
                0x0000d2b0                __eqsf2
                0x0000d2b0                __cmpsf2
                0x0000d310                __aeabi_cfrcmple
                0x0000d318                __aeabi_cfcmpeq
                0x0000d318                __aeabi_cfcmple
                0x0000d328                __aeabi_fcmpeq
                0x0000d33c                __aeabi_fcmplt
                0x0000d350                __aeabi_fcmple
                0x0000d364                __aeabi_fcmpge
                0x0000d378                __aeabi_fcmpgt
 .text          0x0000d38c       0x4c c:/fehqt/proteus/gcc/bin/../lib/gcc/arm-none-eabi/4.6.2/armv7e-m\libgcc.a(_arm_fixsfsi.o)
                0x0000d38c                __aeabi_f2iz
                0x0000d38c                __fixsfsi
 .text          0x0000d3d8      0xb54 c:/fehqt/proteus/gcc/bin/../lib/gcc/arm-none-eabi/4.6.2/armv7e-m\libgcc.a(unwind-arm.o)
                0x0000d680                _Unwind_VRS_Get
                0x0000d6c0                _Unwind_VRS_Set
                0x0000da20                __aeabi_unwind_cpp_pr2
                0x0000da24                __aeabi_unwind_cpp_pr1
                0x0000da28                __aeabi_unwind_cpp_pr0
                0x0000da2c                _Unwind_VRS_Pop
                0x0000dde0                _Unwind_GetCFA
                0x0000dde4                __gnu_Unwind_RaiseException
                0x0000de44                __gnu_Unwind_ForcedUnwind
                0x0000de58                __gnu_Unwind_Resume
                0x0000de94                __gnu_Unwind_Resume_or_Rethrow
                0x0000dea4                _Unwind_Complete
                0x0000dea8                _Unwind_DeleteException
                0x0000deb8                __gnu_Unwind_Backtrace
 .text          0x0000df2c      0x1ac c:/fehqt/proteus/gcc/bin/../lib/gcc/arm-none-eabi/4.6.2/armv7e-m\libgcc.a(libunwind.o)
                0x0000df2c                __restore_core_regs
                0x0000df2c                restore_core_regs
                0x0000df44                __gnu_Unwind_Restore_VFP
                0x0000df4c                __gnu_Unwind_Save_VFP
                0x0000df54                __gnu_Unwind_Restore_VFP_D
                0x0000df5c                __gnu_Unwind_Save_VFP_D
                0x0000df64                __gnu_Unwind_Restore_VFP_D_16_to_31
                0x0000df6c                __gnu_Unwind_Save_VFP_D_16_to_31
                0x0000df74                __gnu_Unwind_Restore_WMMXD
                0x0000dfb8                __gnu_Unwind_Save_WMMXD
                0x0000dffc                __gnu_Unwind_Restore_WMMXC
                0x0000e010                __gnu_Unwind_Save_WMMXC
                0x0000e024                ___Unwind_RaiseException
                0x0000e024                _Unwind_RaiseException
                0x0000e048                _Unwind_Resume
                0x0000e048                ___Unwind_Resume
                0x0000e06c                _Unwind_Resume_or_Rethrow
                0x0000e06c                ___Unwind_Resume_or_Rethrow
                0x0000e090                _Unwind_ForcedUnwind
                0x0000e090                ___Unwind_ForcedUnwind
                0x0000e0b4                ___Unwind_Backtrace
                0x0000e0b4                _Unwind_Backtrace
 .text          0x0000e0d8      0x374 c:/fehqt/proteus/gcc/bin/../lib/gcc/arm-none-eabi/4.6.2/armv7e-m\libgcc.a(pr-support.o)
                0x0000e12c                __gnu_unwind_execute
                0x0000e3f4                __gnu_unwind_frame
                0x0000e41c                _Unwind_GetRegionStart
                0x0000e428                _Unwind_GetLanguageSpecificData
                0x0000e43c                _Unwind_GetDataRelBase
                0x0000e444                _Unwind_GetTextRelBase
 *(.text*)
 .text._ZN7Vector2C2Ev
                0x0000e44c       0x28 ..\Simulation.o
                0x0000e44c                Vector2::Vector2()
                0x0000e44c                Vector2::Vector2()
 .text._ZN7PolygonC2Ev
                0x0000e474       0x40 ..\Simulation.o
                0x0000e474                Polygon::Polygon()
                0x0000e474                Polygon::Polygon()
 .text._ZN3CDSC2Ev
                0x0000e4b4       0x40 ..\Simulation.o
                0x0000e4b4                CDS::CDS()
                0x0000e4b4                CDS::CDS()
 .text._ZN5ServoC2Ev
                0x0000e4f4       0x40 ..\Simulation.o
                0x0000e4f4                Servo::Servo()
                0x0000e4f4                Servo::Servo()
 .text._ZN10BumpSwitchC2Ev
                0x0000e534       0x40 ..\Simulation.o
                0x0000e534                BumpSwitch::BumpSwitch()
                0x0000e534                BumpSwitch::BumpSwitch()
 .text._ZN5WheelC2Ev
                0x0000e574       0x64 ..\Simulation.o
                0x0000e574                Wheel::Wheel()
                0x0000e574                Wheel::Wheel()
 .text._ZN7VehicleC2Ev
                0x0000e5d8       0xd8 ..\Simulation.o
                0x0000e5d8                Vehicle::Vehicle()
                0x0000e5d8                Vehicle::Vehicle()
 .text._Z41__static_initialization_and_destruction_0ii
                0x0000e6b0       0x30 ..\Simulation.o
 .text._GLOBAL__sub_I_simulatedVehicle
                0x0000e6e0       0x14 ..\Simulation.o
 .text._ZSt4atanf
                0x0000e6f4       0x1c ..\main.o
                0x0000e6f4                std::atan(float)
 .text._ZSt3cosf
                0x0000e710       0x1c ..\main.o
                0x0000e710                std::cos(float)
 .text._ZSt3sinf
                0x0000e72c       0x1c ..\main.o
                0x0000e72c                std::sin(float)
 .text._ZN7Vector2C2Eff
                0x0000e748       0x28 ..\main.o
                0x0000e748                Vector2::Vector2(float, float)
                0x0000e748                Vector2::Vector2(float, float)
 .text._ZN7Vector212getMagnitudeEv
                0x0000e770       0x60 ..\main.o
                0x0000e770                Vector2::getMagnitude()
 .text._ZN7Vector213getUnitVectorEv
                0x0000e7d0       0x90 ..\main.o
                0x0000e7d0                Vector2::getUnitVector()
 .text._ZN7Vector26RotateEf
                0x0000e860       0xc0 ..\main.o
                0x0000e860                Vector2::Rotate(float)
 .text._ZN7Vector28getAngleEv
                0x0000e920       0xa0 ..\main.o
                0x0000e920                Vector2::getAngle()
 .text._ZN7Vector216DegreesToVector2Ef
                0x0000e9c0       0x60 ..\main.o
                0x0000e9c0                Vector2::DegreesToVector2(float)
 .text._ZN10IntVector2C2Eii
                0x0000ea20       0x28 ..\main.o
                0x0000ea20                IntVector2::IntVector2(int, int)
                0x0000ea20                IntVector2::IntVector2(int, int)
 .text._ZN10IntVector2C2Ev
                0x0000ea48       0x28 ..\main.o
                0x0000ea48                IntVector2::IntVector2()
                0x0000ea48                IntVector2::IntVector2()
 .text._ZN7VectorsC2Ev
                0x0000ea70      0x448 ..\main.o
                0x0000ea70                Vectors::Vectors()
                0x0000ea70                Vectors::Vectors()
 .text._ZN7Vectors19AlignVehicleVectorsEf
                0x0000eeb8       0xe8 ..\main.o
                0x0000eeb8                Vectors::AlignVehicleVectors(float)
 .text._ZN7Vectors21getAverageUnitVector2E7Vector2S0_
                0x0000efa0       0x5c ..\main.o
                0x0000efa0                Vectors::getAverageUnitVector2(Vector2, Vector2)
 .text._ZN4EdgeC2E7Vector2S0_i
                0x0000effc      0x138 ..\main.o
                0x0000effc                Edge::Edge(Vector2, Vector2, int)
                0x0000effc                Edge::Edge(Vector2, Vector2, int)
 .text._ZN4EdgeC2Ev
                0x0000f134       0x48 ..\main.o
                0x0000f134                Edge::Edge()
                0x0000f134                Edge::Edge()
 .text._ZN3BoxC2E7Vector2ff
                0x0000f17c      0x108 ..\main.o
                0x0000f17c                Box::Box(Vector2, float, float)
                0x0000f17c                Box::Box(Vector2, float, float)
 .text._ZN3BoxC2Ev
                0x0000f284       0x3c ..\main.o
                0x0000f284                Box::Box()
                0x0000f284                Box::Box()
 .text._ZN6CircleC2E7Vector2f
                0x0000f2c0       0x5c ..\main.o
                0x0000f2c0                Circle::Circle(Vector2, float)
                0x0000f2c0                Circle::Circle(Vector2, float)
 .text._ZN6CircleC2Ev
                0x0000f31c       0x3c ..\main.o
                0x0000f31c                Circle::Circle()
                0x0000f31c                Circle::Circle()
 .text._ZN7PolygonC2EP7Vector2i
                0x0000f358       0x90 ..\main.o
                0x0000f358                Polygon::Polygon(Vector2*, int)
                0x0000f358                Polygon::Polygon(Vector2*, int)
 .text._ZN7Polygon6RotateEf
                0x0000f3e8       0x4c ..\main.o
                0x0000f3e8                Polygon::Rotate(float)
 .text._ZN7Polygon9TranslateE7Vector2
                0x0000f434       0x98 ..\main.o
                0x0000f434                Polygon::Translate(Vector2)
 .text._ZN3CDSC2E7Vector2S0_
                0x0000f4cc       0x78 ..\main.o
                0x0000f4cc                CDS::CDS(Vector2, Vector2)
                0x0000f4cc                CDS::CDS(Vector2, Vector2)
 .text._ZN3CDS11isBlueLightEv
                0x0000f544       0x78 ..\main.o
                0x0000f544                CDS::isBlueLight()
 .text._ZN3CDS10isRedLightEv
                0x0000f5bc       0x78 ..\main.o
                0x0000f5bc                CDS::isRedLight()
 .text._ZN3CDS7isLightEv
                0x0000f634       0x78 ..\main.o
                0x0000f634                CDS::isLight()
 .text._ZN3CDS5ValueEv
                0x0000f6ac       0x18 ..\main.o
                0x0000f6ac                CDS::Value()
 .text._ZN3CDS9CreateCDSEv
                0x0000f6c4       0x8c ..\main.o
                0x0000f6c4                CDS::CreateCDS()
 .text._ZN5ServoC2E7Vector2S0_f
                0x0000f750       0x80 ..\main.o
                0x0000f750                Servo::Servo(Vector2, Vector2, float)
                0x0000f750                Servo::Servo(Vector2, Vector2, float)
 .text._ZN5Servo9SetDegreeEf
                0x0000f7d0       0x1c ..\main.o
                0x0000f7d0                Servo::SetDegree(float)
 .text._ZN5Servo11CreateServoEv
                0x0000f7ec       0x9c ..\main.o
                0x0000f7ec                Servo::CreateServo()
 .text._ZN10BumpSwitchC2E7Vector2S0_
                0x0000f888       0x78 ..\main.o
                0x0000f888                BumpSwitch::BumpSwitch(Vector2, Vector2)
                0x0000f888                BumpSwitch::BumpSwitch(Vector2, Vector2)
 .text._ZN10BumpSwitch5ValueEv
                0x0000f900       0x1c ..\main.o
                0x0000f900                BumpSwitch::Value()
 .text._ZN10BumpSwitch6RotateEf
                0x0000f91c       0x2c ..\main.o
                0x0000f91c                BumpSwitch::Rotate(float)
 .text._ZN10BumpSwitch11SetRotationEf
                0x0000f948       0x78 ..\main.o
                0x0000f948                BumpSwitch::SetRotation(float)
 .text._ZN10BumpSwitch16CreateBumpSwitchEv
                0x0000f9c0       0x8c ..\main.o
                0x0000f9c0                BumpSwitch::CreateBumpSwitch()
 .text._ZN5WheelC2E7Vector2S0_ff
                0x0000fa4c       0xa8 ..\main.o
                0x0000fa4c                Wheel::Wheel(Vector2, Vector2, float, float)
                0x0000fa4c                Wheel::Wheel(Vector2, Vector2, float, float)
 .text._ZN5Wheel4StopEv
                0x0000faf4       0x20 ..\main.o
                0x0000faf4                Wheel::Stop()
 .text._ZN5Wheel10SetPercentEf
                0x0000fb14       0x1c ..\main.o
                0x0000fb14                Wheel::SetPercent(float)
 .text._ZN5Wheel6RotateEf
                0x0000fb30       0x38 ..\main.o
                0x0000fb30                Wheel::Rotate(float)
 .text._ZN5Wheel11SetRotationEf
                0x0000fb68       0xa8 ..\main.o
                0x0000fb68                Wheel::SetRotation(float)
 .text._ZN5Wheel11CreateWheelEv
                0x0000fc10      0x19c ..\main.o
                0x0000fc10                Wheel::CreateWheel()
 .text._ZN7VehicleC2E7Vector2S0_S0_7Polygon5Servo3CDSP5WheeliP10BumpSwitchif
                0x0000fdac      0x2a4 ..\main.o
                0x0000fdac                Vehicle::Vehicle(Vector2, Vector2, Vector2, Polygon, Servo, CDS, Wheel*, int, BumpSwitch*, int, float)
                0x0000fdac                Vehicle::Vehicle(Vector2, Vector2, Vector2, Polygon, Servo, CDS, Wheel*, int, BumpSwitch*, int, float)
 .text._ZN7Vehicle4TurnEf
                0x00010050       0xa4 ..\main.o
                0x00010050                Vehicle::Turn(float)
 .text._ZN7Vehicle4MoveE7Vector2f
                0x000100f4      0x1a0 ..\main.o
                0x000100f4                Vehicle::Move(Vector2, float)
 .text._ZN7Vehicle4StopEv
                0x00010294       0x34 ..\main.o
                0x00010294                Vehicle::Stop()
 .text._ZN7Vehicle11AddRotationEf
                0x000102c8       0xb0 ..\main.o
                0x000102c8                Vehicle::AddRotation(float)
 .text._ZN7Vehicle11SetRotationEf
                0x00010378       0xd4 ..\main.o
                0x00010378                Vehicle::SetRotation(float)
 .text._ZN7Vehicle11SetPositionE7Vector2
                0x0001044c       0x28 ..\main.o
                0x0001044c                Vehicle::SetPosition(Vector2)
 .text._ZN6ButtonC2E3BoxPci
                0x00010474       0x6c ..\main.o
                0x00010474                Button::Button(Box, char*, int)
                0x00010474                Button::Button(Box, char*, int)
 .text._ZN6ButtonC2Ev
                0x000104e0       0x1c ..\main.o
                0x000104e0                Button::Button()
                0x000104e0                Button::Button()
 .text._ZN6Button14IsBeingPressedE7Vector2
                0x000104fc       0x38 ..\main.o
                0x000104fc                Button::IsBeingPressed(Vector2)
 .text._ZN6Button14IsWithinBoundsE7Vector2
                0x00010534       0xd8 ..\main.o
                0x00010534                Button::IsWithinBounds(Vector2)
 .text._ZN6Button10DrawButtonEv
                0x0001060c       0x28 ..\main.o
                0x0001060c                Button::DrawButton()
 .text._ZN6Button19DrawUnpressedButtonEv
                0x00010634      0x3fc ..\main.o
                0x00010634                Button::DrawUnpressedButton()
 .text._ZN6Button17DrawPressedButtonEv
                0x00010a30      0x46c ..\main.o
                0x00010a30                Button::DrawPressedButton()
 .text._ZN14StateIndicatorC2E3BoxPc
                0x00010e9c       0x88 ..\main.o
                0x00010e9c                StateIndicator::StateIndicator(Box, char*)
                0x00010e9c                StateIndicator::StateIndicator(Box, char*)
 .text._ZN14StateIndicatorC2Ev
                0x00010f24       0x1c ..\main.o
                0x00010f24                StateIndicator::StateIndicator()
                0x00010f24                StateIndicator::StateIndicator()
 .text._ZN14StateIndicator10UpdateTextEPc
                0x00010f40       0x20 ..\main.o
                0x00010f40                StateIndicator::UpdateText(char*)
 .text._ZN14StateIndicator12UpdateColorsEi
                0x00010f60       0x1c ..\main.o
                0x00010f60                StateIndicator::UpdateColors(int)
 .text._ZN14StateIndicator4DrawEv
                0x00010f7c       0x18 ..\main.o
                0x00010f7c                StateIndicator::Draw()
 .text._ZN14StateIndicator13DrawIndicatorEv
                0x00010f94      0x190 ..\main.o
                0x00010f94                StateIndicator::DrawIndicator()
 .text._ZN10SimulationC2Ev
                0x00011124       0x18 ..\main.o
                0x00011124                Simulation::Simulation()
                0x00011124                Simulation::Simulation()
 .text.main     0x0001113c       0x8c ..\main.o
                0x0001113c                main
 .text._ZN6CourseC2E7Vector2f
                0x000111c8      0x580 ..\main.o
                0x000111c8                Course::Course(Vector2, float)
                0x000111c8                Course::Course(Vector2, float)
 .text._ZN6CourseC2Ev
                0x00011748       0xb8 ..\main.o
                0x00011748                Course::Course()
                0x00011748                Course::Course()
 .text._ZN6Course10DrawCourseEv
                0x00011800      0x1bc ..\main.o
                0x00011800                Course::DrawCourse()
 .text._ZN6Course16DrawCourseObjectE3Box
                0x000119bc       0x88 ..\main.o
                0x000119bc                Course::DrawCourseObject(Box)
 .text._ZN6Course16DrawCourseObjectE6Circle
                0x00011a44       0x54 ..\main.o
                0x00011a44                Course::DrawCourseObject(Circle)
 .text._ZN6Course16DrawCourseObjectE4Edge
                0x00011a98       0x78 ..\main.o
                0x00011a98                Course::DrawCourseObject(Edge)
 .text._ZN6Course20DrawRealCourseObjectE4Edge
                0x00011b10       0x78 ..\main.o
                0x00011b10                Course::DrawRealCourseObject(Edge)
 .text._ZN6Course20DrawRealCourseObjectE7Polygon
                0x00011b88      0x154 ..\main.o
                0x00011b88                Course::DrawRealCourseObject(Polygon)
 .text._ZN6Course10PlotVectorE7Vector2S0_
                0x00011cdc       0x84 ..\main.o
                0x00011cdc                Course::PlotVector(Vector2, Vector2)
 .text._ZN6Course12DrawRealTextE7Vector2PKc
                0x00011d60       0x70 ..\main.o
                0x00011d60                Course::DrawRealText(Vector2, char const*)
 .text._ZN6Course15DrawRealVehicleE7Vehicle
                0x00011dd0      0x494 ..\main.o
                0x00011dd0                Course::DrawRealVehicle(Vehicle)
 .text._ZN6Course16ToGlobalPositionE7Vector2
                0x00012264       0x68 ..\main.o
                0x00012264                Course::ToGlobalPosition(Vector2)
 .text._ZN6Course20ToRealGlobalPositionE7Vector2
                0x000122cc       0x68 ..\main.o
                0x000122cc                Course::ToRealGlobalPosition(Vector2)
 .text._ZN5StateC2Ev
                0x00012334       0x20 ..\main.o
                0x00012334                State::State()
                0x00012334                State::State()
 .text._ZN5State2GoEv
                0x00012354       0x18 ..\main.o
                0x00012354                State::Go()
 .text._ZN9StateVoidC2EP9NavigatorMS0_FbvE
                0x0001236c       0x44 ..\main.o
                0x0001236c                StateVoid::StateVoid(Navigator*, bool (Navigator::*)())
                0x0001236c                StateVoid::StateVoid(Navigator*, bool (Navigator::*)())
 .text._ZN9StateVoid2GoEv
                0x000123b0       0x54 ..\main.o
                0x000123b0                StateVoid::Go()
 .text._ZN10StateVFFIIC2EP9NavigatorMS0_Fb7Vector2ffiiES2_ffii
                0x00012404       0x7c ..\main.o
                0x00012404                StateVFFII::StateVFFII(Navigator*, bool (Navigator::*)(Vector2, float, float, int, int), Vector2, float, float, int, int)
                0x00012404                StateVFFII::StateVFFII(Navigator*, bool (Navigator::*)(Vector2, float, float, int, int), Vector2, float, float, int, int)
 .text._ZN10StateVFFII2GoEv
                0x00012480       0x80 ..\main.o
                0x00012480                StateVFFII::Go()
 .text._ZN9StateVFFIC2EP9NavigatorMS0_Fb7Vector2ffiES2_ffi
                0x00012500       0x74 ..\main.o
                0x00012500                StateVFFI::StateVFFI(Navigator*, bool (Navigator::*)(Vector2, float, float, int), Vector2, float, float, int)
                0x00012500                StateVFFI::StateVFFI(Navigator*, bool (Navigator::*)(Vector2, float, float, int), Vector2, float, float, int)
 .text._ZN9StateVFFI2GoEv
                0x00012574       0x7c ..\main.o
                0x00012574                StateVFFI::Go()
 .text._ZN8StateVFFC2EP9NavigatorMS0_Fb7Vector2ffES2_ff
                0x000125f0       0x70 ..\main.o
                0x000125f0                StateVFF::StateVFF(Navigator*, bool (Navigator::*)(Vector2, float, float), Vector2, float, float)
                0x000125f0                StateVFF::StateVFF(Navigator*, bool (Navigator::*)(Vector2, float, float), Vector2, float, float)
 .text._ZN8StateVFF2GoEv
                0x00012660       0x74 ..\main.o
                0x00012660                StateVFF::Go()
 .text._ZN8StateVFIC2EP9NavigatorMS0_Fb7Vector2fiES2_fi
                0x000126d4       0x70 ..\main.o
                0x000126d4                StateVFI::StateVFI(Navigator*, bool (Navigator::*)(Vector2, float, int), Vector2, float, int)
                0x000126d4                StateVFI::StateVFI(Navigator*, bool (Navigator::*)(Vector2, float, int), Vector2, float, int)
 .text._ZN8StateVFI2GoEv
                0x00012744       0x74 ..\main.o
                0x00012744                StateVFI::Go()
 .text._ZN8StateFFIC2EP9NavigatorMS0_FbffiEffi
                0x000127b8       0x58 ..\main.o
                0x000127b8                StateFFI::StateFFI(Navigator*, bool (Navigator::*)(float, float, int), float, float, int)
                0x000127b8                StateFFI::StateFFI(Navigator*, bool (Navigator::*)(float, float, int), float, float, int)
 .text._ZN8StateFFI2GoEv
                0x00012810       0x60 ..\main.o
                0x00012810                StateFFI::Go()
 .text._ZN7StateFFC2EP9NavigatorMS0_FbffEff
                0x00012870       0x50 ..\main.o
                0x00012870                StateFF::StateFF(Navigator*, bool (Navigator::*)(float, float), float, float)
                0x00012870                StateFF::StateFF(Navigator*, bool (Navigator::*)(float, float), float, float)
 .text._ZN7StateFF2GoEv
                0x000128c0       0x58 ..\main.o
                0x000128c0                StateFF::Go()
 .text._ZN6StateFC2EP9NavigatorMS0_FbfEf
                0x00012918       0x4c ..\main.o
                0x00012918                StateF::StateF(Navigator*, bool (Navigator::*)(float), float)
                0x00012918                StateF::StateF(Navigator*, bool (Navigator::*)(float), float)
 .text._ZN6StateF2GoEv
                0x00012964       0x58 ..\main.o
                0x00012964                StateF::Go()
 .text._ZN12StateMachineC2Efi
                0x000129bc       0x34 ..\main.o
                0x000129bc                StateMachine::StateMachine(float, int)
                0x000129bc                StateMachine::StateMachine(float, int)
 .text._ZN12StateMachineC2Ev
                0x000129f0       0x38 ..\main.o
                0x000129f0                StateMachine::StateMachine()
                0x000129f0                StateMachine::StateMachine()
 .text._ZN12StateMachine3AddEP5State
                0x00012a28       0x2c ..\main.o
                0x00012a28                StateMachine::Add(State*)
 .text._ZN12StateMachine4NextEv
                0x00012a54       0x5c ..\main.o
                0x00012a54                StateMachine::Next()
 .text._ZN12StateMachine6UpdateEv
                0x00012ab0       0x40 ..\main.o
                0x00012ab0                StateMachine::Update()
 .text._ZN12StateMachine5StartEv
                0x00012af0       0x34 ..\main.o
                0x00012af0                StateMachine::Start()
 .text._ZN12StateMachine5ResetEv
                0x00012b24       0x1c ..\main.o
                0x00012b24                StateMachine::Reset()
 .text._ZN9NavigatorC2EP7Vehicle
                0x00012b40      0x100 ..\main.o
                0x00012b40                Navigator::Navigator(Vehicle*)
                0x00012b40                Navigator::Navigator(Vehicle*)
 .text._ZN9NavigatorC2Ev
                0x00012c40       0x2c ..\main.o
                0x00012c40                Navigator::Navigator()
                0x00012c40                Navigator::Navigator()
 .text._ZN9Navigator11TurnDegreesEff
                0x00012c6c      0x140 ..\main.o
                0x00012c6c                Navigator::TurnDegrees(float, float)
 .text._ZN9Navigator12MoveDistanceE7Vector2ff
                0x00012dac      0x10c ..\main.o
                0x00012dac                Navigator::MoveDistance(Vector2, float, float)
 .text._ZN9Navigator11StopVehicleEf
                0x00012eb8       0x6c ..\main.o
                0x00012eb8                Navigator::StopVehicle(float)
 .text._ZN9Navigator6TurnCWEff
                0x00012f24       0x24 ..\main.o
                0x00012f24                Navigator::TurnCW(float, float)
 .text._ZN9Navigator7TurnCCWEff
                0x00012f48       0x30 ..\main.o
                0x00012f48                Navigator::TurnCCW(float, float)
 .text._ZN9Navigator15TurnUntilBumpCWEffi
                0x00012f78       0x60 ..\main.o
                0x00012f78                Navigator::TurnUntilBumpCW(float, float, int)
 .text._ZN9Navigator16TurnUntilBumpCCWEffi
                0x00012fd8       0x6c ..\main.o
                0x00012fd8                Navigator::TurnUntilBumpCCW(float, float, int)
 .text._ZN9Navigator12MoveDurationE7Vector2ff
                0x00013044       0x80 ..\main.o
                0x00013044                Navigator::MoveDuration(Vector2, float, float)
 *fill*         0x000130c4        0x4 00
 .text._ZN9Navigator21MoveDurationBlueShiftEv
                0x000130c8      0x138 ..\main.o
                0x000130c8                Navigator::MoveDurationBlueShift()
 .text._ZN9Navigator22MoveWhileFlushDurationE7Vector2ffii
                0x00013200      0x1b0 ..\main.o
                0x00013200                Navigator::MoveWhileFlushDuration(Vector2, float, float, int, int)
 .text._ZN9Navigator13MoveUntilBumpE7Vector2fi
                0x000133b0       0x58 ..\main.o
                0x000133b0                Navigator::MoveUntilBump(Vector2, float, int)
 .text._ZN9Navigator13MoveWhileBumpE7Vector2fi
                0x00013408       0x50 ..\main.o
                0x00013408                Navigator::MoveWhileBump(Vector2, float, int)
 .text._ZN9Navigator21MoveUntilBumpDurationE7Vector2ffi
                0x00013458       0xb8 ..\main.o
                0x00013458                Navigator::MoveUntilBumpDuration(Vector2, float, float, int)
 .text._ZN9Navigator13SetServoAngleEff
                0x00013510       0x74 ..\main.o
                0x00013510                Navigator::SetServoAngle(float, float)
 *fill*         0x00013584        0x4 00
 .text._ZN9Navigator5DoDDREv
                0x00013588       0x60 ..\main.o
                0x00013588                Navigator::DoDDR()
 .text._ZN9Navigator12WaitForLightEv
                0x000135e8       0x24 ..\main.o
                0x000135e8                Navigator::WaitForLight()
 .text._ZN9Navigator6UpdateEv
                0x0001360c       0x20 ..\main.o
                0x0001360c                Navigator::Update()
 .text._ZN9Navigator22PerformanceTestThreeD1Ev
                0x0001362c     0x14b0 ..\main.o
                0x0001362c                Navigator::PerformanceTestThreeD1()
 .text._ZN9Navigator5ResetEv
                0x00014adc       0x28 ..\main.o
                0x00014adc                Navigator::Reset()
 .text._ZN9Navigator5StartEv
                0x00014b04       0x1c ..\main.o
                0x00014b04                Navigator::Start()
 .text._Z4Initv
                0x00014b20     0x11d8 ..\main.o
                0x00014b20                Init()
 .text._Z14DrawEverythingv
                0x00015cf8      0x3a8 ..\main.o
                0x00015cf8                DrawEverything()
 .text._Z8mainLoopv
                0x000160a0      0x200 ..\main.o
                0x000160a0                mainLoop()
 .text._Z7DrawBox3Box
                0x000162a0       0x60 ..\main.o
                0x000162a0                DrawBox(Box)
 .text._Z13DrawBoxBorder3Box
                0x00016300       0x60 ..\main.o
                0x00016300                DrawBoxBorder(Box)
 .text._Z8DrawEdge4Edge
                0x00016360       0x64 ..\main.o
                0x00016360                DrawEdge(Edge)
 .text._Z10DrawCircle6Circle
                0x000163c4       0x48 ..\main.o
                0x000163c4                DrawCircle(Circle)
 .text._Z9UpdateCDSv
                0x0001640c       0x20 ..\main.o
                0x0001640c                UpdateCDS()
 .text._Z12UpdateServosv
                0x0001642c       0x20 ..\main.o
                0x0001642c                UpdateServos()
 .text._Z12UpdateMotorsv
                0x0001644c       0x54 ..\main.o
                0x0001644c                UpdateMotors()
 .text._Z11UpdateBumpsv
                0x000164a0       0xb0 ..\main.o
                0x000164a0                UpdateBumps()
 .text._Z19UpdateHardwareInputv
                0x00016550       0x10 ..\main.o
                0x00016550                UpdateHardwareInput()
 .text._Z20UpdateHardwareOutputv
                0x00016560       0x10 ..\main.o
                0x00016560                UpdateHardwareOutput()
 .text._Z18PrintMotorPercentsv
                0x00016570        0xc ..\main.o
                0x00016570                PrintMotorPercents()
 .text._ZSt3powIfdENSt15__ewl_enable_ifIXaasrSt19__ewl_is_arithmeticIT_E5valuesrS1_IT0_E5valueENSt13__ewl_promoteIS2_S4_vE4typeEE4typeES2_S4_
                0x0001657c       0x34 ..\main.o
                0x0001657c                std::__ewl_enable_if<(std::__ewl_is_arithmetic<float>::value)&&(std::__ewl_is_arithmetic<double>::value), std::__ewl_promote<float, double, void>::type>::type std::pow<float, double>(float, double)
 .text._Z41__static_initialization_and_destruction_0ii
                0x000165b0      0x1a0 ..\main.o
 .text._GLOBAL__sub_I_timeSinceLastCodeCall
                0x00016750       0x14 ..\main.o
 .text.zero_fill_bss
                0x00016764       0x34 Startup\__arm_start.o
 .text.__thumb_startup
                0x00016798       0x34 Startup\__arm_start.o
                0x00016798                __thumb_startup
 .text.InitFEHProteus
                0x000167cc      0x15c Startup\__arm_start.o
                0x000167cc                InitFEHProteus
 .text.pll_init_bl
                0x00016928      0x130 Startup\__arm_start.o
 .text.InitPowerButton
                0x00016a58       0x90 Startup\__arm_start.o
                0x00016a58                InitPowerButton
 .text._ExitProcess
                0x00016ae8        0xc Startup\__arm_end.o
                0x00016ae8                _ExitProcess
 .text.Default_Handler
                0x00016af4        0xc Startup\kinetis_sysinit.o
                0x00016af4                BusFault_Handler()
                0x00016af4                HardFault_Handler()
                0x00016af4                SysTick_Handler()
                0x00016af4                PendSV_Handler()
                0x00016af4                DebugMonitor_Handler()
                0x00016af4                MemManage_Handler()
                0x00016af4                NMI_Handler()
                0x00016af4                SVC_Handler()
                0x00016af4                Default_Handler
                0x00016af4                UsageFault_Handler()
 .text.__init_hardware
                0x00016b00       0x44 Startup\kinetis_sysinit.o
                0x00016b00                __init_hardware
 .text._Z8PortDISRv
                0x00016b44       0x64 Startup\kinetis_sysinit.o
                0x00016b44                PortDISR()
 .text._ZN8FEHMotorC2ENS_12FEHMotorPortEf
                0x00016ba8       0xb0 Libraries\FEHMotor.o
                0x00016ba8                FEHMotor::FEHMotor(FEHMotor::FEHMotorPort, float)
                0x00016ba8                FEHMotor::FEHMotor(FEHMotor::FEHMotorPort, float)
 .text._ZN8FEHMotor8SetPowerEi
                0x00016c58       0x60 Libraries\FEHMotor.o
                0x00016c58                FEHMotor::SetPower(int)
 .text._ZN8FEHMotor10SetPercentEf
                0x00016cb8      0x158 Libraries\FEHMotor.o
                0x00016cb8                FEHMotor::SetPercent(float)
 .text._Z21IIC_StartTransmissionhh
                0x00016e10       0x98 Drivers\i2c.o
                0x00016e10                IIC_StartTransmission(unsigned char, unsigned char)
 .text._Z5Pausev
                0x00016ea8       0x34 Drivers\i2c.o
                0x00016ea8                Pause()
 .text._Z21MMA8451QWriteRegisterhh
                0x00016edc      0x12c Drivers\i2c.o
                0x00016edc                MMA8451QWriteRegister(unsigned char, unsigned char)
 .text._Z12SPI_SendCharh
                0x00017008       0x1c Drivers\spi.o
                0x00017008                SPI_SendChar(unsigned char)
 .text._Z16SPI_WriteCommandhh
                0x00017024       0x34 Drivers\spi.o
                0x00017024                SPI_WriteCommand(unsigned char, unsigned char)
 .text._Z11SPI_GetCharv
                0x00017058       0x14 Drivers\spi.o
                0x00017058                SPI_GetChar()
 .text._Z15SPI_ReadCommandh
                0x0001706c       0x3c Drivers\spi.o
                0x0001706c                SPI_ReadCommand(unsigned char)
 .text._Z13SPI_CS_Assertv
                0x000170a8       0x24 Drivers\spi.o
                0x000170a8                SPI_CS_Assert()
 .text._Z15SPI_CS_Deassertv
                0x000170cc       0x24 Drivers\spi.o
                0x000170cc                SPI_CS_Deassert()
 .text._Z12SPI_Transferh
                0x000170f0       0x88 Drivers\spi.o
                0x000170f0                SPI_Transfer(unsigned char)
 .text._Z8SPI_Initv
                0x00017178       0xe8 Drivers\spi.o
                0x00017178                SPI_Init()
 .text._Z9uart_initPV11UART_MemMapii
                0x00017260      0x20c Drivers\uart.o
                0x00017260                uart_init(UART_MemMap volatile*, int, int)
 .text._Z12uart_getcharPV11UART_MemMap
                0x0001746c       0x34 Drivers\uart.o
                0x0001746c                uart_getchar(UART_MemMap volatile*)
 .text._Z12uart_putcharPV11UART_MemMapc
                0x000174a0       0x38 Drivers\uart.o
                0x000174a0                uart_putchar(UART_MemMap volatile*, char)
 .text._ZL7mem_setPvij
                0x000174d8       0x44 Drivers\ff.o
 .text._ZL11move_windowP5FATFSm
                0x0001751c       0xf0 Drivers\ff.o
 .text._ZL4syncP5FATFS
                0x0001760c      0x188 Drivers\ff.o
 .text._ZL8validateP5FATFSt
                0x00017794       0x54 Drivers\ff.o
 .text._Z6f_syncP3FIL
                0x000177e8      0x1c0 Drivers\ff.o
                0x000177e8                f_sync(FIL*)
 .text._Z7f_closeP3FIL
                0x000179a8       0x2c Drivers\ff.o
                0x000179a8                f_close(FIL*)
 .text._ZL17SDHC_set_baudratemm
                0x000179d4      0x14c Drivers\SDHC.o
 .text._Z9SDHC_initP17esdhc_info_structPK17esdhc_init_struct
                0x00017b20      0x1c4 Drivers\SDHC.o
                0x00017b20                SDHC_init(esdhc_info_struct*, esdhc_init_struct const*)
 .text._ZL15SDHC_is_runningv
                0x00017ce4       0x28 Drivers\SDHC.o
 .text._ZL16SDHC_status_waitm
                0x00017d0c       0x38 Drivers\SDHC.o
 .text._ZL17SDHC_send_commandP20esdhc_command_struct
                0x00017d44      0x2a0 Drivers\SDHC.o
 .text._Z10SDHC_ioctlmPv
                0x00017fe4      0x978 Drivers\SDHC.o
                0x00017fe4                SDHC_ioctl(unsigned long, void*)
 .text._ZL14rcvr_datablockPhm
                0x0001895c      0x134 Drivers\SDHC.o
 .text._Z9disk_readhPhmh
                0x00018a90      0x13c Drivers\SDHC.o
                0x00018a90                disk_read(unsigned char, unsigned char*, unsigned long, unsigned char)
 .text._ZL14xmit_datablockPKhm
                0x00018bcc       0xe0 Drivers\SDHC.o
 .text._Z10disk_writehPKhmh
                0x00018cac      0x1cc Drivers\SDHC.o
                0x00018cac                disk_write(unsigned char, unsigned char const*, unsigned long, unsigned char)
 .text._Z10disk_ioctlhhPv
                0x00018e78      0x128 Drivers\SDHC.o
                0x00018e78                disk_ioctl(unsigned char, unsigned char, void*)
 .text._Z11disk_statush
                0x00018fa0       0x30 Drivers\SDHC.o
                0x00018fa0                disk_status(unsigned char)
 .text._Z13time_delay_msm
                0x00018fd0       0xa4 Drivers\lptmr.o
                0x00018fd0                time_delay_ms(unsigned long)
 .text._Z41__static_initialization_and_destruction_0ii
                0x00019074       0x30 FEHProteus.o
 .text._GLOBAL__sub_I_Propeller
                0x000190a4       0x14 FEHProteus.o
 .text._ZN12FEHPropellerC2Ev
                0x000190b8       0x20 Drivers\FEHPropeller.o
                0x000190b8                FEHPropeller::FEHPropeller()
                0x000190b8                FEHPropeller::FEHPropeller()
 .text._ZN12FEHPropeller10InitializeEv
                0x000190d8       0x94 Drivers\FEHPropeller.o
                0x000190d8                FEHPropeller::Initialize()
 .text._ZN12FEHPropeller12SetMotorRateEhhh
                0x0001916c       0x78 Drivers\FEHPropeller.o
                0x0001916c                FEHPropeller::SetMotorRate(unsigned char, unsigned char, unsigned char)
 .text._ZL5Delaymjj
                0x000191e4       0xc4 Libraries\FEHUtility.o
 .text._Z5Sleepi
                0x000192a8       0x34 Libraries\FEHUtility.o
                0x000192a8                Sleep(int)
 *fill*         0x000192dc        0x4 00
 .text._Z5Sleepd
                0x000192e0       0x58 Libraries\FEHUtility.o
                0x000192e0                Sleep(double)
 .text._Z7TimeNowv
                0x00019338       0x70 Libraries\FEHUtility.o
                0x00019338                TimeNow()
 .text._Z11TimeNowMSecv
                0x000193a8       0x44 Libraries\FEHUtility.o
                0x000193a8                TimeNowMSec()
 .text._ZN15DigitalInputPinC2EN5FEHIO8FEHIOPinE
                0x000193ec       0x24 Libraries\FEHIO.o
                0x000193ec                DigitalInputPin::DigitalInputPin(FEHIO::FEHIOPin)
                0x000193ec                DigitalInputPin::DigitalInputPin(FEHIO::FEHIOPin)
 .text._ZN15DigitalInputPin10InitializeEN5FEHIO8FEHIOPinE
                0x00019410      0x224 Libraries\FEHIO.o
                0x00019410                DigitalInputPin::Initialize(FEHIO::FEHIOPin)
 .text._ZN15DigitalInputPin5ValueEv
                0x00019634      0x148 Libraries\FEHIO.o
                0x00019634                DigitalInputPin::Value()
 .text._Z9portB_isrv
                0x0001977c       0xd4 Libraries\FEHIO.o
                0x0001977c                portB_isr()
 .text._Z9portC_isrv
                0x00019850       0xd8 Libraries\FEHIO.o
                0x00019850                portC_isr()
 .text._Z9portA_isrv
                0x00019928       0xd8 Libraries\FEHIO.o
                0x00019928                portA_isr()
 .text._Z9portE_isrv
                0x00019a00       0xd0 Libraries\FEHIO.o
                0x00019a00                portE_isr()
 .text._ZN14AnalogInputPinC2EN5FEHIO8FEHIOPinE
                0x00019ad0       0x20 Libraries\FEHIO.o
                0x00019ad0                AnalogInputPin::AnalogInputPin(FEHIO::FEHIOPin)
                0x00019ad0                AnalogInputPin::AnalogInputPin(FEHIO::FEHIOPin)
 .text._ZN14AnalogInputPin5ValueEv
                0x00019af0      0x180 Libraries\FEHIO.o
                0x00019af0                AnalogInputPin::Value()
 .text._ZN13AnalogEncoder12EncoderValueEv
                0x00019c70       0xe4 Libraries\FEHIO.o
                0x00019c70                AnalogEncoder::EncoderValue()
 .text._ZN14AnalogInputPin8InitADCsEv
                0x00019d54      0x120 Libraries\FEHIO.o
                0x00019d54                AnalogInputPin::InitADCs()
 .text._Z8pit0_isrv
                0x00019e74       0x34 Libraries\FEHIO.o
                0x00019e74                pit0_isr()
 .text._ZN13AnalogEncoder4InitEv
                0x00019ea8       0x64 Libraries\FEHIO.o
                0x00019ea8                AnalogEncoder::Init()
 .text._ZN13AnalogEncoder14SetCounterInitEj
                0x00019f0c       0x20 Libraries\FEHIO.o
                0x00019f0c                AnalogEncoder::SetCounterInit(unsigned int)
 .text._ZN13AnalogEncoder10ProcessIntEv
                0x00019f2c       0x80 Libraries\FEHIO.o
                0x00019f2c                AnalogEncoder::ProcessInt()
 .text._ZN13AnalogEncoder14ProcessIntSelfEv
                0x00019fac       0x80 Libraries\FEHIO.o
                0x00019fac                AnalogEncoder::ProcessIntSelf()
 .text._Z7ADC_CalPV10ADC_MemMap
                0x0001a02c      0x14c Drivers\adc16.o
                0x0001a02c                ADC_Cal(ADC_MemMap volatile*)
 .text._Z14ADC_Config_AltPV10ADC_MemMapP7adc_cfg
                0x0001a178       0x6c Drivers\adc16.o
                0x0001a178                ADC_Config_Alt(ADC_MemMap volatile*, adc_cfg*)
 .text._ZN9FEHBuzzerC2Ev
                0x0001a1e4       0x18 Libraries\FEHBuzzer.o
                0x0001a1e4                FEHBuzzer::FEHBuzzer()
                0x0001a1e4                FEHBuzzer::FEHBuzzer()
 .text._Z41__static_initialization_and_destruction_0ii
                0x0001a1fc       0x30 Libraries\FEHBuzzer.o
 .text._GLOBAL__sub_I_Buzzer
                0x0001a22c       0x14 Libraries\FEHBuzzer.o
 .text._ZN8FEHServoC2ENS_12FEHServoPortE
                0x0001a240       0x3c Libraries\FEHServo.o
                0x0001a240                FEHServo::FEHServo(FEHServo::FEHServoPort)
                0x0001a240                FEHServo::FEHServo(FEHServo::FEHServoPort)
 .text._ZN8FEHServo6SetMinEi
                0x0001a27c       0x3c Libraries\FEHServo.o
                0x0001a27c                FEHServo::SetMin(int)
 .text._ZN8FEHServo6SetMaxEi
                0x0001a2b8       0x3c Libraries\FEHServo.o
                0x0001a2b8                FEHServo::SetMax(int)
 *fill*         0x0001a2f4        0x4 00
 .text._ZN8FEHServo9SetDegreeEf
                0x0001a2f8      0x148 Libraries\FEHServo.o
                0x0001a2f8                FEHServo::SetDegree(float)
 .text._ZN6FEHLCD11_InitializeEv
                0x0001a440      0x5dc Libraries\FEHLCD.o
                0x0001a440                FEHLCD::_Initialize()
 .text._ZN6FEHLCDC2Ev
                0x0001aa1c       0x64 Libraries\FEHLCD.o
                0x0001aa1c                FEHLCD::FEHLCD()
                0x0001aa1c                FEHLCD::FEHLCD()
 .text._ZN6FEHLCD10InitializeEv
                0x0001aa80       0x38 Libraries\FEHLCD.o
                0x0001aa80                FEHLCD::Initialize()
 .text._ZN6FEHLCD10PrintImageEii
                0x0001aab8      0x100 Libraries\FEHLCD.o
                0x0001aab8                FEHLCD::PrintImage(int, int)
 .text._ZN6FEHLCD9PrintLogoEii
                0x0001abb8      0x100 Libraries\FEHLCD.o
                0x0001abb8                FEHLCD::PrintLogo(int, int)
 .text._ZN6FEHLCD22ConvertFEHColorTo24BitENS_11FEHLCDColorE
                0x0001acb8       0x80 Libraries\FEHLCD.o
                0x0001acb8                FEHLCD::ConvertFEHColorTo24Bit(FEHLCD::FEHLCDColor)
 .text._ZN6FEHLCD24Convert24BitColorTo16BitEj
                0x0001ad38       0x40 Libraries\FEHLCD.o
                0x0001ad38                FEHLCD::Convert24BitColorTo16Bit(unsigned int)
 .text._ZN6FEHLCD22ConvertRGBColorTo16BitEhhh
                0x0001ad78       0x44 Libraries\FEHLCD.o
                0x0001ad78                FEHLCD::ConvertRGBColorTo16Bit(unsigned char, unsigned char, unsigned char)
 .text._ZN6FEHLCD5ClearENS_11FEHLCDColorE
                0x0001adbc       0x28 Libraries\FEHLCD.o
                0x0001adbc                FEHLCD::Clear(FEHLCD::FEHLCDColor)
 .text._ZN6FEHLCD5ClearEj
                0x0001ade4       0x2c Libraries\FEHLCD.o
                0x0001ade4                FEHLCD::Clear(unsigned int)
 .text._ZN6FEHLCD5ClearEv
                0x0001ae10       0x18 Libraries\FEHLCD.o
                0x0001ae10                FEHLCD::Clear()
 .text._ZN6FEHLCD18SetBackgroundColorENS_11FEHLCDColorE
                0x0001ae28       0x28 Libraries\FEHLCD.o
                0x0001ae28                FEHLCD::SetBackgroundColor(FEHLCD::FEHLCDColor)
 .text._ZN6FEHLCD18SetBackgroundColorEj
                0x0001ae50       0x28 Libraries\FEHLCD.o
                0x0001ae50                FEHLCD::SetBackgroundColor(unsigned int)
 .text._ZN6FEHLCD12SetFontColorENS_11FEHLCDColorE
                0x0001ae78       0x28 Libraries\FEHLCD.o
                0x0001ae78                FEHLCD::SetFontColor(FEHLCD::FEHLCDColor)
 .text._ZN6FEHLCD12SetFontColorEj
                0x0001aea0       0x28 Libraries\FEHLCD.o
                0x0001aea0                FEHLCD::SetFontColor(unsigned int)
 .text._ZN6FEHLCD7WriteAtEPKcii
                0x0001aec8       0x58 Libraries\FEHLCD.o
                0x0001aec8                FEHLCD::WriteAt(char const*, int, int)
 .text._ZN6FEHLCD11TS_SPI_InitEv
                0x0001af20       0xa8 Libraries\FEHLCD.o
                0x0001af20                FEHLCD::TS_SPI_Init()
 .text._ZN6FEHLCD5TouchEPfS0_
                0x0001afc8      0x240 Libraries\FEHLCD.o
                0x0001afc8                FEHLCD::Touch(float*, float*)
 .text._ZN6FEHLCD3absEi
                0x0001b208       0x28 Libraries\FEHLCD.o
                0x0001b208                FEHLCD::abs(int)
 .text._ZN6FEHLCD5WriteEPKc
                0x0001b230       0x5c Libraries\FEHLCD.o
                0x0001b230                FEHLCD::Write(char const*)
 .text._ZN6FEHLCD5WriteEc
                0x0001b28c       0x30 Libraries\FEHLCD.o
                0x0001b28c                FEHLCD::Write(char)
 .text._ZN6FEHLCD9WriteLineEPKc
                0x0001b2bc       0x28 Libraries\FEHLCD.o
                0x0001b2bc                FEHLCD::WriteLine(char const*)
 .text._ZN6FEHLCD9WriteLineEc
                0x0001b2e4       0x2c Libraries\FEHLCD.o
                0x0001b2e4                FEHLCD::WriteLine(char)
 .text._ZN6FEHLCD10WriteIndexEh
                0x0001b310      0x288 Libraries\FEHLCD.o
                0x0001b310                FEHLCD::WriteIndex(unsigned char)
 .text._ZN6FEHLCD14WriteParameterEh
                0x0001b598      0x254 Libraries\FEHLCD.o
                0x0001b598                FEHLCD::WriteParameter(unsigned char)
 .text._ZN6FEHLCD6_ClearEv
                0x0001b7ec      0x228 Libraries\FEHLCD.o
                0x0001b7ec                FEHLCD::_Clear()
 .text._ZN6FEHLCD8NextLineEv
                0x0001ba14       0x30 Libraries\FEHLCD.o
                0x0001ba14                FEHLCD::NextLine()
 .text._ZN6FEHLCD9CheckLineEv
                0x0001ba44       0x2c Libraries\FEHLCD.o
                0x0001ba44                FEHLCD::CheckLine()
 .text._ZN6FEHLCD8NextCharEv
                0x0001ba70       0x34 Libraries\FEHLCD.o
                0x0001ba70                FEHLCD::NextChar()
 .text._ZN6FEHLCD9DrawPixelEii
                0x0001baa4       0x30 Libraries\FEHLCD.o
                0x0001baa4                FEHLCD::DrawPixel(int, int)
 .text._Z4SwapRiS_
                0x0001bad4       0x28 Libraries\FEHLCD.o
                0x0001bad4                Swap(int&, int&)
 .text._ZN6FEHLCD18DrawHorizontalLineEiii
                0x0001bafc       0x7c Libraries\FEHLCD.o
                0x0001bafc                FEHLCD::DrawHorizontalLine(int, int, int)
 .text._ZN6FEHLCD16DrawVerticalLineEiii
                0x0001bb78       0x7c Libraries\FEHLCD.o
                0x0001bb78                FEHLCD::DrawVerticalLine(int, int, int)
 .text._ZN6FEHLCD13DrawRectangleEiiii
                0x0001bbf4       0x80 Libraries\FEHLCD.o
                0x0001bbf4                FEHLCD::DrawRectangle(int, int, int, int)
 .text._ZN6FEHLCD13SetDrawRegionEiiii
                0x0001bc74      0x10c Libraries\FEHLCD.o
                0x0001bc74                FEHLCD::SetDrawRegion(int, int, int, int)
 .text._ZN6FEHLCD13FillRectangleEiiii
                0x0001bd80       0x5c Libraries\FEHLCD.o
                0x0001bd80                FEHLCD::FillRectangle(int, int, int, int)
 .text._ZN6FEHLCD8DrawLineEiiii
                0x0001bddc      0x17c Libraries\FEHLCD.o
                0x0001bddc                FEHLCD::DrawLine(int, int, int, int)
 .text._ZN6FEHLCD10FillCircleEiii
                0x0001bf58      0x110 Libraries\FEHLCD.o
                0x0001bf58                FEHLCD::FillCircle(int, int, int)
 .text._ZN6FEHLCD9WriteCharEiic
                0x0001c068       0x40 Libraries\FEHLCD.o
                0x0001c068                FEHLCD::WriteChar(int, int, char)
 .text._ZN6FEHLCD11WriteCharAtEiic
                0x0001c0a8      0x278 Libraries\FEHLCD.o
                0x0001c0a8                FEHLCD::WriteCharAt(int, int, char)
 .text._ZN6FEHLCD11RepeatColorEv
                0x0001c320       0xbc Libraries\FEHLCD.o
                0x0001c320                FEHLCD::RepeatColor()
 .text._ZN6FEHLCD10_ForePixelEv
                0x0001c3dc      0x160 Libraries\FEHLCD.o
                0x0001c3dc                FEHLCD::_ForePixel()
 .text._ZN6FEHLCD10_BackPixelEv
                0x0001c53c      0x160 Libraries\FEHLCD.o
                0x0001c53c                FEHLCD::_BackPixel()
 .text._ZN6FEHLCD22SetRegisterColorValuesEv
                0x0001c69c      0x4c0 Libraries\FEHLCD.o
                0x0001c69c                FEHLCD::SetRegisterColorValues()
 .text._ZN7FEHIcon4IconC2Ev
                0x0001cb5c       0x18 Libraries\FEHLCD.o
                0x0001cb5c                FEHIcon::Icon::Icon()
                0x0001cb5c                FEHIcon::Icon::Icon()
 .text._ZN7FEHIcon4Icon13SetPropertiesEPciiiijj
                0x0001cb74       0x70 Libraries\FEHLCD.o
                0x0001cb74                FEHIcon::Icon::SetProperties(char*, int, int, int, int, unsigned int, unsigned int)
 .text._ZN7FEHIcon4Icon4DrawEv
                0x0001cbe4       0xb0 Libraries\FEHLCD.o
                0x0001cbe4                FEHIcon::Icon::Draw()
 .text._ZN7FEHIcon4Icon6SelectEv
                0x0001cc94       0xb8 Libraries\FEHLCD.o
                0x0001cc94                FEHIcon::Icon::Select()
 .text._ZN7FEHIcon4Icon8DeselectEv
                0x0001cd4c       0xb4 Libraries\FEHLCD.o
                0x0001cd4c                FEHIcon::Icon::Deselect()
 .text._ZN7FEHIcon4Icon7PressedEffi
                0x0001ce00      0x1dc Libraries\FEHLCD.o
                0x0001ce00                FEHIcon::Icon::Pressed(float, float, int)
 .text._ZN7FEHIcon4Icon12WhilePressedEff
                0x0001cfdc       0x5c Libraries\FEHLCD.o
                0x0001cfdc                FEHIcon::Icon::WhilePressed(float, float)
 .text._ZN7FEHIcon13DrawIconArrayEPNS_4IconEiiiiiiPA20_cjj
                0x0001d038      0x194 Libraries\FEHLCD.o
                0x0001d038                FEHIcon::DrawIconArray(FEHIcon::Icon*, int, int, int, int, int, int, char (*) [20], unsigned int, unsigned int)
 .text._Z41__static_initialization_and_destruction_0ii
                0x0001d1cc       0x30 Libraries\FEHLCD.o
 .text._GLOBAL__sub_I_image
                0x0001d1fc       0x14 Libraries\FEHLCD.o
 .text._ZN8FEHAccelC2Ev
                0x0001d210       0x8c Libraries\FEHAccel.o
                0x0001d210                FEHAccel::FEHAccel()
                0x0001d210                FEHAccel::FEHAccel()
 .text._Z41__static_initialization_and_destruction_0ii
                0x0001d29c       0x30 Libraries\FEHAccel.o
 .text._GLOBAL__sub_I_Accel
                0x0001d2cc       0x14 Libraries\FEHAccel.o
 .text._ZN10FEHBatteryC2EN5FEHIO8FEHIOPinE
                0x0001d2e0       0x24 Libraries\FEHBattery.o
                0x0001d2e0                FEHBattery::FEHBattery(FEHIO::FEHIOPin)
                0x0001d2e0                FEHBattery::FEHBattery(FEHIO::FEHIOPin)
 .text._Z41__static_initialization_and_destruction_0ii
                0x0001d304       0x34 Libraries\FEHBattery.o
 .text._GLOBAL__sub_I_Battery
                0x0001d338       0x14 Libraries\FEHBattery.o
 .text._ZN7FEHXBeeC2Ev
                0x0001d34c       0x20 Drivers\FEHXBee.o
                0x0001d34c                FEHXBee::FEHXBee()
                0x0001d34c                FEHXBee::FEHXBee()
 .text._ZN7FEHXBee10InitializeEv
                0x0001d36c      0x148 Drivers\FEHXBee.o
                0x0001d36c                FEHXBee::Initialize()
 .text._ZN7FEHXBee13IsInitializedEv
                0x0001d4b4       0x18 Drivers\FEHXBee.o
                0x0001d4b4                FEHXBee::IsInitialized()
 .text._ZN7FEHXBee17ReceiveDataSearchEPcjh
                0x0001d4cc       0xb4 Drivers\FEHXBee.o
                0x0001d4cc                FEHXBee::ReceiveDataSearch(char*, unsigned int, unsigned char)
 .text._ZN7FEHXBee8SendDataEPcj
                0x0001d580       0x50 Drivers\FEHXBee.o
                0x0001d580                FEHXBee::SendData(char*, unsigned int)
 .text._ZN7FEHXBee17SetPacketCallBackEPFvPhhE
                0x0001d5d0       0x20 Drivers\FEHXBee.o
                0x0001d5d0                FEHXBee::SetPacketCallBack(void (*)(unsigned char*, unsigned char))
 .text._Z9UART0_ISRv
                0x0001d5f0      0x174 Drivers\FEHXBee.o
                0x0001d5f0                UART0_ISR()
 .text._ZN6FEHRPSC2Ev
                0x0001d764       0x88 Libraries\FEHRPS.o
                0x0001d764                FEHRPS::FEHRPS()
                0x0001d764                FEHRPS::FEHRPS()
 .text._ZN6FEHRPS10InitializeEi
                0x0001d7ec      0x994 Libraries\FEHRPS.o
                0x0001d7ec                FEHRPS::Initialize(int)
 .text._ZN6FEHRPS10InitializeEc
                0x0001e180       0x4c Libraries\FEHRPS.o
                0x0001e180                FEHRPS::Initialize(char)
 .text._ZN6FEHRPS19InitializeTouchMenuEv
                0x0001e1cc      0x908 Libraries\FEHRPS.o
                0x0001e1cc                FEHRPS::InitializeTouchMenu()
 .text._ZN6FEHRPS19CurrentRegionLetterEv
                0x0001ead4       0x20 Libraries\FEHRPS.o
                0x0001ead4                FEHRPS::CurrentRegionLetter()
 .text._ZN6FEHRPS13WaitForPacketEv
                0x0001eaf4       0x78 Libraries\FEHRPS.o
                0x0001eaf4                FEHRPS::WaitForPacket()
 .text._ZN6FEHRPS1XEv
                0x0001eb6c       0x20 Libraries\FEHRPS.o
                0x0001eb6c                FEHRPS::X()
 .text._ZN6FEHRPS1YEv
                0x0001eb8c       0x20 Libraries\FEHRPS.o
                0x0001eb8c                FEHRPS::Y()
 .text._ZN6FEHRPS7HeadingEv
                0x0001ebac       0x20 Libraries\FEHRPS.o
                0x0001ebac                FEHRPS::Heading()
 .text._Z14RPSDataProcessPhh
                0x0001ebcc      0x164 Libraries\FEHRPS.o
                0x0001ebcc                RPSDataProcess(unsigned char*, unsigned char)
 .text._Z41__static_initialization_and_destruction_0ii
                0x0001ed30       0x30 Libraries\FEHRPS.o
 .text._GLOBAL__sub_I_RPS
                0x0001ed60       0x14 Libraries\FEHRPS.o
 .text._ZN5FEHSDC2Ev
                0x0001ed74       0x24 Libraries\FEHSD.o
                0x0001ed74                FEHSD::FEHSD()
                0x0001ed74                FEHSD::FEHSD()
 .text._ZN5FEHSD8CloseLogEv
                0x0001ed98       0x38 Libraries\FEHSD.o
                0x0001ed98                FEHSD::CloseLog()
 .text._Z41__static_initialization_and_destruction_0ii
                0x0001edd0       0x30 Libraries\FEHSD.o
 .text._GLOBAL__sub_I_SD
                0x0001ee00       0x14 Libraries\FEHSD.o
 .text.atanf    0x0001ee14      0x240 C:\fehqt\Proteus/EWL/lib/armv7e-m\libm.a(s_atanf.o)
                0x0001ee14                atanf
 .text.cosf     0x0001f054       0x98 C:\fehqt\Proteus/EWL/lib/armv7e-m\libm.a(s_cosf.o)
                0x0001f054                cosf
 .text.sinf     0x0001f0ec       0x88 C:\fehqt\Proteus/EWL/lib/armv7e-m\libm.a(s_sinf.o)
                0x0001f0ec                sinf
 .text.tan      0x0001f174       0x50 C:\fehqt\Proteus/EWL/lib/armv7e-m\libm.a(s_tan.o)
                0x0001f174                tan
 .text.pow      0x0001f1c4        0x4 C:\fehqt\Proteus/EWL/lib/armv7e-m\libm.a(w_pow.o)
                0x0001f1c4                pow
 .text.sqrt     0x0001f1c8        0x4 C:\fehqt\Proteus/EWL/lib/armv7e-m\libm.a(w_sqrt.o)
                0x0001f1c8                sqrt
 *fill*         0x0001f1cc        0x4 00
 .text.__ieee754_pow
                0x0001f1d0      0xb70 C:\fehqt\Proteus/EWL/lib/armv7e-m\libm.a(e_pow.o)
                0x0001f1d0                __ieee754_pow
 .text.__ieee754_rem_pio2
                0x0001fd40      0x3f8 C:\fehqt\Proteus/EWL/lib/armv7e-m\libm.a(e_rem_pio2.o)
                0x0001fd40                __ieee754_rem_pio2
 .text.__ieee754_rem_pio2f
                0x00020138      0x2ac C:\fehqt\Proteus/EWL/lib/armv7e-m\libm.a(e_rem_pio2f.o)
                0x00020138                __ieee754_rem_pio2f
 .text.__ieee754_sqrt
                0x000203e4      0x164 C:\fehqt\Proteus/EWL/lib/armv7e-m\libm.a(e_sqrt.o)
                0x000203e4                __ieee754_sqrt
 .text.__kernel_cosf
                0x00020548      0x138 C:\fehqt\Proteus/EWL/lib/armv7e-m\libm.a(k_cosf.o)
                0x00020548                __kernel_cosf
 .text.__kernel_rem_pio2
                0x00020680      0x674 C:\fehqt\Proteus/EWL/lib/armv7e-m\libm.a(k_rem_pio2.o)
                0x00020680                __kernel_rem_pio2
 .text.__kernel_rem_pio2f
                0x00020cf4      0x5e8 C:\fehqt\Proteus/EWL/lib/armv7e-m\libm.a(k_rem_pio2f.o)
                0x00020cf4                __kernel_rem_pio2f
 .text.__kernel_sinf
                0x000212dc       0xf4 C:\fehqt\Proteus/EWL/lib/armv7e-m\libm.a(k_sinf.o)
                0x000212dc                __kernel_sinf
 .text.__kernel_tan
                0x000213d0      0x3e0 C:\fehqt\Proteus/EWL/lib/armv7e-m\libm.a(k_tan.o)
                0x000213d0                __kernel_tan
 .text.__fpclassifyd
                0x000217b0       0x3c C:\fehqt\Proteus/EWL/lib/armv7e-m\libm.a(math_api.o)
                0x000217b0                __fpclassifyd
 *fill*         0x000217ec        0x4 00
 .text.floor    0x000217f0      0x118 C:\fehqt\Proteus/EWL/lib/armv7e-m\libm.a(s_floor.o)
                0x000217f0                floor
 .text.floorf   0x00021908       0x84 C:\fehqt\Proteus/EWL/lib/armv7e-m\libm.a(s_floorf.o)
                0x00021908                floorf
 .text.scalbnf  0x0002198c       0xac C:\fehqt\Proteus/EWL/lib/armv7e-m\libm.a(s_scalbnf.o)
                0x0002198c                scalbnf
 .text.scalbn   0x00021a38       0x18 C:\fehqt\Proteus/EWL/lib/armv7e-m\libm.a(scalbn.o)
                0x00021a38                scalbn
 .text.frexp    0x00021a50       0x70 C:\fehqt\Proteus/EWL/lib/armv7e-m\libm.a(s_frexp.o)
                0x00021a50                frexp
 .text.ldexp    0x00021ac0      0x140 C:\fehqt\Proteus/EWL/lib/armv7e-m\libm.a(s_ldexp.o)
                0x00021ac0                ldexp
 .text.sprintf  0x00021c00       0x1c C:\fehqt\Proteus/EWL/lib/armv7e-m\libc.a(sprintf.o)
                0x00021c00                sprintf
 .text.__StringWrite
                0x00021c1c       0x28 C:\fehqt\Proteus/EWL/lib/armv7e-m\libc.a(vsnprintf.o)
                0x00021c1c                __StringWrite
 .text.vsnprintf
                0x00021c44       0x34 C:\fehqt\Proteus/EWL/lib/armv7e-m\libc.a(vsnprintf.o)
                0x00021c44                vsnprintf
 .text.exit     0x00021c78       0x38 C:\fehqt\Proteus/EWL/lib/armv7e-m\libc.a(exit.o)
                0x00021c78                exit
 .text.memcpy   0x00021cb0       0x12 C:\fehqt\Proteus/EWL/lib/armv7e-m\libc.a(memcpy.o)
                0x00021cb0                memcpy
 .text.memset   0x00021cc2        0xc C:\fehqt\Proteus/EWL/lib/armv7e-m\libc.a(memset.o)
                0x00021cc2                memset
 .text.strcmp   0x00021cce       0x18 C:\fehqt\Proteus/EWL/lib/armv7e-m\libc.a(strcmp.o)
                0x00021cce                strcmp
 .text.strcpy   0x00021ce6       0x18 C:\fehqt\Proteus/EWL/lib/armv7e-m\libc.a(strcpy.o)
                0x00021ce6                strcpy
 .text.strlen   0x00021cfe       0x10 C:\fehqt\Proteus/EWL/lib/armv7e-m\libc.a(strlen.o)
                0x00021cfe                strlen
 .text.long2str.isra.0
                0x00021d0e      0x196 C:\fehqt\Proteus/EWL/lib/armv7e-m\libc.a(printformat_.o)
 .text.__pformatter_
                0x00021ea4      0x3f8 C:\fehqt\Proteus/EWL/lib/armv7e-m\libc.a(printformat_.o)
                0x00021ea4                __pformatter_
 .text.__sformatter
                0x0002229c      0x74e C:\fehqt\Proteus/EWL/lib/armv7e-m\libc.a(scanformat_.o)
                0x0002229c                __sformatter
 *fill*         0x000229ea        0x2 00
 .text.isalpha  0x000229ec       0x1c C:\fehqt\Proteus/EWL/lib/armv7e-m\libc.a(ctype_aeabi.o)
                0x000229ec                isalpha
 .text.isspace  0x00022a08       0x1c C:\fehqt\Proteus/EWL/lib/armv7e-m\libc.a(ctype_aeabi.o)
                0x00022a08                isspace
 .text.toupper  0x00022a24        0xc C:\fehqt\Proteus/EWL/lib/armv7e-m\libc.a(ctype_aeabi.o)
                0x00022a24                toupper
 .text.__strtoul
                0x00022a30      0x1dc C:\fehqt\Proteus/EWL/lib/armv7e-m\libc.a(__strtoul.o)
                0x00022a30                __strtoul
 .text.__fill_mem
                0x00022c0c       0x76 C:\fehqt\Proteus/EWL/lib/armv7e-m\libc.a(__filll_mem.o)
                0x00022c0c                __fill_mem
 .text.memchr   0x00022c82       0x1a C:\fehqt\Proteus/EWL/lib/armv7e-m\libc.a(memchr.o)
                0x00022c82                memchr
 .text.strchr   0x00022c9c       0x1c C:\fehqt\Proteus/EWL/lib/armv7e-m\libc.a(strchr.o)
                0x00022c9c                strchr
 .text.__init_cpp
                0x00022cb8       0x4c C:\fehqt\Proteus/EWL/lib/armv7e-m\librt.a(gcc_ctor_dtor.o)
                0x00022cb8                __init_cpp
 .text.__fini_cpp
                0x00022d04       0x34 C:\fehqt\Proteus/EWL/lib/armv7e-m\librt.a(gcc_ctor_dtor.o)
                0x00022d04                __fini_cpp
 .text.__copy_rom_section
                0x00022d38       0x44 C:\fehqt\Proteus/EWL/lib/armv7e-m\librt.a(ROMCopy.o)
                0x00022d38                __copy_rom_section
 .text.__copy_rom_sections_to_ram
                0x00022d7c       0x34 C:\fehqt\Proteus/EWL/lib/armv7e-m\librt.a(ROMCopy.o)
                0x00022d7c                __copy_rom_sections_to_ram
 .text.__destroy_global_chain
                0x00022db0       0x1c C:\fehqt\Proteus/EWL/lib/armv7e-m\librt.a(__arm_eabi_init.o)
                0x00022db0                __destroy_global_chain
 .text.__init_registers
                0x00022dcc       0x20 C:\fehqt\Proteus/EWL/lib/armv7e-m\librt.a(__arm_eabi_init.o)
                0x00022dcc                __init_registers
 .text.__init_user
                0x00022dec        0x4 C:\fehqt\Proteus/EWL/lib/armv7e-m\librt.a(__arm_eabi_init.o)
                0x00022dec                __init_user
 .text._ZdlPv   0x00022df0        0x8 C:\fehqt\Proteus/EWL/lib/armv7e-m\librt.a(New.o)
                0x00022df0                operator delete(void*)
 .text._ZNK10__cxxabiv117__class_type_info11__do_upcastEPKS0_PPv
                0x00022df8       0x38 c:/fehqt/proteus/gcc/bin/../lib/gcc/arm-none-eabi/4.6.2/../../../../arm-none-eabi/lib/armv7e-m\libsupc++.a(class_type_info.o)
                0x00022df8                __cxxabiv1::__class_type_info::__do_upcast(__cxxabiv1::__class_type_info const*, void**) const
 .text._ZNK10__cxxabiv117__class_type_info20__do_find_public_srcEiPKvPKS0_S2_
                0x00022e30        0xc c:/fehqt/proteus/gcc/bin/../lib/gcc/arm-none-eabi/4.6.2/../../../../arm-none-eabi/lib/armv7e-m\libsupc++.a(class_type_info.o)
                0x00022e30                __cxxabiv1::__class_type_info::__do_find_public_src(int, void const*, __cxxabiv1::__class_type_info const*, void const*) const
 .text._ZNK10__cxxabiv117__class_type_info11__do_upcastEPKS0_PKvRNS0_15__upcast_resultE
                0x00022e3c       0x1c c:/fehqt/proteus/gcc/bin/../lib/gcc/arm-none-eabi/4.6.2/../../../../arm-none-eabi/lib/armv7e-m\libsupc++.a(class_type_info.o)
                0x00022e3c                __cxxabiv1::__class_type_info::__do_upcast(__cxxabiv1::__class_type_info const*, void const*, __cxxabiv1::__class_type_info::__upcast_result&) const
 .text._ZN10__cxxabiv117__class_type_infoD2Ev
                0x00022e58       0x14 c:/fehqt/proteus/gcc/bin/../lib/gcc/arm-none-eabi/4.6.2/../../../../arm-none-eabi/lib/armv7e-m\libsupc++.a(class_type_info.o)
                0x00022e58                __cxxabiv1::__class_type_info::~__class_type_info()
                0x00022e58                __cxxabiv1::__class_type_info::~__class_type_info()
 .text._ZN10__cxxabiv117__class_type_infoD0Ev
                0x00022e6c       0x1c c:/fehqt/proteus/gcc/bin/../lib/gcc/arm-none-eabi/4.6.2/../../../../arm-none-eabi/lib/armv7e-m\libsupc++.a(class_type_info.o)
                0x00022e6c                __cxxabiv1::__class_type_info::~__class_type_info()
 .text._ZNK10__cxxabiv117__class_type_info12__do_dyncastEiNS0_10__sub_kindEPKS0_PKvS3_S5_RNS0_16__dyncast_resultE
                0x00022e88       0x3c c:/fehqt/proteus/gcc/bin/../lib/gcc/arm-none-eabi/4.6.2/../../../../arm-none-eabi/lib/armv7e-m\libsupc++.a(class_type_info.o)
                0x00022e88                __cxxabiv1::__class_type_info::__do_dyncast(int, __cxxabiv1::__class_type_info::__sub_kind, __cxxabiv1::__class_type_info const*, void const*, __cxxabiv1::__class_type_info const*, void const*, __cxxabiv1::__class_type_info::__dyncast_result&) const
 .text._ZNK10__cxxabiv117__class_type_info10__do_catchEPKSt9type_infoPPvj
                0x00022ec4       0x28 c:/fehqt/proteus/gcc/bin/../lib/gcc/arm-none-eabi/4.6.2/../../../../arm-none-eabi/lib/armv7e-m\libsupc++.a(class_type_info.o)
                0x00022ec4                __cxxabiv1::__class_type_info::__do_catch(std::type_info const*, void**, unsigned int) const
 .text.__cxa_allocate_exception
                0x00022eec       0x70 c:/fehqt/proteus/gcc/bin/../lib/gcc/arm-none-eabi/4.6.2/../../../../arm-none-eabi/lib/armv7e-m\libsupc++.a(eh_alloc.o)
                0x00022eec                __cxa_allocate_exception
 .text.__cxa_free_exception
                0x00022f5c       0x34 c:/fehqt/proteus/gcc/bin/../lib/gcc/arm-none-eabi/4.6.2/../../../../arm-none-eabi/lib/armv7e-m\libsupc++.a(eh_alloc.o)
                0x00022f5c                __cxa_free_exception
 .text.__cxa_end_cleanup
                0x00022f90        0xc c:/fehqt/proteus/gcc/bin/../lib/gcc/arm-none-eabi/4.6.2/../../../../arm-none-eabi/lib/armv7e-m\libsupc++.a(eh_arm.o)
                0x00022f90                __cxa_end_cleanup
 .text.__cxa_type_match
                0x00022f9c       0xec c:/fehqt/proteus/gcc/bin/../lib/gcc/arm-none-eabi/4.6.2/../../../../arm-none-eabi/lib/armv7e-m\libsupc++.a(eh_arm.o)
                0x00022f9c                __cxa_type_match
 .text.__cxa_begin_cleanup
                0x00023088       0x78 c:/fehqt/proteus/gcc/bin/../lib/gcc/arm-none-eabi/4.6.2/../../../../arm-none-eabi/lib/armv7e-m\libsupc++.a(eh_arm.o)
                0x00023088                __cxa_begin_cleanup
 .text.__gnu_end_cleanup
                0x00023100       0x7c c:/fehqt/proteus/gcc/bin/../lib/gcc/arm-none-eabi/4.6.2/../../../../arm-none-eabi/lib/armv7e-m\libsupc++.a(eh_arm.o)
                0x00023100                __gnu_end_cleanup
 .text.__cxa_bad_typeid
                0x0002317c       0x24 c:/fehqt/proteus/gcc/bin/../lib/gcc/arm-none-eabi/4.6.2/../../../../arm-none-eabi/lib/armv7e-m\libsupc++.a(eh_aux_runtime.o)
                0x0002317c                __cxa_bad_typeid
 .text.__cxa_call_terminate
                0x000231a0       0x50 c:/fehqt/proteus/gcc/bin/../lib/gcc/arm-none-eabi/4.6.2/../../../../arm-none-eabi/lib/armv7e-m\libsupc++.a(eh_call.o)
                0x000231a0                __cxa_call_terminate
 .text.__cxa_call_unexpected
                0x000231f0      0x120 c:/fehqt/proteus/gcc/bin/../lib/gcc/arm-none-eabi/4.6.2/../../../../arm-none-eabi/lib/armv7e-m\libsupc++.a(eh_call.o)
                0x000231f0                __cxa_call_unexpected
 .text.__cxa_begin_catch
                0x00023310       0x98 c:/fehqt/proteus/gcc/bin/../lib/gcc/arm-none-eabi/4.6.2/../../../../arm-none-eabi/lib/armv7e-m\libsupc++.a(eh_catch.o)
                0x00023310                __cxa_begin_catch
 .text.__cxa_end_catch
                0x000233a8       0x98 c:/fehqt/proteus/gcc/bin/../lib/gcc/arm-none-eabi/4.6.2/../../../../arm-none-eabi/lib/armv7e-m\libsupc++.a(eh_catch.o)
                0x000233a8                __cxa_end_catch
 .text._ZNSt9exceptionD2Ev
                0x00023440        0xc c:/fehqt/proteus/gcc/bin/../lib/gcc/arm-none-eabi/4.6.2/../../../../arm-none-eabi/lib/armv7e-m\libsupc++.a(eh_exception.o)
                0x00023440                std::exception::~exception()
                0x00023440                std::exception::~exception()
 .text._ZNSt13bad_exceptionD2Ev
                0x0002344c        0xc c:/fehqt/proteus/gcc/bin/../lib/gcc/arm-none-eabi/4.6.2/../../../../arm-none-eabi/lib/armv7e-m\libsupc++.a(eh_exception.o)
                0x0002344c                std::bad_exception::~bad_exception()
                0x0002344c                std::bad_exception::~bad_exception()
 .text._ZNKSt9exception4whatEv
                0x00023458        0xc c:/fehqt/proteus/gcc/bin/../lib/gcc/arm-none-eabi/4.6.2/../../../../arm-none-eabi/lib/armv7e-m\libsupc++.a(eh_exception.o)
                0x00023458                std::exception::what() const
 .text._ZNKSt13bad_exception4whatEv
                0x00023464        0xc c:/fehqt/proteus/gcc/bin/../lib/gcc/arm-none-eabi/4.6.2/../../../../arm-none-eabi/lib/armv7e-m\libsupc++.a(eh_exception.o)
                0x00023464                std::bad_exception::what() const
 .text._ZNSt13bad_exceptionD0Ev
                0x00023470       0x14 c:/fehqt/proteus/gcc/bin/../lib/gcc/arm-none-eabi/4.6.2/../../../../arm-none-eabi/lib/armv7e-m\libsupc++.a(eh_exception.o)
                0x00023470                std::bad_exception::~bad_exception()
 .text._ZNSt9exceptionD0Ev
                0x00023484       0x14 c:/fehqt/proteus/gcc/bin/../lib/gcc/arm-none-eabi/4.6.2/../../../../arm-none-eabi/lib/armv7e-m\libsupc++.a(eh_exception.o)
                0x00023484                std::exception::~exception()
 .text.__cxa_get_globals_fast
                0x00023498        0xc c:/fehqt/proteus/gcc/bin/../lib/gcc/arm-none-eabi/4.6.2/../../../../arm-none-eabi/lib/armv7e-m\libsupc++.a(eh_globals.o)
                0x00023498                __cxa_get_globals_fast
 .text.__cxa_get_globals
                0x000234a4        0xc c:/fehqt/proteus/gcc/bin/../lib/gcc/arm-none-eabi/4.6.2/../../../../arm-none-eabi/lib/armv7e-m\libsupc++.a(eh_globals.o)
                0x000234a4                __cxa_get_globals
 .text._ZL12read_sleb128PKhPl
                0x000234b0       0x3c c:/fehqt/proteus/gcc/bin/../lib/gcc/arm-none-eabi/4.6.2/../../../../arm-none-eabi/lib/armv7e-m\libsupc++.a(eh_personality.o)
 .text._ZL28read_encoded_value_with_basehjPKhPj
                0x000234ec       0xa4 c:/fehqt/proteus/gcc/bin/../lib/gcc/arm-none-eabi/4.6.2/../../../../arm-none-eabi/lib/armv7e-m\libsupc++.a(eh_personality.o)
 .text._ZL21base_of_encoded_valuehP15_Unwind_Context
                0x00023590       0x4c c:/fehqt/proteus/gcc/bin/../lib/gcc/arm-none-eabi/4.6.2/../../../../arm-none-eabi/lib/armv7e-m\libsupc++.a(eh_personality.o)
 .text._ZL17parse_lsda_headerP15_Unwind_ContextPKhP16lsda_header_info.constprop.1
                0x000235dc       0x90 c:/fehqt/proteus/gcc/bin/../lib/gcc/arm-none-eabi/4.6.2/../../../../arm-none-eabi/lib/armv7e-m\libsupc++.a(eh_personality.o)
 .text.__gxx_personality_v0
                0x0002366c      0x3bc c:/fehqt/proteus/gcc/bin/../lib/gcc/arm-none-eabi/4.6.2/../../../../arm-none-eabi/lib/armv7e-m\libsupc++.a(eh_personality.o)
                0x0002366c                __gxx_personality_v0
 .text._ZN10__cxxabiv111__terminateEPFvvE
                0x00023a28       0x28 c:/fehqt/proteus/gcc/bin/../lib/gcc/arm-none-eabi/4.6.2/../../../../arm-none-eabi/lib/armv7e-m\libsupc++.a(eh_terminate.o)
                0x00023a28                __cxxabiv1::__terminate(void (*)())
 .text._ZSt9terminatev
                0x00023a50       0x10 c:/fehqt/proteus/gcc/bin/../lib/gcc/arm-none-eabi/4.6.2/../../../../arm-none-eabi/lib/armv7e-m\libsupc++.a(eh_terminate.o)
                0x00023a50                std::terminate()
 .text._ZN10__cxxabiv112__unexpectedEPFvvE
                0x00023a60        0x8 c:/fehqt/proteus/gcc/bin/../lib/gcc/arm-none-eabi/4.6.2/../../../../arm-none-eabi/lib/armv7e-m\libsupc++.a(eh_terminate.o)
                0x00023a60                __cxxabiv1::__unexpected(void (*)())
 .text._ZSt10unexpectedv
                0x00023a68       0x14 c:/fehqt/proteus/gcc/bin/../lib/gcc/arm-none-eabi/4.6.2/../../../../arm-none-eabi/lib/armv7e-m\libsupc++.a(eh_terminate.o)
                0x00023a68                std::unexpected()
 .text._ZL23__gxx_exception_cleanup19_Unwind_Reason_CodeP21_Unwind_Control_Block
                0x00023a7c       0x4c c:/fehqt/proteus/gcc/bin/../lib/gcc/arm-none-eabi/4.6.2/../../../../arm-none-eabi/lib/armv7e-m\libsupc++.a(eh_throw.o)
 .text.__cxa_throw
                0x00023ac8       0x80 c:/fehqt/proteus/gcc/bin/../lib/gcc/arm-none-eabi/4.6.2/../../../../arm-none-eabi/lib/armv7e-m\libsupc++.a(eh_throw.o)
                0x00023ac8                __cxa_throw
 .text.__cxa_rethrow
                0x00023b48       0x78 c:/fehqt/proteus/gcc/bin/../lib/gcc/arm-none-eabi/4.6.2/../../../../arm-none-eabi/lib/armv7e-m\libsupc++.a(eh_throw.o)
                0x00023b48                __cxa_rethrow
 .text._ZN10__cxxabiv123__fundamental_type_infoD2Ev
                0x00023bc0       0x14 c:/fehqt/proteus/gcc/bin/../lib/gcc/arm-none-eabi/4.6.2/../../../../arm-none-eabi/lib/armv7e-m\libsupc++.a(fundamental_type_info.o)
                0x00023bc0                __cxxabiv1::__fundamental_type_info::~__fundamental_type_info()
                0x00023bc0                __cxxabiv1::__fundamental_type_info::~__fundamental_type_info()
 .text._ZN10__cxxabiv123__fundamental_type_infoD0Ev
                0x00023bd4       0x1c c:/fehqt/proteus/gcc/bin/../lib/gcc/arm-none-eabi/4.6.2/../../../../arm-none-eabi/lib/armv7e-m\libsupc++.a(fundamental_type_info.o)
                0x00023bd4                __cxxabiv1::__fundamental_type_info::~__fundamental_type_info()
 .text._ZNK10__cxxabiv119__pointer_type_info14__is_pointer_pEv
                0x00023bf0        0x4 c:/fehqt/proteus/gcc/bin/../lib/gcc/arm-none-eabi/4.6.2/../../../../arm-none-eabi/lib/armv7e-m\libsupc++.a(pointer_type_info.o)
                0x00023bf0                __cxxabiv1::__pointer_type_info::__is_pointer_p() const
 .text._ZN10__cxxabiv119__pointer_type_infoD2Ev
                0x00023bf4       0x14 c:/fehqt/proteus/gcc/bin/../lib/gcc/arm-none-eabi/4.6.2/../../../../arm-none-eabi/lib/armv7e-m\libsupc++.a(pointer_type_info.o)
                0x00023bf4                __cxxabiv1::__pointer_type_info::~__pointer_type_info()
                0x00023bf4                __cxxabiv1::__pointer_type_info::~__pointer_type_info()
 .text._ZN10__cxxabiv119__pointer_type_infoD0Ev
                0x00023c08       0x1c c:/fehqt/proteus/gcc/bin/../lib/gcc/arm-none-eabi/4.6.2/../../../../arm-none-eabi/lib/armv7e-m\libsupc++.a(pointer_type_info.o)
                0x00023c08                __cxxabiv1::__pointer_type_info::~__pointer_type_info()
 .text._ZNK10__cxxabiv119__pointer_type_info15__pointer_catchEPKNS_17__pbase_type_infoEPPvj
                0x00023c24       0x44 c:/fehqt/proteus/gcc/bin/../lib/gcc/arm-none-eabi/4.6.2/../../../../arm-none-eabi/lib/armv7e-m\libsupc++.a(pointer_type_info.o)
                0x00023c24                __cxxabiv1::__pointer_type_info::__pointer_catch(__cxxabiv1::__pbase_type_info const*, void**, unsigned int) const
 .text._ZN10__cxxabiv120__si_class_type_infoD2Ev
                0x00023c68       0x14 c:/fehqt/proteus/gcc/bin/../lib/gcc/arm-none-eabi/4.6.2/../../../../arm-none-eabi/lib/armv7e-m\libsupc++.a(si_class_type_info.o)
                0x00023c68                __cxxabiv1::__si_class_type_info::~__si_class_type_info()
                0x00023c68                __cxxabiv1::__si_class_type_info::~__si_class_type_info()
 .text._ZN10__cxxabiv120__si_class_type_infoD0Ev
                0x00023c7c       0x1c c:/fehqt/proteus/gcc/bin/../lib/gcc/arm-none-eabi/4.6.2/../../../../arm-none-eabi/lib/armv7e-m\libsupc++.a(si_class_type_info.o)
                0x00023c7c                __cxxabiv1::__si_class_type_info::~__si_class_type_info()
 .text._ZNK10__cxxabiv120__si_class_type_info11__do_upcastEPKNS_17__class_type_infoEPKvRNS1_15__upcast_resultE
                0x00023c98       0x24 c:/fehqt/proteus/gcc/bin/../lib/gcc/arm-none-eabi/4.6.2/../../../../arm-none-eabi/lib/armv7e-m\libsupc++.a(si_class_type_info.o)
                0x00023c98                __cxxabiv1::__si_class_type_info::__do_upcast(__cxxabiv1::__class_type_info const*, void const*, __cxxabiv1::__class_type_info::__upcast_result&) const
 .text._ZNK10__cxxabiv120__si_class_type_info12__do_dyncastEiNS_17__class_type_info10__sub_kindEPKS1_PKvS4_S6_RNS1_16__dyncast_resultE
                0x00023cbc       0x94 c:/fehqt/proteus/gcc/bin/../lib/gcc/arm-none-eabi/4.6.2/../../../../arm-none-eabi/lib/armv7e-m\libsupc++.a(si_class_type_info.o)
                0x00023cbc                __cxxabiv1::__si_class_type_info::__do_dyncast(int, __cxxabiv1::__class_type_info::__sub_kind, __cxxabiv1::__class_type_info const*, void const*, __cxxabiv1::__class_type_info const*, void const*, __cxxabiv1::__class_type_info::__dyncast_result&) const
 .text._ZNK10__cxxabiv120__si_class_type_info20__do_find_public_srcEiPKvPKNS_17__class_type_infoES2_
                0x00023d50       0x34 c:/fehqt/proteus/gcc/bin/../lib/gcc/arm-none-eabi/4.6.2/../../../../arm-none-eabi/lib/armv7e-m\libsupc++.a(si_class_type_info.o)
                0x00023d50                __cxxabiv1::__si_class_type_info::__do_find_public_src(int, void const*, __cxxabiv1::__class_type_info const*, void const*) const
 .text._ZNSt9type_infoD2Ev
                0x00023d84        0xc c:/fehqt/proteus/gcc/bin/../lib/gcc/arm-none-eabi/4.6.2/../../../../arm-none-eabi/lib/armv7e-m\libsupc++.a(tinfo.o)
                0x00023d84                std::type_info::~type_info()
                0x00023d84                std::type_info::~type_info()
 .text._ZNKSt9type_info14__is_pointer_pEv
                0x00023d90        0x4 c:/fehqt/proteus/gcc/bin/../lib/gcc/arm-none-eabi/4.6.2/../../../../arm-none-eabi/lib/armv7e-m\libsupc++.a(tinfo.o)
                0x00023d90                std::type_info::__is_pointer_p() const
 .text._ZNKSt9type_info15__is_function_pEv
                0x00023d94        0x4 c:/fehqt/proteus/gcc/bin/../lib/gcc/arm-none-eabi/4.6.2/../../../../arm-none-eabi/lib/armv7e-m\libsupc++.a(tinfo.o)
                0x00023d94                std::type_info::__is_function_p() const
 .text._ZNKSt9type_info11__do_upcastEPKN10__cxxabiv117__class_type_infoEPPv
                0x00023d98        0x4 c:/fehqt/proteus/gcc/bin/../lib/gcc/arm-none-eabi/4.6.2/../../../../arm-none-eabi/lib/armv7e-m\libsupc++.a(tinfo.o)
                0x00023d98                std::type_info::__do_upcast(__cxxabiv1::__class_type_info const*, void**) const
 .text._ZNSt9type_infoD0Ev
                0x00023d9c       0x14 c:/fehqt/proteus/gcc/bin/../lib/gcc/arm-none-eabi/4.6.2/../../../../arm-none-eabi/lib/armv7e-m\libsupc++.a(tinfo.o)
                0x00023d9c                std::type_info::~type_info()
 .text._ZNKSt9type_infoeqERKS_
                0x00023db0       0x30 c:/fehqt/proteus/gcc/bin/../lib/gcc/arm-none-eabi/4.6.2/../../../../arm-none-eabi/lib/armv7e-m\libsupc++.a(tinfo.o)
                0x00023db0                std::type_info::operator==(std::type_info const&) const
 .text._ZNKSt9type_info10__do_catchEPKS_PPvj
                0x00023de0        0x4 c:/fehqt/proteus/gcc/bin/../lib/gcc/arm-none-eabi/4.6.2/../../../../arm-none-eabi/lib/armv7e-m\libsupc++.a(tinfo.o)
                0x00023de0                std::type_info::__do_catch(std::type_info const*, void**, unsigned int) const
 .text._ZNKSt10bad_typeid4whatEv
                0x00023de4        0xc c:/fehqt/proteus/gcc/bin/../lib/gcc/arm-none-eabi/4.6.2/../../../../arm-none-eabi/lib/armv7e-m\libsupc++.a(bad_typeid.o)
                0x00023de4                std::bad_typeid::what() const
 .text._ZNSt10bad_typeidD2Ev
                0x00023df0       0x14 c:/fehqt/proteus/gcc/bin/../lib/gcc/arm-none-eabi/4.6.2/../../../../arm-none-eabi/lib/armv7e-m\libsupc++.a(bad_typeid.o)
                0x00023df0                std::bad_typeid::~bad_typeid()
                0x00023df0                std::bad_typeid::~bad_typeid()
 .text._ZNSt10bad_typeidD0Ev
                0x00023e04       0x1c c:/fehqt/proteus/gcc/bin/../lib/gcc/arm-none-eabi/4.6.2/../../../../arm-none-eabi/lib/armv7e-m\libsupc++.a(bad_typeid.o)
                0x00023e04                std::bad_typeid::~bad_typeid()
 .text._ZNK10__cxxabiv117__pbase_type_info15__pointer_catchEPKS0_PPvj
                0x00023e20       0x10 c:/fehqt/proteus/gcc/bin/../lib/gcc/arm-none-eabi/4.6.2/../../../../arm-none-eabi/lib/armv7e-m\libsupc++.a(pbase_type_info.o)
                0x00023e20                __cxxabiv1::__pbase_type_info::__pointer_catch(__cxxabiv1::__pbase_type_info const*, void**, unsigned int) const
 .text._ZN10__cxxabiv117__pbase_type_infoD2Ev
                0x00023e30       0x14 c:/fehqt/proteus/gcc/bin/../lib/gcc/arm-none-eabi/4.6.2/../../../../arm-none-eabi/lib/armv7e-m\libsupc++.a(pbase_type_info.o)
                0x00023e30                __cxxabiv1::__pbase_type_info::~__pbase_type_info()
                0x00023e30                __cxxabiv1::__pbase_type_info::~__pbase_type_info()
 .text._ZN10__cxxabiv117__pbase_type_infoD0Ev
                0x00023e44       0x1c c:/fehqt/proteus/gcc/bin/../lib/gcc/arm-none-eabi/4.6.2/../../../../arm-none-eabi/lib/armv7e-m\libsupc++.a(pbase_type_info.o)
                0x00023e44                __cxxabiv1::__pbase_type_info::~__pbase_type_info()
 .text._ZNK10__cxxabiv117__pbase_type_info10__do_catchEPKSt9type_infoPPvj
                0x00023e60       0x68 c:/fehqt/proteus/gcc/bin/../lib/gcc/arm-none-eabi/4.6.2/../../../../arm-none-eabi/lib/armv7e-m\libsupc++.a(pbase_type_info.o)
                0x00023e60                __cxxabiv1::__pbase_type_info::__do_catch(std::type_info const*, void**, unsigned int) const
 .text.abort    0x00023ec8       0x24 C:\fehqt\Proteus/EWL/lib/armv7e-m\libc.a(abort.o)
                0x00023ec8                abort
 .text.sbrk     0x00023eec       0x28 C:\fehqt\Proteus/EWL/lib/armv7e-m\libc.a(alloc.o)
                0x00023eec                sbrk
 .text.malloc   0x00023f14      0x110 C:\fehqt\Proteus/EWL/lib/armv7e-m\libc.a(alloc.o)
                0x00023f14                malloc
 .text.free     0x00024024       0x10 C:\fehqt\Proteus/EWL/lib/armv7e-m\libc.a(alloc.o)
                0x00024024                free
 .text.raise    0x00024034       0x3c C:\fehqt\Proteus/EWL/lib/armv7e-m\libc.a(raise.o)
                0x00024034                raise
 *(.rodata)
 .rodata        0x00024070       0x34 ..\main.o
 .rodata        0x000240a4       0x78 Libraries\FEHIO.o
 .rodata        0x0002411c       0x34 Libraries\FEHLCD.o
 .rodata        0x00024150      0x238 Libraries\FEHRPS.o
 *(.rodata*)
 .rodata._ZTV6StateF
                0x00024388       0x10 ..\main.o
                0x00024388                vtable for StateF
 .rodata._ZTV7StateFF
                0x00024398       0x10 ..\main.o
                0x00024398                vtable for StateFF
 .rodata._ZTV8StateFFI
                0x000243a8       0x10 ..\main.o
                0x000243a8                vtable for StateFFI
 .rodata._ZTV8StateVFI
                0x000243b8       0x10 ..\main.o
                0x000243b8                vtable for StateVFI
 .rodata._ZTV8StateVFF
                0x000243c8       0x10 ..\main.o
                0x000243c8                vtable for StateVFF
 .rodata._ZTV9StateVFFI
                0x000243d8       0x10 ..\main.o
                0x000243d8                vtable for StateVFFI
 .rodata._ZTV10StateVFFII
                0x000243e8       0x10 ..\main.o
                0x000243e8                vtable for StateVFFII
 .rodata._ZTV9StateVoid
                0x000243f8       0x10 ..\main.o
                0x000243f8                vtable for StateVoid
 .rodata._ZTV5State
                0x00024408       0x10 ..\main.o
                0x00024408                vtable for State
 .rodata._ZTS6StateF
                0x00024418        0x8 ..\main.o
                0x00024418                typeinfo name for StateF
 .rodata._ZTI6StateF
                0x00024420        0xc ..\main.o
                0x00024420                typeinfo for StateF
 .rodata._ZTS7StateFF